[{"stream_name":"stderr","time":6.940895177,"data":"/usr/local/lib/python3.12/dist-packages/nbformat/__init__.py:96: MissingIDFieldWarning: Cell is missing an id field, this will become a hard error in future nbformat versions. You may want to use `normalize()` on your notebooks before validations (available since nbformat 5.1.4). Previous versions of nbformat are fixing this issue transparently, and will stop doing so in the future.\n"}
,{"stream_name":"stderr","time":6.940948099,"data":"  validate(nb)\n"}
,{"stream_name":"stderr","time":7.876798579,"data":"0.00s - Debugger warning: It seems that frozen modules are being used, which may\n"}
,{"stream_name":"stderr","time":7.876843537,"data":"0.00s - make the debugger miss breakpoints. Please pass -Xfrozen_modules=off\n"}
,{"stream_name":"stderr","time":7.87685021,"data":"0.00s - to python to disable frozen modules.\n"}
,{"stream_name":"stderr","time":7.876855281,"data":"0.00s - Note: Debugging will proceed. Set PYDEVD_DISABLE_FILE_VALIDATION=1 to disable this validation.\n"}
,{"stream_name":"stderr","time":8.550750706,"data":"0.00s - Debugger warning: It seems that frozen modules are being used, which may\n"}
,{"stream_name":"stderr","time":8.550786432,"data":"0.00s - make the debugger miss breakpoints. Please pass -Xfrozen_modules=off\n"}
,{"stream_name":"stderr","time":8.550798275,"data":"0.00s - to python to disable frozen modules.\n"}
,{"stream_name":"stderr","time":8.550801669,"data":"0.00s - Note: Debugging will proceed. Set PYDEVD_DISABLE_FILE_VALIDATION=1 to disable this validation.\n"}
,{"stream_name":"stdout","time":15.100353796,"data":"0 Tesla T4 (7, 5) 14.6 GiB\n"}
,{"stream_name":"stdout","time":15.100391434,"data":"1 Tesla T4 (7, 5) 14.6 GiB\n"}
,{"stream_name":"stdout","time":15.100398448,"data":"torch 2.10.0+cu128 | python 3.12.13\n"}
,{"stream_name":"stdout","time":15.118713164,"data":"           patch_len = 6\n"}
,{"stream_name":"stdout","time":15.118738498999999,"data":"             stem_ch = 96\n"}
,{"stream_name":"stdout","time":15.118744582,"data":"        dense_growth = 32\n"}
,{"stream_name":"stdout","time":15.118749623,"data":"        dense_layers = 3\n"}
,{"stream_name":"stdout","time":15.118754695,"data":"       incep_modules = 2\n"}
,{"stream_name":"stdout","time":15.118759003,"data":"        fire_modules = 3\n"}
,{"stream_name":"stdout","time":15.118763238,"data":"             dropout = 0.1\n"}
,{"stream_name":"stdout","time":15.118767937,"data":"         num_classes = 16\n"}
,{"stream_name":"stdout","time":15.118772291,"data":"          n_features = 66\n"}
,{"stream_name":"stdout","time":15.118776613,"data":"                 lam = 1.0\n"}
,{"stream_name":"stdout","time":15.118786875,"data":"       select_metric = accuracy\n"}
,{"stream_name":"stdout","time":15.118790832,"data":"                  lr = 0.001\n"}
,{"stream_name":"stdout","time":15.118793836,"data":"         lr_schedule = cosine\n"}
,{"stream_name":"stdout","time":15.118796909,"data":"              lr_min = 1e-05\n"}
,{"stream_name":"stdout","time":15.118799877,"data":"        weight_decay = 0.0001\n"}
,{"stream_name":"stdout","time":15.118802889,"data":"        local_epochs = 1\n"}
,{"stream_name":"stdout","time":15.118805866,"data":"              rounds = 50\n"}
,{"stream_name":"stdout","time":15.118808989,"data":"                clip = 1.0\n"}
,{"stream_name":"stdout","time":15.118826922,"data":"                seed = 42\n"}
,{"stream_name":"stdout","time":15.118832723,"data":"           n_clients = 100\n"}
,{"stream_name":"stdout","time":15.118837775,"data":"               batch = 256\n"}
,{"stream_name":"stdout","time":15.118842852,"data":"          eval_batch = 16384\n"}
,{"stream_name":"stdout","time":15.118858718,"data":"              device = cuda\n"}
,{"stream_name":"stdout","time":15.118862543,"data":"          world_size = 2\n"}
,{"stream_name":"stdout","time":15.118865828,"data":"             compile = True\n"}
,{"stream_name":"stdout","time":15.11886919,"data":"max_skips_per_client = 16\n"}
,{"stream_name":"stdout","time":15.118872481,"data":"        preds_rounds = [50]\n"}
,{"stream_name":"stdout","time":15.118875788,"data":"finalize_reserve_seconds = 900\n"}
,{"stream_name":"stdout","time":15.118879614,"data":"            run_name = perfedskd_100c\n"}
,{"stream_name":"stdout","time":15.118883503,"data":"               cache = /kaggle/temp/veremi_cache\n"}
,{"stream_name":"stdout","time":15.118887245,"data":"         max_seconds = 42300.0\n"}
,{"stream_name":"stdout","time":15.118890898,"data":"      require_resume = True\n"}
,{"stream_name":"stdout","time":15.137529954,"data":"Writing /kaggle/working/proj/model.py\n"}
,{"stream_name":"stdout","time":15.163196024,"data":"Writing /kaggle/working/proj/ckpt.py\n"}
,{"stream_name":"stdout","time":15.179615247,"data":"Writing /kaggle/working/proj/metrics.py\n"}
,{"stream_name":"stdout","time":15.196813612,"data":"Writing /kaggle/working/proj/data.py\n"}
,{"stream_name":"stdout","time":15.219321303,"data":"Writing /kaggle/working/proj/perfedskd.py\n"}
,{"stream_name":"stdout","time":15.237416686,"data":"Writing /kaggle/working/proj/evaluate.py\n"}
,{"stream_name":"stdout","time":15.269515127,"data":"Writing /kaggle/working/proj/driver.py\n"}
,{"stream_name":"stdout","time":15.297259429,"data":"Writing /kaggle/working/proj/verify.py\n"}
,{"stream_name":"stderr","time":17.222774169,"data":"\u001b[34m\u001b[1mwandb\u001b[0m: \u001b[33mWARNING\u001b[0m If you're specifying your api key in code, ensure this code is not shared publicly.\n"}
,{"stream_name":"stderr","time":17.222802078,"data":"\u001b[34m\u001b[1mwandb\u001b[0m: \u001b[33mWARNING\u001b[0m Consider setting the WANDB_API_KEY environment variable, or running `wandb login` from the command line.\n"}
,{"stream_name":"stderr","time":17.222809053,"data":"\n"}
,{"stream_name":"stderr","time":17.22281447,"data":"\u001b[34m\u001b[1mwandb\u001b[0m: \u001b[33mWARNING\u001b[0m If you're specifying your api key in code, ensure this code is not shared publicly.\n"}
,{"stream_name":"stderr","time":17.222821055,"data":"\u001b[34m\u001b[1mwandb\u001b[0m: \u001b[33mWARNING\u001b[0m Consider setting the WANDB_API_KEY environment variable, or running `wandb login` from the command line.\n"}
,{"stream_name":"stderr","time":17.223983373,"data":"\u001b[34m\u001b[1mwandb\u001b[0m: [wandb.login()] Using explicit session credentials for https://api.wandb.ai.\n"}
,{"stream_name":"stderr","time":17.224006868,"data":"\n"}
,{"stream_name":"stderr","time":17.224011916,"data":"\u001b[34m\u001b[1mwandb\u001b[0m: [wandb.login()] Using explicit session credentials for https://api.wandb.ai.\n"}
,{"stream_name":"stderr","time":17.224788914,"data":"\u001b[34m\u001b[1mwandb\u001b[0m: No netrc file found, creating one.\n"}
,{"stream_name":"stderr","time":17.224807892,"data":"\n"}
,{"stream_name":"stderr","time":17.224812882,"data":"\u001b[34m\u001b[1mwandb\u001b[0m: No netrc file found, creating one.\n"}
,{"stream_name":"stderr","time":17.225675689,"data":"\u001b[34m\u001b[1mwandb\u001b[0m: Appending key for api.wandb.ai to your netrc file: /root/.netrc\n"}
,{"stream_name":"stderr","time":17.225693569,"data":"\n"}
,{"stream_name":"stderr","time":17.225698162,"data":"\u001b[34m\u001b[1mwandb\u001b[0m: Appending key for api.wandb.ai to your netrc file: /root/.netrc\n"}
,{"stream_name":"stderr","time":17.550846051,"data":"\u001b[34m\u001b[1mwandb\u001b[0m: Currently logged in as: \u001b[33mminhtriet\u001b[0m (\u001b[33m21522798-uit\u001b[0m) to \u001b[32mhttps://api.wandb.ai\u001b[0m. Use \u001b[1m`wandb login --relogin`\u001b[0m to force relogin\n"}
,{"stream_name":"stderr","time":17.550879427,"data":"\n"}
,{"stream_name":"stderr","time":17.550884215,"data":"\u001b[34m\u001b[1mwandb\u001b[0m: Currently logged in as: \u001b[33mminhtriet\u001b[0m (\u001b[33m21522798-uit\u001b[0m) to \u001b[32mhttps://api.wandb.ai\u001b[0m. Use \u001b[1m`wandb login --relogin`\u001b[0m to force relogin\n"}
,{"stream_name":"stderr","time":19.736808331,"data":"\u001b[34m\u001b[1mwandb\u001b[0m: Tracking run with wandb version 0.26.1\n"}
,{"stream_name":"stderr","time":19.736837689,"data":"\n"}
,{"stream_name":"stderr","time":19.736842777,"data":"\u001b[34m\u001b[1mwandb\u001b[0m: Tracking run with wandb version 0.26.1\n"}
,{"stream_name":"stderr","time":19.738167105,"data":"\u001b[34m\u001b[1mwandb\u001b[0m: Run data is saved locally in \u001b[35m\u001b[1m/kaggle/working/wandb/run-20260923_020808-perfedskd_100c\u001b[0m\n"}
,{"stream_name":"stderr","time":19.7381896,"data":"\u001b[34m\u001b[1mwandb\u001b[0m: Run \u001b[1m`wandb offline`\u001b[0m to turn off syncing.\n"}
,{"stream_name":"stderr","time":19.738199591,"data":"\n"}
,{"stream_name":"stderr","time":19.738204469,"data":"\u001b[34m\u001b[1mwandb\u001b[0m: Run data is saved locally in \u001b[35m\u001b[1m/kaggle/working/wandb/run-20260923_020808-perfedskd_100c\u001b[0m\n"}
,{"stream_name":"stderr","time":19.73820978,"data":"\u001b[34m\u001b[1mwandb\u001b[0m: Run \u001b[1m`wandb offline`\u001b[0m to turn off syncing.\n"}
,{"stream_name":"stderr","time":19.739240605,"data":"\u001b[34m\u001b[1mwandb\u001b[0m: Resuming run \u001b[33mperfedskd_100c\u001b[0m\n"}
,{"stream_name":"stderr","time":19.739258952,"data":"\n"}
,{"stream_name":"stderr","time":19.739263653,"data":"\u001b[34m\u001b[1mwandb\u001b[0m: Resuming run \u001b[33mperfedskd_100c\u001b[0m\n"}
,{"stream_name":"stderr","time":19.740357748,"data":"\u001b[34m\u001b[1mwandb\u001b[0m: ⭐️ View project at \u001b[34m\u001b[4mhttps://wandb.ai/21522798-uit/perfedskd-veremi\u001b[0m\n"}
,{"stream_name":"stderr","time":19.740384171,"data":"\n"}
,{"stream_name":"stderr","time":19.740389138,"data":"\u001b[34m\u001b[1mwandb\u001b[0m: ⭐️ View project at \u001b[34m\u001b[4mhttps://wandb.ai/21522798-uit/perfedskd-veremi\u001b[0m\n"}
,{"stream_name":"stderr","time":19.741412587,"data":"\u001b[34m\u001b[1mwandb\u001b[0m: 🚀 View run at \u001b[34m\u001b[4mhttps://wandb.ai/21522798-uit/perfedskd-veremi/runs/perfedskd_100c\u001b[0m\n"}
,{"stream_name":"stderr","time":19.741430013,"data":"\n"}
,{"stream_name":"stderr","time":19.741435029,"data":"\u001b[34m\u001b[1mwandb\u001b[0m: 🚀 View run at \u001b[34m\u001b[4mhttps://wandb.ai/21522798-uit/perfedskd-veremi/runs/perfedskd_100c\u001b[0m\n"}
,{"stream_name":"stdout","time":21.315677642,"data":"W\u0026B: https://wandb.ai/21522798-uit/perfedskd-veremi/runs/perfedskd_100c\n"}
,{"stream_name":"stdout","time":23.318834131,"data":"FL root    : /kaggle/input/datasets/odixe0502/veremi-fl-100client/100_client\n"}
,{"stream_name":"stdout","time":23.318875884,"data":"test root  : /kaggle/input/datasets/odixe0502/veremi-nextgen2026-centralized/upload/test\n"}
,{"stream_name":"stdout","time":23.318899814,"data":"data_id    : 4723f6dbf7fa5f2e\n"}
,{"stream_name":"stdout","time":23.318903819,"data":"fingerprint: f923c7feb193d427\n"}
,{"stream_name":"stdout","time":28.146590008,"data":"[resume] /kaggle/input/datasets/khanhmay0304/perfedskd-100c-ckpt-s3/perfedskd_100c: 1 marker(s), verified to round 38, imported 38..38 (handoff bundle: chain 1..38 attested, verified locally before export)\n"}
,{"stream_name":"stdout","time":33.107854526,"data":"resume from round 38\n"}
,{"stream_name":"stdout","time":127.126533825,"data":"train (43045415, 66) max|x|=570.5\n"}
,{"stream_name":"stdout","time":168.907681969,"data":"test  (10761343, 66) max|x|=570.5\n"}
,{"stream_name":"stdout","time":169.80770639,"data":"content_id : db2bbb68760a82ee\n"}
,{"stream_name":"stdout","time":169.807744952,"data":"prepack 136.9s | 43,045,415 train / 10,761,343 test rows\n"}
,{"stream_name":"stderr","time":194.886195678,"data":"W0923 02:11:05.342000 89 torch/_inductor/utils.py:1679] [0/0] Not enough SMs to use max_autotune_gemm mode\n"}
,{"stream_name":"stderr","time":194.886228446,"data":"W0923 02:11:05.342000 88 torch/_inductor/utils.py:1679] [0/0] Not enough SMs to use max_autotune_gemm mode\n"}
,{"stream_name":"stderr","time":195.088641796,"data":"W0923 02:11:05.342000 89 torch/_inductor/utils.py:1679] [0/0] Not enough SMs to use max_autotune_gemm mode\n"}
,{"stream_name":"stderr","time":195.088678653,"data":"W0923 02:11:05.342000 88 torch/_inductor/utils.py:1679] [0/0] Not enough SMs to use max_autotune_gemm mode\n"}
,{"stream_name":"stderr","time":195.088685607,"data":"\n"}
,{"stream_name":"stderr","time":195.088691286,"data":"W0923 02:11:05.342000 89 torch/_inductor/utils.py:1679] [0/0] Not enough SMs to use max_autotune_gemm mode\n"}
,{"stream_name":"stderr","time":195.08869708,"data":"W0923 02:11:05.342000 88 torch/_inductor/utils.py:1679] [0/0] Not enough SMs to use max_autotune_gemm mode\n"}
,{"stream_name":"stdout","time":305.138769608,"data":"[rank1] compile OK | student max|dlogit|=7.32e-04 rel|dgrad|=4.30e-03 flips 0/256 (0/244 decisive) | teacher max|dlogit|=4.88e-04 rel|dgrad|=0.00e+00 flips 0/256 (0/241 decisive)\n"}
,{"stream_name":"stdout","time":305.354588898,"data":"[rank1] compile OK | student max|dlogit|=7.32e-04 rel|dgrad|=4.30e-03 flips 0/256 (0/244 decisive) | teacher max|dlogit|=4.88e-04 rel|dgrad|=0.00e+00 flips 0/256 (0/241 decisive)\n"}
,{"stream_name":"stdout","time":305.666803504,"data":"[rank0] compile OK | student max|dlogit|=6.26e-04 rel|dgrad|=4.11e-03 flips 0/256 (0/244 decisive) | teacher max|dlogit|=4.88e-04 rel|dgrad|=0.00e+00 flips 0/256 (0/251 decisive)\n"}
,{"stream_name":"stdout","time":305.870178663,"data":"[rank0] compile OK | student max|dlogit|=6.26e-04 rel|dgrad|=4.11e-03 flips 0/256 (0/244 decisive) | teacher max|dlogit|=4.88e-04 rel|dgrad|=0.00e+00 flips 0/256 (0/251 decisive)\n"}
,{"stream_name":"stdout","time":321.735555467,"data":"[rank1] eval compile OK | max|dlogit|=7.32e-04 rel|dgrad|=0.00e+00 flips 12/16384 (0/15176 decisive)\n"}
,{"stream_name":"stdout","time":321.937393255,"data":"[rank1] eval compile OK | max|dlogit|=7.32e-04 rel|dgrad|=0.00e+00 flips 12/16384 (0/15176 decisive)\n"}
,{"stream_name":"stdout","time":322.3023035,"data":"[rank0] eval compile OK | max|dlogit|=7.32e-04 rel|dgrad|=0.00e+00 flips 7/16384 (0/15855 decisive)\n"}
,{"stream_name":"stdout","time":322.305390597,"data":"[rank0] eval compile OK | max|dlogit|=7.32e-04 rel|dgrad|=0.00e+00 flips 7/16384 (0/15855 decisive)\n"}
,{"stream_name":"stdout","time":322.305413597,"data":"[driver] 2 workers ready: train compiled, eval compiled (308s into the session)\n"}
,{"stream_name":"stdout","time":328.55979262,"data":"[resume] /kaggle/input/datasets/khanhmay0304/perfedskd-100c-ckpt-s3/perfedskd_100c: 1 marker(s), verified to round 38, imported 38..38 (handoff bundle: chain 1..38 attested, verified locally before export)\n"}
,{"stream_name":"stdout","time":337.814397769,"data":"[driver] resumed at round 39 with |S| = 48 selected devices\n"}
,{"stream_name":"stdout","time":2440.29860143,"data":"[r039] f1_macro mean=0.529421 std=0.0511 min=0.3535 acc=0.527460 | global f1=0.587891 acc=0.554747 | |S|=48-\u003e49 tau=0.527460 | lr=1.28e-04 ce=0.0237 kd=0.0184 skip=59/168200 train=736s eval=1362s vram=7.01G 2101.6s | session 0.67h\n"}
,{"stream_name":"stdout","time":4434.67097894,"data":"[r040] f1_macro mean=0.544438 std=0.0446 min=0.4449 acc=0.538600 | global f1=0.601212 acc=0.560965 | |S|=49-\u003e52 tau=0.538600 | lr=1.08e-04 ce=0.0256 kd=0.0198 skip=66/168200 train=630s eval=1361s vram=7.15G 1994.3s | session 1.23h\n"}
,{"stream_name":"stdout","time":6395.571835009,"data":"[r041] f1_macro mean=0.554535 std=0.0476 min=0.4529 acc=0.545505 | global f1=0.599355 acc=0.566199 | |S|=52-\u003e46 tau=0.545505 | lr=9.01e-05 ce=0.0286 kd=0.0218 skip=78/168200 train=599s eval=1359s vram=7.15G 1960.9s | session 1.77h\n"}
,{"stream_name":"stdout","time":8316.912700936,"data":"[r042] f1_macro mean=0.560496 std=0.0465 min=0.4262 acc=0.549980 | global f1=0.600941 acc=0.562233 | |S|=46-\u003e44 tau=0.549980 | lr=7.37e-05 ce=0.0284 kd=0.0210 skip=74/168200 train=558s eval=1360s vram=7.05G 1921.3s | session 2.31h\n"}
,{"stream_name":"stdout","time":10349.075797927,"data":"[r043] f1_macro mean=0.570138 std=0.0427 min=0.4788 acc=0.556686 | global f1=0.610923 acc=0.564529 | |S|=44-\u003e49 tau=0.556686 | lr=5.90e-05 ce=0.0320 kd=0.0236 skip=72/168200 train=668s eval=1360s vram=7.05G 2032.1s | session 2.87h\n"}
,{"stream_name":"stdout","time":12347.579035518,"data":"[r044] f1_macro mean=0.576522 std=0.0451 min=0.4181 acc=0.561726 | global f1=0.620027 acc=0.573065 | |S|=49-\u003e44 tau=0.561726 | lr=4.62e-05 ce=0.0366 kd=0.0269 skip=74/168200 train=636s eval=1359s vram=7.05G 1998.5s | session 3.43h\n"}
,{"stream_name":"stdout","time":14307.255223329,"data":"[r045] f1_macro mean=0.584698 std=0.0395 min=0.4865 acc=0.569434 | global f1=0.623529 acc=0.579424 | |S|=44-\u003e42 tau=0.569434 | lr=3.52e-05 ce=0.0370 kd=0.0262 skip=76/168200 train=597s eval=1359s vram=7.05G 1959.6s | session 3.97h\n"}
,{"stream_name":"stdout","time":16263.257203971,"data":"[r046] f1_macro mean=0.588763 std=0.0457 min=0.4599 acc=0.573936 | global f1=0.614945 acc=0.579376 | |S|=42-\u003e47 tau=0.573936 | lr=2.62e-05 ce=0.0464 kd=0.0343 skip=71/168200 train=594s eval=1359s vram=7.05G 1956.0s | session 4.51h\n"}
,{"stream_name":"stdout","time":18216.682517218,"data":"[r047] f1_macro mean=0.601658 std=0.0462 min=0.4941 acc=0.586072 | global f1=0.644305 acc=0.605329 | |S|=47-\u003e48 tau=0.586072 | lr=1.91e-05 ce=0.0565 kd=0.0429 skip=81/168200 train=591s eval=1359s vram=7.05G 1953.4s | session 5.06h\n"}
,{"stream_name":"stdout","time":20173.705711177,"data":"[r048] f1_macro mean=0.621479 std=0.0479 min=0.4461 acc=0.603661 | global f1=0.637453 acc=0.615846 | |S|=48-\u003e55 tau=0.603661 | lr=1.41e-05 ce=0.0706 kd=0.0531 skip=89/168200 train=595s eval=1359s vram=7.05G 1957.0s | session 5.60h\n"}
,{"stream_name":"stdout","time":22180.177293261,"data":"[r049] f1_macro mean=0.641454 std=0.0447 min=0.5226 acc=0.622868 | global f1=0.684476 acc=0.655123 | |S|=55-\u003e51 tau=0.622868 | lr=1.10e-05 ce=0.0982 kd=0.0763 skip=102/168200 train=644s eval=1359s vram=7.05G 2006.4s | session 6.16h\n"}
,{"stream_name":"stdout","time":24300.7657338,"data":"[r050] f1_macro mean=0.654114 std=0.0393 min=0.5323 acc=0.635363 | global f1=0.687057 acc=0.662669 | |S|=51-\u003e47 tau=0.635363 | lr=1.00e-05 ce=0.0958 kd=0.0634 skip=94/168200 train=748s eval=1363s vram=7.05G 2120.5s | session 6.75h\n"}
,{"stream_name":"stdout","time":24305.517688735,"data":"\n"}
,{"stream_name":"stdout","time":24305.517727397,"data":"completed 12 rounds this session\n"}
,{"stream_name":"stdout","time":24426.403356199,"data":"run      : /kaggle/working/runs/perfedskd_100c\n"}
,{"stream_name":"stdout","time":24426.403396673,"data":"complete : rounds 38..50   (mode: full)   [handoff bundle: rounds 1..38 attested by reports/handoff.json]\n"}
,{"stream_name":"stdout","time":24426.403403093,"data":"artifacts: 1 prediction files, 13 client logs\n"}
,{"stream_name":"stdout","time":24426.4034184,"data":"  all artifact checks passed\n"}
,{"stream_name":"stderr","time":24457.052906278,"data":"\u001b[34m\u001b[1mwandb\u001b[0m: updating run metadata\n"}
,{"stream_name":"stderr","time":24457.052951356,"data":"\n"}
,{"stream_name":"stderr","time":24457.052956934,"data":"\u001b[34m\u001b[1mwandb\u001b[0m: updating run metadata\n"}
,{"stream_name":"stdout","time":24457.134596823,"data":"\n"}
,{"stream_name":"stdout","time":24457.134635055,"data":"rounds verified : 50 / 50\n"}
,{"stream_name":"stdout","time":24457.134642227,"data":"\n"}
,{"stream_name":"stdout","time":24457.134647389,"data":"result at round 50 (mean over 100 personalized models; std / min / max of f1_macro 0.0393 / 0.5323 / 0.7453):\n"}
,{"stream_name":"stdout","time":24457.134652686,"data":"  accuracy             0.635363   server aggregate 0.662669\n"}
,{"stream_name":"stdout","time":24457.134663972,"data":"  precision_macro      0.677391   server aggregate 0.668542\n"}
,{"stream_name":"stdout","time":24457.134668185,"data":"  precision_micro      0.635363   server aggregate 0.662669\n"}
,{"stream_name":"stdout","time":24457.134671839,"data":"  precision_weighted   0.722823   server aggregate 0.720992\n"}
,{"stream_name":"stdout","time":24457.134675217,"data":"  recall_macro         0.706015   server aggregate 0.749247\n"}
,{"stream_name":"stdout","time":24457.134678929,"data":"  recall_micro         0.635363   server aggregate 0.662669\n"}
,{"stream_name":"stdout","time":24457.134682343,"data":"  recall_weighted      0.635363   server aggregate 0.662669\n"}
,{"stream_name":"stdout","time":24457.134685541,"data":"  f1_macro             0.654114   server aggregate 0.687057\n"}
,{"stream_name":"stdout","time":24457.134688727,"data":"  f1_micro             0.635363   server aggregate 0.662669\n"}
,{"stream_name":"stdout","time":24457.134691916,"data":"  f1_weighted          0.631484   server aggregate 0.658840\n"}
,{"stream_name":"stdout","time":24457.134695187,"data":"\n"}
,{"stream_name":"stdout","time":24457.134698307,"data":"selection: |S| per round min 42 median 48 max 55 of 100; mean downlink+uplink saving 52.3% against broadcasting to every device\n"}
,{"stream_name":"stdout","time":24457.134701693,"data":"\n"}
,{"stream_name":"stdout","time":24457.134704748,"data":"[descriptive only] best mean f1_macro 0.654114 at round 50 — picked on test, not a reported result\n"}
,{"stream_name":"stdout","time":24457.134724224,"data":"\n"}
,{"stream_name":"stdout","time":24457.134730019,"data":"backend  : train compiled | eval compiled\n"}
,{"stream_name":"stdout","time":24457.134735517,"data":"session  : 12 round(s) here | startup+prepack+compile 8.0 min | verify and W\u0026B are outside this figure\n"}
,{"stream_name":"stdout","time":24457.13474184,"data":"timing   : rounds [1957, 2006, 2121]s | steady 1987s/round = train 624s + eval 1360s (100 clients + aggregate) + commit\n"}
,{"stream_name":"stdout","time":24457.134746972,"data":"VRAM     : train 7.15 GiB/GPU | eval 7.33 GiB/GPU (of 16)\n"}
,{"stream_name":"stdout","time":24457.134751617,"data":"projected: 50 rounds = 27.73 h (27.60 h of rounds + 0.13 h startup)\n"}
,{"stream_name":"stderr","time":24457.447652243,"data":"\u001b[34m\u001b[1mwandb\u001b[0m: uploading output.log; uploading wandb-summary.json; uploading config.yaml\n"}
,{"stream_name":"stderr","time":24457.447692383,"data":"\n"}
,{"stream_name":"stderr","time":24457.447697793,"data":"\u001b[34m\u001b[1mwandb\u001b[0m: uploading output.log; uploading wandb-summary.json; uploading config.yaml\n"}
,{"stream_name":"stderr","time":24457.951050294,"data":"\u001b[34m\u001b[1mwandb\u001b[0m: uploading history steps 49-49, summary, console lines 38-61\n"}
,{"stream_name":"stderr","time":24457.951099232,"data":"\n"}
,{"stream_name":"stderr","time":24457.951141952,"data":"\u001b[34m\u001b[1mwandb\u001b[0m: uploading history steps 49-49, summary, console lines 38-61\n"}
,{"stream_name":"stderr","time":24457.971146835,"data":"\u001b[34m\u001b[1mwandb\u001b[0m: \n"}
,{"stream_name":"stderr","time":24457.971174466,"data":"\u001b[34m\u001b[1mwandb\u001b[0m: Run history:\n"}
,{"stream_name":"stderr","time":24457.971179761,"data":"\u001b[34m\u001b[1mwandb\u001b[0m:       accuracy ▁▂▂▂▃▃▄▄▅▆▇█\n"}
,{"stream_name":"stderr","time":24457.971185116,"data":"\u001b[34m\u001b[1mwandb\u001b[0m:   accuracy_max ▁▃▃▂▃▂▇▇▆▆▇█\n"}
,{"stream_name":"stderr","time":24457.971189401,"data":"\u001b[34m\u001b[1mwandb\u001b[0m:   accuracy_min ▁▁▂▂▂▂▅▂▆▄██\n"}
,{"stream_name":"stderr","time":24457.971193469,"data":"\u001b[34m\u001b[1mwandb\u001b[0m:   accuracy_std ▆▆█▆▄▂▁▅▃▇▃▄\n"}
,{"stream_name":"stderr","time":24457.971197401,"data":"\u001b[34m\u001b[1mwandb\u001b[0m: ce_client_mean ▁▁▁▁▂▂▂▃▄▅██\n"}
,{"stream_name":"stderr","time":24457.971201337,"data":"\u001b[34m\u001b[1mwandb\u001b[0m:  comm_down_mib ▄▅▆▃▂▅▂▁▄▄█▆\n"}
,{"stream_name":"stderr","time":24457.971228071,"data":"\u001b[34m\u001b[1mwandb\u001b[0m:    comm_saving ▅▄▃▆▇▄▇█▅▅▁▃\n"}
,{"stream_name":"stderr","time":24457.971233466,"data":"\u001b[34m\u001b[1mwandb\u001b[0m:    comm_up_mib ▄▅▆▃▂▅▂▁▄▄█▆\n"}
,{"stream_name":"stderr","time":24457.971238153,"data":"\u001b[34m\u001b[1mwandb\u001b[0m:       eval_sec ▇▄▂▃▄▁▂▁▁▁▁█\n"}
,{"stream_name":"stderr","time":24457.971242148,"data":"\u001b[34m\u001b[1mwandb\u001b[0m:      evaluated ▁▁▁▁▁▁▁▁▁▁▁▁\n"}
,{"stream_name":"stderr","time":24457.971246534,"data":"\u001b[34m\u001b[1mwandb\u001b[0m:            +59 ...\n"}
,{"stream_name":"stderr","time":24457.971250968,"data":"\u001b[34m\u001b[1mwandb\u001b[0m: \n"}
,{"stream_name":"stderr","time":24457.971254902,"data":"\u001b[34m\u001b[1mwandb\u001b[0m: Run summary:\n"}
,{"stream_name":"stderr","time":24457.971259368,"data":"\u001b[34m\u001b[1mwandb\u001b[0m:       accuracy 0.63536\n"}
,{"stream_name":"stderr","time":24457.971263755,"data":"\u001b[34m\u001b[1mwandb\u001b[0m:   accuracy_max 0.76558\n"}
,{"stream_name":"stderr","time":24457.971267542,"data":"\u001b[34m\u001b[1mwandb\u001b[0m:   accuracy_min 0.48823\n"}
,{"stream_name":"stderr","time":24457.971271892,"data":"\u001b[34m\u001b[1mwandb\u001b[0m:   accuracy_std 0.05166\n"}
,{"stream_name":"stderr","time":24457.971276435,"data":"\u001b[34m\u001b[1mwandb\u001b[0m:        backend compiled\n"}
,{"stream_name":"stderr","time":24457.971280771,"data":"\u001b[34m\u001b[1mwandb\u001b[0m:   backend_eval compiled\n"}
,{"stream_name":"stderr","time":24457.971284913,"data":"\u001b[34m\u001b[1mwandb\u001b[0m: ce_client_mean 0.09579\n"}
,{"stream_name":"stderr","time":24457.971299615,"data":"\u001b[34m\u001b[1mwandb\u001b[0m:  comm_down_mib 77.49279\n"}
,{"stream_name":"stderr","time":24457.971304692,"data":"\u001b[34m\u001b[1mwandb\u001b[0m:    comm_saving 0.49\n"}
,{"stream_name":"stderr","time":24457.971309168,"data":"\u001b[34m\u001b[1mwandb\u001b[0m:    comm_up_mib 77.49279\n"}
,{"stream_name":"stderr","time":24457.971313624,"data":"\u001b[34m\u001b[1mwandb\u001b[0m:            +61 ...\n"}
,{"stream_name":"stderr","time":24457.971318026,"data":"\u001b[34m\u001b[1mwandb\u001b[0m: \n"}
,{"stream_name":"stderr","time":24457.971321791,"data":"\n"}
,{"stream_name":"stderr","time":24457.971325205,"data":"\u001b[34m\u001b[1mwandb\u001b[0m: \n"}
,{"stream_name":"stderr","time":24457.971328798,"data":"\u001b[34m\u001b[1mwandb\u001b[0m: Run history:\n"}
,{"stream_name":"stderr","time":24457.971345811,"data":"\u001b[34m\u001b[1mwandb\u001b[0m:       accuracy ▁▂▂▂▃▃▄▄▅▆▇█\n"}
,{"stream_name":"stderr","time":24457.97134986,"data":"\u001b[34m\u001b[1mwandb\u001b[0m:   accuracy_max ▁▃▃▂▃▂▇▇▆▆▇█\n"}
,{"stream_name":"stderr","time":24457.971353952,"data":"\u001b[34m\u001b[1mwandb\u001b[0m:   accuracy_min ▁▁▂▂▂▂▅▂▆▄██\n"}
,{"stream_name":"stderr","time":24457.971358538,"data":"\u001b[34m\u001b[1mwandb\u001b[0m:   accuracy_std ▆▆█▆▄▂▁▅▃▇▃▄\n"}
,{"stream_name":"stderr","time":24457.971362847,"data":"\u001b[34m\u001b[1mwandb\u001b[0m: ce_client_mean ▁▁▁▁▂▂▂▃▄▅██\n"}
,{"stream_name":"stderr","time":24457.971367135,"data":"\u001b[34m\u001b[1mwandb\u001b[0m:  comm_down_mib ▄▅▆▃▂▅▂▁▄▄█▆\n"}
,{"stream_name":"stderr","time":24457.971370684,"data":"\u001b[34m\u001b[1mwandb\u001b[0m:    comm_saving ▅▄▃▆▇▄▇█▅▅▁▃\n"}
,{"stream_name":"stderr","time":24457.971374623,"data":"\u001b[34m\u001b[1mwandb\u001b[0m:    comm_up_mib ▄▅▆▃▂▅▂▁▄▄█▆\n"}
,{"stream_name":"stderr","time":24457.971381062,"data":"\u001b[34m\u001b[1mwandb\u001b[0m:       eval_sec ▇▄▂▃▄▁▂▁▁▁▁█\n"}
,{"stream_name":"stderr","time":24457.97138543,"data":"\u001b[34m\u001b[1mwandb\u001b[0m:      evaluated ▁▁▁▁▁▁▁▁▁▁▁▁\n"}
,{"stream_name":"stderr","time":24457.971390094,"data":"\u001b[34m\u001b[1mwandb\u001b[0m:            +59 ...\n"}
,{"stream_name":"stderr","time":24457.971394088,"data":"\u001b[34m\u001b[1mwandb\u001b[0m: \n"}
,{"stream_name":"stderr","time":24457.971398538,"data":"\u001b[34m\u001b[1mwandb\u001b[0m: Run summary:\n"}
,{"stream_name":"stderr","time":24457.971403114,"data":"\u001b[34m\u001b[1mwandb\u001b[0m:       accuracy 0.63536\n"}
,{"stream_name":"stderr","time":24457.971407531,"data":"\u001b[34m\u001b[1mwandb\u001b[0m:   accuracy_max 0.76558\n"}
,{"stream_name":"stderr","time":24457.971411898,"data":"\u001b[34m\u001b[1mwandb\u001b[0m:   accuracy_min 0.48823\n"}
,{"stream_name":"stderr","time":24457.971416221,"data":"\u001b[34m\u001b[1mwandb\u001b[0m:   accuracy_std 0.05166\n"}
,{"stream_name":"stderr","time":24457.971420226,"data":"\u001b[34m\u001b[1mwandb\u001b[0m:        backend compiled\n"}
,{"stream_name":"stderr","time":24457.971425251,"data":"\u001b[34m\u001b[1mwandb\u001b[0m:   backend_eval compiled\n"}
,{"stream_name":"stderr","time":24457.97142947,"data":"\u001b[34m\u001b[1mwandb\u001b[0m: ce_client_mean 0.09579\n"}
,{"stream_name":"stderr","time":24457.971433402,"data":"\u001b[34m\u001b[1mwandb\u001b[0m:  comm_down_mib 77.49279\n"}
,{"stream_name":"stderr","time":24457.971437168,"data":"\u001b[34m\u001b[1mwandb\u001b[0m:    comm_saving 0.49\n"}
,{"stream_name":"stderr","time":24457.971441218,"data":"\u001b[34m\u001b[1mwandb\u001b[0m:    comm_up_mib 77.49279\n"}
,{"stream_name":"stderr","time":24457.971445284,"data":"\u001b[34m\u001b[1mwandb\u001b[0m:            +61 ...\n"}
,{"stream_name":"stderr","time":24457.9714492,"data":"\u001b[34m\u001b[1mwandb\u001b[0m: \n"}
,{"stream_name":"stderr","time":24457.972344909,"data":"\u001b[34m\u001b[1mwandb\u001b[0m: 🚀 View run \u001b[33mperfedskd_100c\u001b[0m at: \u001b[34m\u001b[4mhttps://wandb.ai/21522798-uit/perfedskd-veremi/runs/perfedskd_100c\u001b[0m\n"}
,{"stream_name":"stderr","time":24457.972364059,"data":"\u001b[34m\u001b[1mwandb\u001b[0m: ⭐️ View project at: \u001b[34m\u001b[4mhttps://wandb.ai/21522798-uit/perfedskd-veremi\u001b[0m\n"}
,{"stream_name":"stderr","time":24457.972368731,"data":"\u001b[34m\u001b[1mwandb\u001b[0m: Synced 5 W\u0026B file(s), 0 media file(s), 0 artifact file(s) and 0 other file(s)\n"}
,{"stream_name":"stderr","time":24457.97237866,"data":"\n"}
,{"stream_name":"stderr","time":24457.972382403,"data":"\u001b[34m\u001b[1mwandb\u001b[0m: 🚀 View run \u001b[33mperfedskd_100c\u001b[0m at: \u001b[34m\u001b[4mhttps://wandb.ai/21522798-uit/perfedskd-veremi/runs/perfedskd_100c\u001b[0m\n"}
,{"stream_name":"stderr","time":24457.972386797,"data":"\u001b[34m\u001b[1mwandb\u001b[0m: ⭐️ View project at: \u001b[34m\u001b[4mhttps://wandb.ai/21522798-uit/perfedskd-veremi\u001b[0m\n"}
,{"stream_name":"stderr","time":24457.972390924,"data":"\u001b[34m\u001b[1mwandb\u001b[0m: Synced 5 W\u0026B file(s), 0 media file(s), 0 artifact file(s) and 0 other file(s)\n"}
,{"stream_name":"stderr","time":24457.973429933,"data":"\u001b[34m\u001b[1mwandb\u001b[0m: Find logs at: \u001b[35m\u001b[1m./wandb/run-20260923_020808-perfedskd_100c/logs\u001b[0m\n"}
,{"stream_name":"stderr","time":24457.973448882,"data":"\n"}
,{"stream_name":"stderr","time":24457.973452881,"data":"\u001b[34m\u001b[1mwandb\u001b[0m: Find logs at: \u001b[35m\u001b[1m./wandb/run-20260923_020808-perfedskd_100c/logs\u001b[0m\n"}
,{"stream_name":"stderr","time":24464.107580258,"data":"/usr/local/lib/python3.12/dist-packages/mistune.py:435: SyntaxWarning: invalid escape sequence '\\|'\n"}
,{"stream_name":"stderr","time":24464.10762561,"data":"  cells[i][c] = re.sub('\\\\\\\\\\|', '|', cell)\n"}
,{"stream_name":"stderr","time":24464.419606543,"data":"/usr/local/lib/python3.12/dist-packages/nbconvert/filters/filter_links.py:36: SyntaxWarning: invalid escape sequence '\\_'\n"}
,{"stream_name":"stderr","time":24464.419642808,"data":"  text = re.sub(r'_', '\\_', text) # Escape underscores in display text\n"}
,{"stream_name":"stderr","time":24465.453611689,"data":"[NbConvertApp] Converting notebook __notebook__.ipynb to notebook\n"}
,{"stream_name":"stderr","time":24465.803217285,"data":"[NbConvertApp] Writing 179806 bytes to __notebook__.ipynb\n"}
,{"stream_name":"stderr","time":24468.386705352,"data":"[NbConvertApp] Converting notebook __notebook__.ipynb to html\n"}
,{"stream_name":"stderr","time":24469.962673769,"data":"[NbConvertApp] Writing 916418 bytes to __results__.html\n"}
]