[{"stream_name":"stderr","time":8.19994564,"data":"/usr/local/lib/python3.12/dist-packages/nbformat/__init__.py:96: MissingIDFieldWarning: Cell is missing an id field, this will become a hard error in future nbformat versions. You may want to use `normalize()` on your notebooks before validations (available since nbformat 5.1.4). Previous versions of nbformat are fixing this issue transparently, and will stop doing so in the future.\n"}
,{"stream_name":"stderr","time":8.199994337,"data":"  validate(nb)\n"}
,{"stream_name":"stderr","time":9.379634791,"data":"0.00s - Debugger warning: It seems that frozen modules are being used, which may\n"}
,{"stream_name":"stderr","time":9.379674128,"data":"0.00s - make the debugger miss breakpoints. Please pass -Xfrozen_modules=off\n"}
,{"stream_name":"stderr","time":9.379678737,"data":"0.00s - to python to disable frozen modules.\n"}
,{"stream_name":"stderr","time":9.379682632,"data":"0.00s - Note: Debugging will proceed. Set PYDEVD_DISABLE_FILE_VALIDATION=1 to disable this validation.\n"}
,{"stream_name":"stderr","time":10.188442719,"data":"0.00s - Debugger warning: It seems that frozen modules are being used, which may\n"}
,{"stream_name":"stderr","time":10.188481667,"data":"0.00s - make the debugger miss breakpoints. Please pass -Xfrozen_modules=off\n"}
,{"stream_name":"stderr","time":10.188488544,"data":"0.00s - to python to disable frozen modules.\n"}
,{"stream_name":"stderr","time":10.188493956,"data":"0.00s - Note: Debugging will proceed. Set PYDEVD_DISABLE_FILE_VALIDATION=1 to disable this validation.\n"}
,{"stream_name":"stdout","time":15.408591606,"data":"markers: 1 under ['/kaggle/input/datasets/khanhmay0304/perfedskd-100c-ckpt-s3/perfedskd_100c']\n"}
,{"stream_name":"stdout","time":15.408655923,"data":"fingerprint mounted f923c7feb193d427 recomputed f923c7feb193d427\n"}
,{"stream_name":"stdout","time":20.35691324,"data":"[resume] /kaggle/input/datasets/khanhmay0304/perfedskd-100c-ckpt-s3/perfedskd_100c: 1 marker(s), verified to round 38, imported 38..38 (handoff bundle: chain 1..38 attested, verified locally before export)\n"}
,{"stream_name":"stdout","time":25.243852387,"data":"last verified round: 38\n"}
,{"stream_name":"stdout","time":25.243895684,"data":"PROBE_OK perfedskd_100c 38\n"}
,{"stream_name":"stderr","time":28.863412545,"data":"/usr/local/lib/python3.12/dist-packages/mistune.py:435: SyntaxWarning: invalid escape sequence '\\|'\n"}
,{"stream_name":"stderr","time":28.863450585,"data":"  cells[i][c] = re.sub('\\\\\\\\\\|', '|', cell)\n"}
,{"stream_name":"stderr","time":29.069032552,"data":"/usr/local/lib/python3.12/dist-packages/nbconvert/filters/filter_links.py:36: SyntaxWarning: invalid escape sequence '\\_'\n"}
,{"stream_name":"stderr","time":29.06906501,"data":"  text = re.sub(r'_', '\\_', text) # Escape underscores in display text\n"}
,{"stream_name":"stderr","time":29.789796299,"data":"[NbConvertApp] Converting notebook __notebook__.ipynb to notebook\n"}
,{"stream_name":"stderr","time":30.167151121,"data":"[NbConvertApp] Writing 28028 bytes to __notebook__.ipynb\n"}
,{"stream_name":"stderr","time":33.204210591,"data":"[NbConvertApp] Converting notebook __notebook__.ipynb to html\n"}
,{"stream_name":"stderr","time":34.23534232,"data":"[NbConvertApp] Writing 328226 bytes to __results__.html\n"}
]