__init__.py: Skipping, found more recently modified local copy (use --force to force download)
__init__.cpython-312.pyc: Skipping, found more recently modified local copy (use --force to force download)
ckpt.cpython-312.pyc: Skipping, found more recently modified local copy (use --force to force download)
data.cpython-312.pyc: Skipping, found more recently modified local copy (use --force to force download)
driver.cpython-312.pyc: Skipping, found more recently modified local copy (use --force to force download)
evaluate.cpython-312.pyc: Skipping, found more recently modified local copy (use --force to force download)
metrics.cpython-312.pyc: Skipping, found more recently modified local copy (use --force to force download)
model.cpython-312.pyc: Skipping, found more recently modified local copy (use --force to force download)
perfedskd.cpython-312.pyc: Skipping, found more recently modified local copy (use --force to force download)
verify.cpython-312.pyc: Skipping, found more recently modified local copy (use --force to force download)
ckpt.py: Skipping, found more recently modified local copy (use --force to force download)
data.py: Skipping, found more recently modified local copy (use --force to force download)
driver.py: Skipping, found more recently modified local copy (use --force to force download)
evaluate.py: Skipping, found more recently modified local copy (use --force to force download)
metrics.py: Skipping, found more recently modified local copy (use --force to force download)
model.py: Skipping, found more recently modified local copy (use --force to force download)
perfedskd.py: Skipping, found more recently modified local copy (use --force to force download)
verify.py: Skipping, found more recently modified local copy (use --force to force download)
clients.csv: Skipping, found more recently modified local copy (use --force to force download)
round_001.done: Skipping, found more recently modified local copy (use --force to force download)
round_002.done: Skipping, found more recently modified local copy (use --force to force download)
round_003.done: Skipping, found more recently modified local copy (use --force to force download)
round_004.done: Skipping, found more recently modified local copy (use --force to force download)
round_005.done: Skipping, found more recently modified local copy (use --force to force download)
round_006.done: Skipping, found more recently modified local copy (use --force to force download)
round_007.done: Skipping, found more recently modified local copy (use --force to force download)
round_008.done: Skipping, found more recently modified local copy (use --force to force download)
round_009.done: Skipping, found more recently modified local copy (use --force to force download)
round_010.done: Skipping, found more recently modified local copy (use --force to force download)
round_011.done: Skipping, found more recently modified local copy (use --force to force download)
round_012.done: Skipping, found more recently modified local copy (use --force to force download)
round_013.done: Skipping, found more recently modified local copy (use --force to force download)
round_014.done: Skipping, found more recently modified local copy (use --force to force download)
round_015.done: Skipping, found more recently modified local copy (use --force to force download)
round_016.done: Skipping, found more recently modified local copy (use --force to force download)
round_017.done: Skipping, found more recently modified local copy (use --force to force download)
round_018.done: Skipping, found more recently modified local copy (use --force to force download)
round_019.done: Skipping, found more recently modified local copy (use --force to force download)
round_020.done: Skipping, found more recently modified local copy (use --force to force download)
round_021.done: Skipping, found more recently modified local copy (use --force to force download)
round_022.done: Skipping, found more recently modified local copy (use --force to force download)
round_023.done: Skipping, found more recently modified local copy (use --force to force download)
round_024.done: Skipping, found more recently modified local copy (use --force to force download)
round_025.done: Skipping, found more recently modified local copy (use --force to force download)
round_026.done: Skipping, found more recently modified local copy (use --force to force download)
round_027.done: Skipping, found more recently modified local copy (use --force to force download)
round_028.done: Skipping, found more recently modified local copy (use --force to force download)
round_029.done: Skipping, found more recently modified local copy (use --force to force download)
round_030.done: Skipping, found more recently modified local copy (use --force to force download)
round_031.done: Skipping, found more recently modified local copy (use --force to force download)
round_032.done: Skipping, found more recently modified local copy (use --force to force download)
round_033.done: Skipping, found more recently modified local copy (use --force to force download)
round_034.done: Skipping, found more recently modified local copy (use --force to force download)
round_035.done: Skipping, found more recently modified local copy (use --force to force download)
round_036.done: Skipping, found more recently modified local copy (use --force to force download)
round_037.done: Skipping, found more recently modified local copy (use --force to force download)
round_038.done: Skipping, found more recently modified local copy (use --force to force download)
global_001.npy: Skipping, found more recently modified local copy (use --force to force download)
global_002.npy: Skipping, found more recently modified local copy (use --force to force download)
global_003.npy: Skipping, found more recently modified local copy (use --force to force download)
global_004.npy: Skipping, found more recently modified local copy (use --force to force download)
global_005.npy: Skipping, found more recently modified local copy (use --force to force download)
global_006.npy: Skipping, found more recently modified local copy (use --force to force download)
global_007.npy: Skipping, found more recently modified local copy (use --force to force download)
global_008.npy: Skipping, found more recently modified local copy (use --force to force download)
global_009.npy: Skipping, found more recently modified local copy (use --force to force download)
global_010.npy: Skipping, found more recently modified local copy (use --force to force download)
global_011.npy: Skipping, found more recently modified local copy (use --force to force download)
global_012.npy: Skipping, found more recently modified local copy (use --force to force download)
global_013.npy: Skipping, found more recently modified local copy (use --force to force download)
global_014.npy: Skipping, found more recently modified local copy (use --force to force download)
global_015.npy: Skipping, found more recently modified local copy (use --force to force download)
global_016.npy: Skipping, found more recently modified local copy (use --force to force download)
global_017.npy: Skipping, found more recently modified local copy (use --force to force download)
global_018.npy: Skipping, found more recently modified local copy (use --force to force download)
global_019.npy: Skipping, found more recently modified local copy (use --force to force download)
global_020.npy: Skipping, found more recently modified local copy (use --force to force download)
global_021.npy: Skipping, found more recently modified local copy (use --force to force download)
global_022.npy: Skipping, found more recently modified local copy (use --force to force download)
global_023.npy: Skipping, found more recently modified local copy (use --force to force download)
global_024.npy: Skipping, found more recently modified local copy (use --force to force download)
global_025.npy: Skipping, found more recently modified local copy (use --force to force download)
global_026.npy: Skipping, found more recently modified local copy (use --force to force download)
global_027.npy: Skipping, found more recently modified local copy (use --force to force download)
global_028.npy: Skipping, found more recently modified local copy (use --force to force download)
global_029.npy: Skipping, found more recently modified local copy (use --force to force download)
global_030.npy: Skipping, found more recently modified local copy (use --force to force download)
global_031.npy: Skipping, found more recently modified local copy (use --force to force download)
global_032.npy: Skipping, found more recently modified local copy (use --force to force download)
global_033.npy: Skipping, found more recently modified local copy (use --force to force download)
global_034.npy: Skipping, found more recently modified local copy (use --force to force download)
global_035.npy: Skipping, found more recently modified local copy (use --force to force download)
global_036.npy: Skipping, found more recently modified local copy (use --force to force download)
global_037.npy: Skipping, found more recently modified local copy (use --force to force download)
global_038.npy: Skipping, found more recently modified local copy (use --force to force download)
round_001.npy: Skipping, found more recently modified local copy (use --force to force download)
round_002.npy: Skipping, found more recently modified local copy (use --force to force download)
round_003.npy: Skipping, found more recently modified local copy (use --force to force download)
round_004.npy: Skipping, found more recently modified local copy (use --force to force download)
round_005.npy: Skipping, found more recently modified local copy (use --force to force download)
round_006.npy: Skipping, found more recently modified local copy (use --force to force download)
round_007.npy: Skipping, found more recently modified local copy (use --force to force download)
round_008.npy: Skipping, found more recently modified local copy (use --force to force download)
round_009.npy: Skipping, found more recently modified local copy (use --force to force download)
round_010.npy: Skipping, found more recently modified local copy (use --force to force download)
round_011.npy: Skipping, found more recently modified local copy (use --force to force download)
round_012.npy: Skipping, found more recently modified local copy (use --force to force download)
round_013.npy: Skipping, found more recently modified local copy (use --force to force download)
round_014.npy: Skipping, found more recently modified local copy (use --force to force download)
round_015.npy: Skipping, found more recently modified local copy (use --force to force download)
round_016.npy: Skipping, found more recently modified local copy (use --force to force download)
round_017.npy: Skipping, found more recently modified local copy (use --force to force download)
round_018.npy: Skipping, found more recently modified local copy (use --force to force download)
round_019.npy: Skipping, found more recently modified local copy (use --force to force download)
round_020.npy: Skipping, found more recently modified local copy (use --force to force download)
round_021.npy: Skipping, found more recently modified local copy (use --force to force download)
round_022.npy: Skipping, found more recently modified local copy (use --force to force download)
round_023.npy: Skipping, found more recently modified local copy (use --force to force download)
round_024.npy: Skipping, found more recently modified local copy (use --force to force download)
round_025.npy: Skipping, found more recently modified local copy (use --force to force download)
round_026.npy: Skipping, found more recently modified local copy (use --force to force download)
round_027.npy: Skipping, found more recently modified local copy (use --force to force download)
round_028.npy: Skipping, found more recently modified local copy (use --force to force download)
round_029.npy: Skipping, found more recently modified local copy (use --force to force download)
round_030.npy: Skipping, found more recently modified local copy (use --force to force download)
round_031.npy: Skipping, found more recently modified local copy (use --force to force download)
round_032.npy: Skipping, found more recently modified local copy (use --force to force download)
round_033.npy: Skipping, found more recently modified local copy (use --force to force download)
round_034.npy: Skipping, found more recently modified local copy (use --force to force download)
round_035.npy: Skipping, found more recently modified local copy (use --force to force download)
round_036.npy: Skipping, found more recently modified local copy (use --force to force download)
round_037.npy: Skipping, found more recently modified local copy (use --force to force download)
round_038.npy: Skipping, found more recently modified local copy (use --force to force download)
history.csv: Skipping, found more recently modified local copy (use --force to force download)
round_001.json: Skipping, found more recently modified local copy (use --force to force download)
round_002.json: Skipping, found more recently modified local copy (use --force to force download)
round_003.json: Skipping, found more recently modified local copy (use --force to force download)
round_004.json: Skipping, found more recently modified local copy (use --force to force download)
round_005.json: Skipping, found more recently modified local copy (use --force to force download)
round_006.json: Skipping, found more recently modified local copy (use --force to force download)
round_007.json: Skipping, found more recently modified local copy (use --force to force download)
round_008.json: Skipping, found more recently modified local copy (use --force to force download)
round_009.json: Skipping, found more recently modified local copy (use --force to force download)
round_010.json: Skipping, found more recently modified local copy (use --force to force download)
round_011.json: Skipping, found more recently modified local copy (use --force to force download)
Output file downloaded to papers/perfedskd-singh-2025/runs/pulls/100c_s2/runs/perfedskd_100c/logs/round_012.json
Output file downloaded to papers/perfedskd-singh-2025/runs/pulls/100c_s2/runs/perfedskd_100c/logs/round_013.json
Output file downloaded to papers/perfedskd-singh-2025/runs/pulls/100c_s2/runs/perfedskd_100c/logs/round_014.json
Output file downloaded to papers/perfedskd-singh-2025/runs/pulls/100c_s2/runs/perfedskd_100c/logs/round_015.json
Output file downloaded to papers/perfedskd-singh-2025/runs/pulls/100c_s2/runs/perfedskd_100c/logs/round_016.json
Output file downloaded to papers/perfedskd-singh-2025/runs/pulls/100c_s2/runs/perfedskd_100c/logs/round_017.json
Output file downloaded to papers/perfedskd-singh-2025/runs/pulls/100c_s2/runs/perfedskd_100c/logs/round_018.json
Output file downloaded to papers/perfedskd-singh-2025/runs/pulls/100c_s2/runs/perfedskd_100c/logs/round_019.json
Output file downloaded to papers/perfedskd-singh-2025/runs/pulls/100c_s2/runs/perfedskd_100c/logs/round_020.json
Output file downloaded to papers/perfedskd-singh-2025/runs/pulls/100c_s2/runs/perfedskd_100c/logs/round_021.json
Output file downloaded to papers/perfedskd-singh-2025/runs/pulls/100c_s2/runs/perfedskd_100c/logs/round_022.json
Output file downloaded to papers/perfedskd-singh-2025/runs/pulls/100c_s2/runs/perfedskd_100c/logs/round_023.json
Output file downloaded to papers/perfedskd-singh-2025/runs/pulls/100c_s2/runs/perfedskd_100c/logs/round_024.json
Output file downloaded to papers/perfedskd-singh-2025/runs/pulls/100c_s2/runs/perfedskd_100c/logs/round_025.json
Output file downloaded to papers/perfedskd-singh-2025/runs/pulls/100c_s2/runs/perfedskd_100c/logs/round_026.json
Output file downloaded to papers/perfedskd-singh-2025/runs/pulls/100c_s2/runs/perfedskd_100c/logs/round_027.json
Output file downloaded to papers/perfedskd-singh-2025/runs/pulls/100c_s2/runs/perfedskd_100c/logs/round_028.json
Output file downloaded to papers/perfedskd-singh-2025/runs/pulls/100c_s2/runs/perfedskd_100c/logs/round_029.json
Output file downloaded to papers/perfedskd-singh-2025/runs/pulls/100c_s2/runs/perfedskd_100c/logs/round_030.json
Output file downloaded to papers/perfedskd-singh-2025/runs/pulls/100c_s2/runs/perfedskd_100c/logs/round_031.json
Output file downloaded to papers/perfedskd-singh-2025/runs/pulls/100c_s2/runs/perfedskd_100c/logs/round_032.json
Output file downloaded to papers/perfedskd-singh-2025/runs/pulls/100c_s2/runs/perfedskd_100c/logs/round_033.json
Output file downloaded to papers/perfedskd-singh-2025/runs/pulls/100c_s2/runs/perfedskd_100c/logs/round_034.json
Output file downloaded to papers/perfedskd-singh-2025/runs/pulls/100c_s2/runs/perfedskd_100c/logs/round_035.json
Output file downloaded to papers/perfedskd-singh-2025/runs/pulls/100c_s2/runs/perfedskd_100c/logs/round_036.json
Output file downloaded to papers/perfedskd-singh-2025/runs/pulls/100c_s2/runs/perfedskd_100c/logs/round_037.json
Output file downloaded to papers/perfedskd-singh-2025/runs/pulls/100c_s2/runs/perfedskd_100c/logs/round_038.json
Output file downloaded to papers/perfedskd-singh-2025/runs/pulls/100c_s2/runs/perfedskd_100c/metrics/round_001.json
Output file downloaded to papers/perfedskd-singh-2025/runs/pulls/100c_s2/runs/perfedskd_100c/metrics/round_002.json
Output file downloaded to papers/perfedskd-singh-2025/runs/pulls/100c_s2/runs/perfedskd_100c/metrics/round_003.json
Output file downloaded to papers/perfedskd-singh-2025/runs/pulls/100c_s2/runs/perfedskd_100c/metrics/round_004.json
Output file downloaded to papers/perfedskd-singh-2025/runs/pulls/100c_s2/runs/perfedskd_100c/metrics/round_005.json
Output file downloaded to papers/perfedskd-singh-2025/runs/pulls/100c_s2/runs/perfedskd_100c/metrics/round_006.json
Output file downloaded to papers/perfedskd-singh-2025/runs/pulls/100c_s2/runs/perfedskd_100c/metrics/round_007.json
Output file downloaded to papers/perfedskd-singh-2025/runs/pulls/100c_s2/runs/perfedskd_100c/metrics/round_008.json
Output file downloaded to papers/perfedskd-singh-2025/runs/pulls/100c_s2/runs/perfedskd_100c/metrics/round_009.json
Output file downloaded to papers/perfedskd-singh-2025/runs/pulls/100c_s2/runs/perfedskd_100c/metrics/round_010.json
Output file downloaded to papers/perfedskd-singh-2025/runs/pulls/100c_s2/runs/perfedskd_100c/metrics/round_011.json
Output file downloaded to papers/perfedskd-singh-2025/runs/pulls/100c_s2/runs/perfedskd_100c/metrics/round_012.json
Output file downloaded to papers/perfedskd-singh-2025/runs/pulls/100c_s2/runs/perfedskd_100c/metrics/round_013.json
Output file downloaded to papers/perfedskd-singh-2025/runs/pulls/100c_s2/runs/perfedskd_100c/metrics/round_014.json
Output file downloaded to papers/perfedskd-singh-2025/runs/pulls/100c_s2/runs/perfedskd_100c/metrics/round_015.json
Output file downloaded to papers/perfedskd-singh-2025/runs/pulls/100c_s2/runs/perfedskd_100c/metrics/round_016.json
Output file downloaded to papers/perfedskd-singh-2025/runs/pulls/100c_s2/runs/perfedskd_100c/metrics/round_017.json
Output file downloaded to papers/perfedskd-singh-2025/runs/pulls/100c_s2/runs/perfedskd_100c/metrics/round_018.json
Output file downloaded to papers/perfedskd-singh-2025/runs/pulls/100c_s2/runs/perfedskd_100c/metrics/round_019.json
Output file downloaded to papers/perfedskd-singh-2025/runs/pulls/100c_s2/runs/perfedskd_100c/metrics/round_020.json
Output file downloaded to papers/perfedskd-singh-2025/runs/pulls/100c_s2/runs/perfedskd_100c/metrics/round_021.json
Output file downloaded to papers/perfedskd-singh-2025/runs/pulls/100c_s2/runs/perfedskd_100c/metrics/round_022.json
Output file downloaded to papers/perfedskd-singh-2025/runs/pulls/100c_s2/runs/perfedskd_100c/metrics/round_023.json
Output file downloaded to papers/perfedskd-singh-2025/runs/pulls/100c_s2/runs/perfedskd_100c/metrics/round_024.json
Output file downloaded to papers/perfedskd-singh-2025/runs/pulls/100c_s2/runs/perfedskd_100c/metrics/round_025.json
Output file downloaded to papers/perfedskd-singh-2025/runs/pulls/100c_s2/runs/perfedskd_100c/metrics/round_026.json
Output file downloaded to papers/perfedskd-singh-2025/runs/pulls/100c_s2/runs/perfedskd_100c/metrics/round_027.json
Output file downloaded to papers/perfedskd-singh-2025/runs/pulls/100c_s2/runs/perfedskd_100c/metrics/round_028.json
Output file downloaded to papers/perfedskd-singh-2025/runs/pulls/100c_s2/runs/perfedskd_100c/metrics/round_029.json
Output file downloaded to papers/perfedskd-singh-2025/runs/pulls/100c_s2/runs/perfedskd_100c/metrics/round_030.json
Output file downloaded to papers/perfedskd-singh-2025/runs/pulls/100c_s2/runs/perfedskd_100c/metrics/round_031.json
Output file downloaded to papers/perfedskd-singh-2025/runs/pulls/100c_s2/runs/perfedskd_100c/metrics/round_032.json
Output file downloaded to papers/perfedskd-singh-2025/runs/pulls/100c_s2/runs/perfedskd_100c/metrics/round_033.json
Output file downloaded to papers/perfedskd-singh-2025/runs/pulls/100c_s2/runs/perfedskd_100c/metrics/round_034.json
Output file downloaded to papers/perfedskd-singh-2025/runs/pulls/100c_s2/runs/perfedskd_100c/metrics/round_035.json
Output file downloaded to papers/perfedskd-singh-2025/runs/pulls/100c_s2/runs/perfedskd_100c/metrics/round_036.json
Output file downloaded to papers/perfedskd-singh-2025/runs/pulls/100c_s2/runs/perfedskd_100c/metrics/round_037.json
Output file downloaded to papers/perfedskd-singh-2025/runs/pulls/100c_s2/runs/perfedskd_100c/metrics/round_038.json
Output file downloaded to papers/perfedskd-singh-2025/runs/pulls/100c_s2/runs/perfedskd_100c/reports/manifest.json
Output file downloaded to papers/perfedskd-singh-2025/runs/pulls/100c_s2/runs/perfedskd_100c/reports/y_true.u8.npy
Output file downloaded to papers/perfedskd-singh-2025/runs/pulls/100c_s2/runs/perfedskd_100c/resume/round_001.pt
Output file downloaded to papers/perfedskd-singh-2025/runs/pulls/100c_s2/runs/perfedskd_100c/resume/round_002.pt
Output file downloaded to papers/perfedskd-singh-2025/runs/pulls/100c_s2/runs/perfedskd_100c/resume/round_003.pt
Output file downloaded to papers/perfedskd-singh-2025/runs/pulls/100c_s2/runs/perfedskd_100c/resume/round_004.pt
Output file downloaded to papers/perfedskd-singh-2025/runs/pulls/100c_s2/runs/perfedskd_100c/resume/round_005.pt
Output file downloaded to papers/perfedskd-singh-2025/runs/pulls/100c_s2/runs/perfedskd_100c/resume/round_006.pt
Output file downloaded to papers/perfedskd-singh-2025/runs/pulls/100c_s2/runs/perfedskd_100c/resume/round_007.pt
Output file downloaded to papers/perfedskd-singh-2025/runs/pulls/100c_s2/runs/perfedskd_100c/resume/round_008.pt
Output file downloaded to papers/perfedskd-singh-2025/runs/pulls/100c_s2/runs/perfedskd_100c/resume/round_009.pt
Output file downloaded to papers/perfedskd-singh-2025/runs/pulls/100c_s2/runs/perfedskd_100c/resume/round_010.pt
Output file downloaded to papers/perfedskd-singh-2025/runs/pulls/100c_s2/runs/perfedskd_100c/resume/round_011.pt
Output file downloaded to papers/perfedskd-singh-2025/runs/pulls/100c_s2/runs/perfedskd_100c/resume/round_012.pt
Output file downloaded to papers/perfedskd-singh-2025/runs/pulls/100c_s2/runs/perfedskd_100c/resume/round_013.pt
Output file downloaded to papers/perfedskd-singh-2025/runs/pulls/100c_s2/runs/perfedskd_100c/resume/round_014.pt
Output file downloaded to papers/perfedskd-singh-2025/runs/pulls/100c_s2/runs/perfedskd_100c/resume/round_015.pt
Output file downloaded to papers/perfedskd-singh-2025/runs/pulls/100c_s2/runs/perfedskd_100c/resume/round_016.pt
Output file downloaded to papers/perfedskd-singh-2025/runs/pulls/100c_s2/runs/perfedskd_100c/resume/round_017.pt
Output file downloaded to papers/perfedskd-singh-2025/runs/pulls/100c_s2/runs/perfedskd_100c/resume/round_018.pt
Output file downloaded to papers/perfedskd-singh-2025/runs/pulls/100c_s2/runs/perfedskd_100c/resume/round_019.pt
Output file downloaded to papers/perfedskd-singh-2025/runs/pulls/100c_s2/runs/perfedskd_100c/resume/round_020.pt
Output file downloaded to papers/perfedskd-singh-2025/runs/pulls/100c_s2/runs/perfedskd_100c/resume/round_021.pt
Output file downloaded to papers/perfedskd-singh-2025/runs/pulls/100c_s2/runs/perfedskd_100c/resume/round_022.pt
Output file downloaded to papers/perfedskd-singh-2025/runs/pulls/100c_s2/runs/perfedskd_100c/resume/round_023.pt
Output file downloaded to papers/perfedskd-singh-2025/runs/pulls/100c_s2/runs/perfedskd_100c/resume/round_024.pt
Output file downloaded to papers/perfedskd-singh-2025/runs/pulls/100c_s2/runs/perfedskd_100c/resume/round_025.pt
Output file downloaded to papers/perfedskd-singh-2025/runs/pulls/100c_s2/runs/perfedskd_100c/resume/round_026.pt
Output file downloaded to papers/perfedskd-singh-2025/runs/pulls/100c_s2/runs/perfedskd_100c/resume/round_027.pt
Output file downloaded to papers/perfedskd-singh-2025/runs/pulls/100c_s2/runs/perfedskd_100c/resume/round_028.pt
Output file downloaded to papers/perfedskd-singh-2025/runs/pulls/100c_s2/runs/perfedskd_100c/resume/round_029.pt
Output file downloaded to papers/perfedskd-singh-2025/runs/pulls/100c_s2/runs/perfedskd_100c/resume/round_030.pt
Output file downloaded to papers/perfedskd-singh-2025/runs/pulls/100c_s2/runs/perfedskd_100c/resume/round_031.pt
Output file downloaded to papers/perfedskd-singh-2025/runs/pulls/100c_s2/runs/perfedskd_100c/resume/round_032.pt
Output file downloaded to papers/perfedskd-singh-2025/runs/pulls/100c_s2/runs/perfedskd_100c/resume/round_033.pt
Output file downloaded to papers/perfedskd-singh-2025/runs/pulls/100c_s2/runs/perfedskd_100c/resume/round_034.pt
Output file downloaded to papers/perfedskd-singh-2025/runs/pulls/100c_s2/runs/perfedskd_100c/resume/round_035.pt
Output file downloaded to papers/perfedskd-singh-2025/runs/pulls/100c_s2/runs/perfedskd_100c/resume/round_036.pt
Output file downloaded to papers/perfedskd-singh-2025/runs/pulls/100c_s2/runs/perfedskd_100c/resume/round_037.pt
Output file downloaded to papers/perfedskd-singh-2025/runs/pulls/100c_s2/runs/perfedskd_100c/resume/round_038.pt
Output file downloaded to papers/perfedskd-singh-2025/runs/pulls/100c_s2/runs/perfedskd_100c/weights/round_001.pt
Output file downloaded to papers/perfedskd-singh-2025/runs/pulls/100c_s2/runs/perfedskd_100c/weights/round_002.pt
Output file downloaded to papers/perfedskd-singh-2025/runs/pulls/100c_s2/runs/perfedskd_100c/weights/round_003.pt
Output file downloaded to papers/perfedskd-singh-2025/runs/pulls/100c_s2/runs/perfedskd_100c/weights/round_004.pt
Output file downloaded to papers/perfedskd-singh-2025/runs/pulls/100c_s2/runs/perfedskd_100c/weights/round_005.pt
Output file downloaded to papers/perfedskd-singh-2025/runs/pulls/100c_s2/runs/perfedskd_100c/weights/round_006.pt
Output file downloaded to papers/perfedskd-singh-2025/runs/pulls/100c_s2/runs/perfedskd_100c/weights/round_007.pt
Output file downloaded to papers/perfedskd-singh-2025/runs/pulls/100c_s2/runs/perfedskd_100c/weights/round_008.pt
Output file downloaded to papers/perfedskd-singh-2025/runs/pulls/100c_s2/runs/perfedskd_100c/weights/round_009.pt
Output file downloaded to papers/perfedskd-singh-2025/runs/pulls/100c_s2/runs/perfedskd_100c/weights/round_010.pt
Output file downloaded to papers/perfedskd-singh-2025/runs/pulls/100c_s2/runs/perfedskd_100c/weights/round_011.pt
Output file downloaded to papers/perfedskd-singh-2025/runs/pulls/100c_s2/runs/perfedskd_100c/weights/round_012.pt
Output file downloaded to papers/perfedskd-singh-2025/runs/pulls/100c_s2/runs/perfedskd_100c/weights/round_013.pt
Output file downloaded to papers/perfedskd-singh-2025/runs/pulls/100c_s2/runs/perfedskd_100c/weights/round_014.pt
Output file downloaded to papers/perfedskd-singh-2025/runs/pulls/100c_s2/runs/perfedskd_100c/weights/round_015.pt
Output file downloaded to papers/perfedskd-singh-2025/runs/pulls/100c_s2/runs/perfedskd_100c/weights/round_016.pt
Output file downloaded to papers/perfedskd-singh-2025/runs/pulls/100c_s2/runs/perfedskd_100c/weights/round_017.pt
Output file downloaded to papers/perfedskd-singh-2025/runs/pulls/100c_s2/runs/perfedskd_100c/weights/round_018.pt
Output file downloaded to papers/perfedskd-singh-2025/runs/pulls/100c_s2/runs/perfedskd_100c/weights/round_019.pt
Output file downloaded to papers/perfedskd-singh-2025/runs/pulls/100c_s2/runs/perfedskd_100c/weights/round_020.pt
Output file downloaded to papers/perfedskd-singh-2025/runs/pulls/100c_s2/runs/perfedskd_100c/weights/round_021.pt
Output file downloaded to papers/perfedskd-singh-2025/runs/pulls/100c_s2/runs/perfedskd_100c/weights/round_022.pt
Output file downloaded to papers/perfedskd-singh-2025/runs/pulls/100c_s2/runs/perfedskd_100c/weights/round_023.pt
Output file downloaded to papers/perfedskd-singh-2025/runs/pulls/100c_s2/runs/perfedskd_100c/weights/round_024.pt
Output file downloaded to papers/perfedskd-singh-2025/runs/pulls/100c_s2/runs/perfedskd_100c/weights/round_025.pt
Output file downloaded to papers/perfedskd-singh-2025/runs/pulls/100c_s2/runs/perfedskd_100c/weights/round_026.pt
Output file downloaded to papers/perfedskd-singh-2025/runs/pulls/100c_s2/runs/perfedskd_100c/weights/round_027.pt
Output file downloaded to papers/perfedskd-singh-2025/runs/pulls/100c_s2/runs/perfedskd_100c/weights/round_028.pt
Output file downloaded to papers/perfedskd-singh-2025/runs/pulls/100c_s2/runs/perfedskd_100c/weights/round_029.pt
Output file downloaded to papers/perfedskd-singh-2025/runs/pulls/100c_s2/runs/perfedskd_100c/weights/round_030.pt
Output file downloaded to papers/perfedskd-singh-2025/runs/pulls/100c_s2/runs/perfedskd_100c/weights/round_031.pt
Output file downloaded to papers/perfedskd-singh-2025/runs/pulls/100c_s2/runs/perfedskd_100c/weights/round_032.pt
Output file downloaded to papers/perfedskd-singh-2025/runs/pulls/100c_s2/runs/perfedskd_100c/weights/round_033.pt
Output file downloaded to papers/perfedskd-singh-2025/runs/pulls/100c_s2/runs/perfedskd_100c/weights/round_034.pt
Output file downloaded to papers/perfedskd-singh-2025/runs/pulls/100c_s2/runs/perfedskd_100c/weights/round_035.pt
Output file downloaded to papers/perfedskd-singh-2025/runs/pulls/100c_s2/runs/perfedskd_100c/weights/round_036.pt
Output file downloaded to papers/perfedskd-singh-2025/runs/pulls/100c_s2/runs/perfedskd_100c/weights/round_037.pt
Output file downloaded to papers/perfedskd-singh-2025/runs/pulls/100c_s2/runs/perfedskd_100c/weights/round_038.pt
Output file downloaded to papers/perfedskd-singh-2025/runs/pulls/100c_s2/wandb/run-20260922_061124-perfedskd_100c/files/config.yaml
Output file downloaded to papers/perfedskd-singh-2025/runs/pulls/100c_s2/wandb/run-20260922_061124-perfedskd_100c/files/output.log
Output file downloaded to papers/perfedskd-singh-2025/runs/pulls/100c_s2/wandb/run-20260922_061124-perfedskd_100c/files/requirements.txt
Output file downloaded to papers/perfedskd-singh-2025/runs/pulls/100c_s2/wandb/run-20260922_061124-perfedskd_100c/files/wandb-metadata.json
Output file downloaded to papers/perfedskd-singh-2025/runs/pulls/100c_s2/wandb/run-20260922_061124-perfedskd_100c/files/wandb-summary.json
Output file downloaded to papers/perfedskd-singh-2025/runs/pulls/100c_s2/wandb/run-20260922_061124-perfedskd_100c/logs/debug-internal.log
Output file downloaded to papers/perfedskd-singh-2025/runs/pulls/100c_s2/wandb/run-20260922_061124-perfedskd_100c/logs/debug.log
Output file downloaded to papers/perfedskd-singh-2025/runs/pulls/100c_s2/wandb/run-20260922_061124-perfedskd_100c/run-perfedskd_100c.wandb
Kernel log downloaded to papers/perfedskd-singh-2025/runs/pulls/100c_s2/perfed-skd-veremi-100-clients-s2.log 
