Output file downloaded to papers/perfedskd-singh-2025/runs/pulls/100c_s3/proj/__init__.py
Output file downloaded to papers/perfedskd-singh-2025/runs/pulls/100c_s3/proj/__pycache__/__init__.cpython-312.pyc
Output file downloaded to papers/perfedskd-singh-2025/runs/pulls/100c_s3/proj/__pycache__/ckpt.cpython-312.pyc
Output file downloaded to papers/perfedskd-singh-2025/runs/pulls/100c_s3/proj/__pycache__/data.cpython-312.pyc
Output file downloaded to papers/perfedskd-singh-2025/runs/pulls/100c_s3/proj/__pycache__/driver.cpython-312.pyc
Output file downloaded to papers/perfedskd-singh-2025/runs/pulls/100c_s3/proj/__pycache__/evaluate.cpython-312.pyc
Output file downloaded to papers/perfedskd-singh-2025/runs/pulls/100c_s3/proj/__pycache__/metrics.cpython-312.pyc
Output file downloaded to papers/perfedskd-singh-2025/runs/pulls/100c_s3/proj/__pycache__/model.cpython-312.pyc
Output file downloaded to papers/perfedskd-singh-2025/runs/pulls/100c_s3/proj/__pycache__/perfedskd.cpython-312.pyc
Output file downloaded to papers/perfedskd-singh-2025/runs/pulls/100c_s3/proj/__pycache__/verify.cpython-312.pyc
Output file downloaded to papers/perfedskd-singh-2025/runs/pulls/100c_s3/proj/ckpt.py
Output file downloaded to papers/perfedskd-singh-2025/runs/pulls/100c_s3/proj/data.py
Output file downloaded to papers/perfedskd-singh-2025/runs/pulls/100c_s3/proj/driver.py
Output file downloaded to papers/perfedskd-singh-2025/runs/pulls/100c_s3/proj/evaluate.py
Output file downloaded to papers/perfedskd-singh-2025/runs/pulls/100c_s3/proj/metrics.py
Output file downloaded to papers/perfedskd-singh-2025/runs/pulls/100c_s3/proj/model.py
Output file downloaded to papers/perfedskd-singh-2025/runs/pulls/100c_s3/proj/perfedskd.py
Output file downloaded to papers/perfedskd-singh-2025/runs/pulls/100c_s3/proj/verify.py
Output file downloaded to papers/perfedskd-singh-2025/runs/pulls/100c_s3/runs/perfedskd_100c/clients.csv
Output file downloaded to papers/perfedskd-singh-2025/runs/pulls/100c_s3/runs/perfedskd_100c/complete/round_038.done
Output file downloaded to papers/perfedskd-singh-2025/runs/pulls/100c_s3/runs/perfedskd_100c/complete/round_039.done
Output file downloaded to papers/perfedskd-singh-2025/runs/pulls/100c_s3/runs/perfedskd_100c/complete/round_040.done
Output file downloaded to papers/perfedskd-singh-2025/runs/pulls/100c_s3/runs/perfedskd_100c/complete/round_041.done
Output file downloaded to papers/perfedskd-singh-2025/runs/pulls/100c_s3/runs/perfedskd_100c/complete/round_042.done
Output file downloaded to papers/perfedskd-singh-2025/runs/pulls/100c_s3/runs/perfedskd_100c/complete/round_043.done
Output file downloaded to papers/perfedskd-singh-2025/runs/pulls/100c_s3/runs/perfedskd_100c/complete/round_044.done
Output file downloaded to papers/perfedskd-singh-2025/runs/pulls/100c_s3/runs/perfedskd_100c/complete/round_045.done
Output file downloaded to papers/perfedskd-singh-2025/runs/pulls/100c_s3/runs/perfedskd_100c/complete/round_046.done
Output file downloaded to papers/perfedskd-singh-2025/runs/pulls/100c_s3/runs/perfedskd_100c/complete/round_047.done
Output file downloaded to papers/perfedskd-singh-2025/runs/pulls/100c_s3/runs/perfedskd_100c/complete/round_048.done
Output file downloaded to papers/perfedskd-singh-2025/runs/pulls/100c_s3/runs/perfedskd_100c/complete/round_049.done
Output file downloaded to papers/perfedskd-singh-2025/runs/pulls/100c_s3/runs/perfedskd_100c/complete/round_050.done
Output file downloaded to papers/perfedskd-singh-2025/runs/pulls/100c_s3/runs/perfedskd_100c/confusion/global_038.npy
Output file downloaded to papers/perfedskd-singh-2025/runs/pulls/100c_s3/runs/perfedskd_100c/confusion/global_039.npy
Output file downloaded to papers/perfedskd-singh-2025/runs/pulls/100c_s3/runs/perfedskd_100c/confusion/global_040.npy
Output file downloaded to papers/perfedskd-singh-2025/runs/pulls/100c_s3/runs/perfedskd_100c/confusion/global_041.npy
Output file downloaded to papers/perfedskd-singh-2025/runs/pulls/100c_s3/runs/perfedskd_100c/confusion/global_042.npy
Output file downloaded to papers/perfedskd-singh-2025/runs/pulls/100c_s3/runs/perfedskd_100c/confusion/global_043.npy
Output file downloaded to papers/perfedskd-singh-2025/runs/pulls/100c_s3/runs/perfedskd_100c/confusion/global_044.npy
Output file downloaded to papers/perfedskd-singh-2025/runs/pulls/100c_s3/runs/perfedskd_100c/confusion/global_045.npy
Output file downloaded to papers/perfedskd-singh-2025/runs/pulls/100c_s3/runs/perfedskd_100c/confusion/global_046.npy
Output file downloaded to papers/perfedskd-singh-2025/runs/pulls/100c_s3/runs/perfedskd_100c/confusion/global_047.npy
Output file downloaded to papers/perfedskd-singh-2025/runs/pulls/100c_s3/runs/perfedskd_100c/confusion/global_048.npy
Output file downloaded to papers/perfedskd-singh-2025/runs/pulls/100c_s3/runs/perfedskd_100c/confusion/global_049.npy
Output file downloaded to papers/perfedskd-singh-2025/runs/pulls/100c_s3/runs/perfedskd_100c/confusion/global_050.npy
Output file downloaded to papers/perfedskd-singh-2025/runs/pulls/100c_s3/runs/perfedskd_100c/confusion/round_038.npy
Output file downloaded to papers/perfedskd-singh-2025/runs/pulls/100c_s3/runs/perfedskd_100c/confusion/round_039.npy
Output file downloaded to papers/perfedskd-singh-2025/runs/pulls/100c_s3/runs/perfedskd_100c/confusion/round_040.npy
Output file downloaded to papers/perfedskd-singh-2025/runs/pulls/100c_s3/runs/perfedskd_100c/confusion/round_041.npy
Output file downloaded to papers/perfedskd-singh-2025/runs/pulls/100c_s3/runs/perfedskd_100c/confusion/round_042.npy
Output file downloaded to papers/perfedskd-singh-2025/runs/pulls/100c_s3/runs/perfedskd_100c/confusion/round_043.npy
Output file downloaded to papers/perfedskd-singh-2025/runs/pulls/100c_s3/runs/perfedskd_100c/confusion/round_044.npy
Output file downloaded to papers/perfedskd-singh-2025/runs/pulls/100c_s3/runs/perfedskd_100c/confusion/round_045.npy
Output file downloaded to papers/perfedskd-singh-2025/runs/pulls/100c_s3/runs/perfedskd_100c/confusion/round_046.npy
Output file downloaded to papers/perfedskd-singh-2025/runs/pulls/100c_s3/runs/perfedskd_100c/confusion/round_047.npy
Output file downloaded to papers/perfedskd-singh-2025/runs/pulls/100c_s3/runs/perfedskd_100c/confusion/round_048.npy
Output file downloaded to papers/perfedskd-singh-2025/runs/pulls/100c_s3/runs/perfedskd_100c/confusion/round_049.npy
Output file downloaded to papers/perfedskd-singh-2025/runs/pulls/100c_s3/runs/perfedskd_100c/confusion/round_050.npy
Output file downloaded to papers/perfedskd-singh-2025/runs/pulls/100c_s3/runs/perfedskd_100c/history.csv
Output file downloaded to papers/perfedskd-singh-2025/runs/pulls/100c_s3/runs/perfedskd_100c/logs/round_038.json
Output file downloaded to papers/perfedskd-singh-2025/runs/pulls/100c_s3/runs/perfedskd_100c/logs/round_039.json
Output file downloaded to papers/perfedskd-singh-2025/runs/pulls/100c_s3/runs/perfedskd_100c/logs/round_040.json
Output file downloaded to papers/perfedskd-singh-2025/runs/pulls/100c_s3/runs/perfedskd_100c/logs/round_041.json
Output file downloaded to papers/perfedskd-singh-2025/runs/pulls/100c_s3/runs/perfedskd_100c/logs/round_042.json
Output file downloaded to papers/perfedskd-singh-2025/runs/pulls/100c_s3/runs/perfedskd_100c/logs/round_043.json
Output file downloaded to papers/perfedskd-singh-2025/runs/pulls/100c_s3/runs/perfedskd_100c/logs/round_044.json
Output file downloaded to papers/perfedskd-singh-2025/runs/pulls/100c_s3/runs/perfedskd_100c/logs/round_045.json
Output file downloaded to papers/perfedskd-singh-2025/runs/pulls/100c_s3/runs/perfedskd_100c/logs/round_046.json
Output file downloaded to papers/perfedskd-singh-2025/runs/pulls/100c_s3/runs/perfedskd_100c/logs/round_047.json
Output file downloaded to papers/perfedskd-singh-2025/runs/pulls/100c_s3/runs/perfedskd_100c/logs/round_048.json
Output file downloaded to papers/perfedskd-singh-2025/runs/pulls/100c_s3/runs/perfedskd_100c/logs/round_049.json
Output file downloaded to papers/perfedskd-singh-2025/runs/pulls/100c_s3/runs/perfedskd_100c/logs/round_050.json
Output file downloaded to papers/perfedskd-singh-2025/runs/pulls/100c_s3/runs/perfedskd_100c/metrics/round_038.json
Output file downloaded to papers/perfedskd-singh-2025/runs/pulls/100c_s3/runs/perfedskd_100c/metrics/round_039.json
Output file downloaded to papers/perfedskd-singh-2025/runs/pulls/100c_s3/runs/perfedskd_100c/metrics/round_040.json
Output file downloaded to papers/perfedskd-singh-2025/runs/pulls/100c_s3/runs/perfedskd_100c/metrics/round_041.json
Output file downloaded to papers/perfedskd-singh-2025/runs/pulls/100c_s3/runs/perfedskd_100c/metrics/round_042.json
Output file downloaded to papers/perfedskd-singh-2025/runs/pulls/100c_s3/runs/perfedskd_100c/metrics/round_043.json
Output file downloaded to papers/perfedskd-singh-2025/runs/pulls/100c_s3/runs/perfedskd_100c/metrics/round_044.json
Output file downloaded to papers/perfedskd-singh-2025/runs/pulls/100c_s3/runs/perfedskd_100c/metrics/round_045.json
Output file downloaded to papers/perfedskd-singh-2025/runs/pulls/100c_s3/runs/perfedskd_100c/metrics/round_046.json
Output file downloaded to papers/perfedskd-singh-2025/runs/pulls/100c_s3/runs/perfedskd_100c/metrics/round_047.json
Output file downloaded to papers/perfedskd-singh-2025/runs/pulls/100c_s3/runs/perfedskd_100c/metrics/round_048.json
Output file downloaded to papers/perfedskd-singh-2025/runs/pulls/100c_s3/runs/perfedskd_100c/metrics/round_049.json
Output file downloaded to papers/perfedskd-singh-2025/runs/pulls/100c_s3/runs/perfedskd_100c/metrics/round_050.json
Output file downloaded to papers/perfedskd-singh-2025/runs/pulls/100c_s3/runs/perfedskd_100c/preds/global_050.u8.npy
Output file downloaded to papers/perfedskd-singh-2025/runs/pulls/100c_s3/runs/perfedskd_100c/preds/round_050.u8.npy
Output file downloaded to papers/perfedskd-singh-2025/runs/pulls/100c_s3/runs/perfedskd_100c/reports/handoff.json
Output file downloaded to papers/perfedskd-singh-2025/runs/pulls/100c_s3/runs/perfedskd_100c/reports/manifest.json
Output file downloaded to papers/perfedskd-singh-2025/runs/pulls/100c_s3/runs/perfedskd_100c/reports/y_true.u8.npy
Output file downloaded to papers/perfedskd-singh-2025/runs/pulls/100c_s3/runs/perfedskd_100c/resume/round_038.pt
Output file downloaded to papers/perfedskd-singh-2025/runs/pulls/100c_s3/runs/perfedskd_100c/resume/round_039.pt
Output file downloaded to papers/perfedskd-singh-2025/runs/pulls/100c_s3/runs/perfedskd_100c/resume/round_040.pt
Output file downloaded to papers/perfedskd-singh-2025/runs/pulls/100c_s3/runs/perfedskd_100c/resume/round_041.pt
Output file downloaded to papers/perfedskd-singh-2025/runs/pulls/100c_s3/runs/perfedskd_100c/resume/round_042.pt
Output file downloaded to papers/perfedskd-singh-2025/runs/pulls/100c_s3/runs/perfedskd_100c/resume/round_043.pt
Output file downloaded to papers/perfedskd-singh-2025/runs/pulls/100c_s3/runs/perfedskd_100c/resume/round_044.pt
Output file downloaded to papers/perfedskd-singh-2025/runs/pulls/100c_s3/runs/perfedskd_100c/resume/round_045.pt
Output file downloaded to papers/perfedskd-singh-2025/runs/pulls/100c_s3/runs/perfedskd_100c/resume/round_046.pt
Output file downloaded to papers/perfedskd-singh-2025/runs/pulls/100c_s3/runs/perfedskd_100c/resume/round_047.pt
Output file downloaded to papers/perfedskd-singh-2025/runs/pulls/100c_s3/runs/perfedskd_100c/resume/round_048.pt
Output file downloaded to papers/perfedskd-singh-2025/runs/pulls/100c_s3/runs/perfedskd_100c/resume/round_049.pt
Output file downloaded to papers/perfedskd-singh-2025/runs/pulls/100c_s3/runs/perfedskd_100c/resume/round_050.pt
Output file downloaded to papers/perfedskd-singh-2025/runs/pulls/100c_s3/runs/perfedskd_100c/weights/round_038.pt
Output file downloaded to papers/perfedskd-singh-2025/runs/pulls/100c_s3/runs/perfedskd_100c/weights/round_039.pt
Output file downloaded to papers/perfedskd-singh-2025/runs/pulls/100c_s3/runs/perfedskd_100c/weights/round_040.pt
Output file downloaded to papers/perfedskd-singh-2025/runs/pulls/100c_s3/runs/perfedskd_100c/weights/round_041.pt
Output file downloaded to papers/perfedskd-singh-2025/runs/pulls/100c_s3/runs/perfedskd_100c/weights/round_042.pt
Output file downloaded to papers/perfedskd-singh-2025/runs/pulls/100c_s3/runs/perfedskd_100c/weights/round_043.pt
Output file downloaded to papers/perfedskd-singh-2025/runs/pulls/100c_s3/runs/perfedskd_100c/weights/round_044.pt
Output file downloaded to papers/perfedskd-singh-2025/runs/pulls/100c_s3/runs/perfedskd_100c/weights/round_045.pt
Output file downloaded to papers/perfedskd-singh-2025/runs/pulls/100c_s3/runs/perfedskd_100c/weights/round_046.pt
Output file downloaded to papers/perfedskd-singh-2025/runs/pulls/100c_s3/runs/perfedskd_100c/weights/round_047.pt
Output file downloaded to papers/perfedskd-singh-2025/runs/pulls/100c_s3/runs/perfedskd_100c/weights/round_048.pt
Output file downloaded to papers/perfedskd-singh-2025/runs/pulls/100c_s3/runs/perfedskd_100c/weights/round_049.pt
Output file downloaded to papers/perfedskd-singh-2025/runs/pulls/100c_s3/runs/perfedskd_100c/weights/round_050.pt
Output file downloaded to papers/perfedskd-singh-2025/runs/pulls/100c_s3/wandb/run-20260923_020808-perfedskd_100c/files/config.yaml
Output file downloaded to papers/perfedskd-singh-2025/runs/pulls/100c_s3/wandb/run-20260923_020808-perfedskd_100c/files/output.log
Output file downloaded to papers/perfedskd-singh-2025/runs/pulls/100c_s3/wandb/run-20260923_020808-perfedskd_100c/files/requirements.txt
Output file downloaded to papers/perfedskd-singh-2025/runs/pulls/100c_s3/wandb/run-20260923_020808-perfedskd_100c/files/wandb-metadata.json
Output file downloaded to papers/perfedskd-singh-2025/runs/pulls/100c_s3/wandb/run-20260923_020808-perfedskd_100c/files/wandb-summary.json
Output file downloaded to papers/perfedskd-singh-2025/runs/pulls/100c_s3/wandb/run-20260923_020808-perfedskd_100c/logs/debug-internal.log
Output file downloaded to papers/perfedskd-singh-2025/runs/pulls/100c_s3/wandb/run-20260923_020808-perfedskd_100c/logs/debug.log
Output file downloaded to papers/perfedskd-singh-2025/runs/pulls/100c_s3/wandb/run-20260923_020808-perfedskd_100c/run-perfedskd_100c.wandb
Kernel log downloaded to papers/perfedskd-singh-2025/runs/pulls/100c_s3/perfed-skd-veremi-100-clients-s3.log 
