__init__.py: Skipping, found more recently modified local copy (use --force to force download)
__init__.cpython-312.pyc: Skipping, found more recently modified local copy (use --force to force download)
ckpt.cpython-312.pyc: Skipping, found more recently modified local copy (use --force to force download)
data.cpython-312.pyc: Skipping, found more recently modified local copy (use --force to force download)
driver.cpython-312.pyc: Skipping, found more recently modified local copy (use --force to force download)
evaluate.cpython-312.pyc: Skipping, found more recently modified local copy (use --force to force download)
metrics.cpython-312.pyc: Skipping, found more recently modified local copy (use --force to force download)
model.cpython-312.pyc: Skipping, found more recently modified local copy (use --force to force download)
perfedskd.cpython-312.pyc: Skipping, found more recently modified local copy (use --force to force download)
verify.cpython-312.pyc: Skipping, found more recently modified local copy (use --force to force download)
ckpt.py: Skipping, found more recently modified local copy (use --force to force download)
data.py: Skipping, found more recently modified local copy (use --force to force download)
driver.py: Skipping, found more recently modified local copy (use --force to force download)
evaluate.py: Skipping, found more recently modified local copy (use --force to force download)
metrics.py: Skipping, found more recently modified local copy (use --force to force download)
model.py: Skipping, found more recently modified local copy (use --force to force download)
perfedskd.py: Skipping, found more recently modified local copy (use --force to force download)
verify.py: Skipping, found more recently modified local copy (use --force to force download)
clients.csv: Skipping, found more recently modified local copy (use --force to force download)
round_001.done: Skipping, found more recently modified local copy (use --force to force download)
round_002.done: Skipping, found more recently modified local copy (use --force to force download)
round_003.done: Skipping, found more recently modified local copy (use --force to force download)
round_004.done: Skipping, found more recently modified local copy (use --force to force download)
round_005.done: Skipping, found more recently modified local copy (use --force to force download)
round_006.done: Skipping, found more recently modified local copy (use --force to force download)
round_007.done: Skipping, found more recently modified local copy (use --force to force download)
round_008.done: Skipping, found more recently modified local copy (use --force to force download)
round_009.done: Skipping, found more recently modified local copy (use --force to force download)
round_010.done: Skipping, found more recently modified local copy (use --force to force download)
round_011.done: Skipping, found more recently modified local copy (use --force to force download)
round_012.done: Skipping, found more recently modified local copy (use --force to force download)
round_013.done: Skipping, found more recently modified local copy (use --force to force download)
round_014.done: Skipping, found more recently modified local copy (use --force to force download)
round_015.done: Skipping, found more recently modified local copy (use --force to force download)
round_016.done: Skipping, found more recently modified local copy (use --force to force download)
round_017.done: Skipping, found more recently modified local copy (use --force to force download)
round_018.done: Skipping, found more recently modified local copy (use --force to force download)
round_019.done: Skipping, found more recently modified local copy (use --force to force download)
round_020.done: Skipping, found more recently modified local copy (use --force to force download)
round_021.done: Skipping, found more recently modified local copy (use --force to force download)
round_022.done: Skipping, found more recently modified local copy (use --force to force download)
round_023.done: Skipping, found more recently modified local copy (use --force to force download)
round_024.done: Skipping, found more recently modified local copy (use --force to force download)
round_025.done: Skipping, found more recently modified local copy (use --force to force download)
round_026.done: Skipping, found more recently modified local copy (use --force to force download)
round_027.done: Skipping, found more recently modified local copy (use --force to force download)
round_028.done: Skipping, found more recently modified local copy (use --force to force download)
round_029.done: Skipping, found more recently modified local copy (use --force to force download)
round_030.done: Skipping, found more recently modified local copy (use --force to force download)
round_031.done: Skipping, found more recently modified local copy (use --force to force download)
round_032.done: Skipping, found more recently modified local copy (use --force to force download)
round_033.done: Skipping, found more recently modified local copy (use --force to force download)
round_034.done: Skipping, found more recently modified local copy (use --force to force download)
round_035.done: Skipping, found more recently modified local copy (use --force to force download)
round_036.done: Skipping, found more recently modified local copy (use --force to force download)
round_037.done: Skipping, found more recently modified local copy (use --force to force download)
round_038.done: Skipping, found more recently modified local copy (use --force to force download)
round_039.done: Skipping, found more recently modified local copy (use --force to force download)
round_040.done: Skipping, found more recently modified local copy (use --force to force download)
round_041.done: Skipping, found more recently modified local copy (use --force to force download)
round_042.done: Skipping, found more recently modified local copy (use --force to force download)
round_043.done: Skipping, found more recently modified local copy (use --force to force download)
round_044.done: Skipping, found more recently modified local copy (use --force to force download)
round_045.done: Skipping, found more recently modified local copy (use --force to force download)
round_046.done: Skipping, found more recently modified local copy (use --force to force download)
round_047.done: Skipping, found more recently modified local copy (use --force to force download)
round_048.done: Skipping, found more recently modified local copy (use --force to force download)
round_049.done: Skipping, found more recently modified local copy (use --force to force download)
round_050.done: Skipping, found more recently modified local copy (use --force to force download)
global_001.npy: Skipping, found more recently modified local copy (use --force to force download)
global_002.npy: Skipping, found more recently modified local copy (use --force to force download)
global_003.npy: Skipping, found more recently modified local copy (use --force to force download)
global_004.npy: Skipping, found more recently modified local copy (use --force to force download)
global_005.npy: Skipping, found more recently modified local copy (use --force to force download)
global_006.npy: Skipping, found more recently modified local copy (use --force to force download)
global_007.npy: Skipping, found more recently modified local copy (use --force to force download)
global_008.npy: Skipping, found more recently modified local copy (use --force to force download)
global_009.npy: Skipping, found more recently modified local copy (use --force to force download)
global_010.npy: Skipping, found more recently modified local copy (use --force to force download)
global_011.npy: Skipping, found more recently modified local copy (use --force to force download)
global_012.npy: Skipping, found more recently modified local copy (use --force to force download)
global_013.npy: Skipping, found more recently modified local copy (use --force to force download)
global_014.npy: Skipping, found more recently modified local copy (use --force to force download)
global_015.npy: Skipping, found more recently modified local copy (use --force to force download)
global_016.npy: Skipping, found more recently modified local copy (use --force to force download)
global_017.npy: Skipping, found more recently modified local copy (use --force to force download)
global_018.npy: Skipping, found more recently modified local copy (use --force to force download)
global_019.npy: Skipping, found more recently modified local copy (use --force to force download)
global_020.npy: Skipping, found more recently modified local copy (use --force to force download)
global_021.npy: Skipping, found more recently modified local copy (use --force to force download)
global_022.npy: Skipping, found more recently modified local copy (use --force to force download)
global_023.npy: Skipping, found more recently modified local copy (use --force to force download)
global_024.npy: Skipping, found more recently modified local copy (use --force to force download)
global_025.npy: Skipping, found more recently modified local copy (use --force to force download)
global_026.npy: Skipping, found more recently modified local copy (use --force to force download)
global_027.npy: Skipping, found more recently modified local copy (use --force to force download)
global_028.npy: Skipping, found more recently modified local copy (use --force to force download)
global_029.npy: Skipping, found more recently modified local copy (use --force to force download)
global_030.npy: Skipping, found more recently modified local copy (use --force to force download)
global_031.npy: Skipping, found more recently modified local copy (use --force to force download)
global_032.npy: Skipping, found more recently modified local copy (use --force to force download)
global_033.npy: Skipping, found more recently modified local copy (use --force to force download)
global_034.npy: Skipping, found more recently modified local copy (use --force to force download)
global_035.npy: Skipping, found more recently modified local copy (use --force to force download)
global_036.npy: Skipping, found more recently modified local copy (use --force to force download)
global_037.npy: Skipping, found more recently modified local copy (use --force to force download)
global_038.npy: Skipping, found more recently modified local copy (use --force to force download)
global_039.npy: Skipping, found more recently modified local copy (use --force to force download)
global_040.npy: Skipping, found more recently modified local copy (use --force to force download)
global_041.npy: Skipping, found more recently modified local copy (use --force to force download)
global_042.npy: Skipping, found more recently modified local copy (use --force to force download)
global_043.npy: Skipping, found more recently modified local copy (use --force to force download)
global_044.npy: Skipping, found more recently modified local copy (use --force to force download)
global_045.npy: Skipping, found more recently modified local copy (use --force to force download)
global_046.npy: Skipping, found more recently modified local copy (use --force to force download)
global_047.npy: Skipping, found more recently modified local copy (use --force to force download)
global_048.npy: Skipping, found more recently modified local copy (use --force to force download)
global_049.npy: Skipping, found more recently modified local copy (use --force to force download)
global_050.npy: Skipping, found more recently modified local copy (use --force to force download)
round_001.npy: Skipping, found more recently modified local copy (use --force to force download)
round_002.npy: Skipping, found more recently modified local copy (use --force to force download)
round_003.npy: Skipping, found more recently modified local copy (use --force to force download)
round_004.npy: Skipping, found more recently modified local copy (use --force to force download)
round_005.npy: Skipping, found more recently modified local copy (use --force to force download)
round_006.npy: Skipping, found more recently modified local copy (use --force to force download)
round_007.npy: Skipping, found more recently modified local copy (use --force to force download)
round_008.npy: Skipping, found more recently modified local copy (use --force to force download)
round_009.npy: Skipping, found more recently modified local copy (use --force to force download)
round_010.npy: Skipping, found more recently modified local copy (use --force to force download)
round_011.npy: Skipping, found more recently modified local copy (use --force to force download)
round_012.npy: Skipping, found more recently modified local copy (use --force to force download)
round_013.npy: Skipping, found more recently modified local copy (use --force to force download)
round_014.npy: Skipping, found more recently modified local copy (use --force to force download)
round_015.npy: Skipping, found more recently modified local copy (use --force to force download)
round_016.npy: Skipping, found more recently modified local copy (use --force to force download)
round_017.npy: Skipping, found more recently modified local copy (use --force to force download)
round_018.npy: Skipping, found more recently modified local copy (use --force to force download)
round_019.npy: Skipping, found more recently modified local copy (use --force to force download)
round_020.npy: Skipping, found more recently modified local copy (use --force to force download)
round_021.npy: Skipping, found more recently modified local copy (use --force to force download)
round_022.npy: Skipping, found more recently modified local copy (use --force to force download)
round_023.npy: Skipping, found more recently modified local copy (use --force to force download)
round_024.npy: Skipping, found more recently modified local copy (use --force to force download)
round_025.npy: Skipping, found more recently modified local copy (use --force to force download)
round_026.npy: Skipping, found more recently modified local copy (use --force to force download)
round_027.npy: Skipping, found more recently modified local copy (use --force to force download)
round_028.npy: Skipping, found more recently modified local copy (use --force to force download)
round_029.npy: Skipping, found more recently modified local copy (use --force to force download)
round_030.npy: Skipping, found more recently modified local copy (use --force to force download)
round_031.npy: Skipping, found more recently modified local copy (use --force to force download)
round_032.npy: Skipping, found more recently modified local copy (use --force to force download)
round_033.npy: Skipping, found more recently modified local copy (use --force to force download)
round_034.npy: Skipping, found more recently modified local copy (use --force to force download)
round_035.npy: Skipping, found more recently modified local copy (use --force to force download)
round_036.npy: Skipping, found more recently modified local copy (use --force to force download)
round_037.npy: Skipping, found more recently modified local copy (use --force to force download)
round_038.npy: Skipping, found more recently modified local copy (use --force to force download)
round_039.npy: Skipping, found more recently modified local copy (use --force to force download)
round_040.npy: Skipping, found more recently modified local copy (use --force to force download)
round_041.npy: Skipping, found more recently modified local copy (use --force to force download)
round_042.npy: Skipping, found more recently modified local copy (use --force to force download)
round_043.npy: Skipping, found more recently modified local copy (use --force to force download)
round_044.npy: Skipping, found more recently modified local copy (use --force to force download)
round_045.npy: Skipping, found more recently modified local copy (use --force to force download)
round_046.npy: Skipping, found more recently modified local copy (use --force to force download)
round_047.npy: Skipping, found more recently modified local copy (use --force to force download)
round_048.npy: Skipping, found more recently modified local copy (use --force to force download)
round_049.npy: Skipping, found more recently modified local copy (use --force to force download)
round_050.npy: Skipping, found more recently modified local copy (use --force to force download)
history.csv: Skipping, found more recently modified local copy (use --force to force download)
round_001.json: Skipping, found more recently modified local copy (use --force to force download)
round_002.json: Skipping, found more recently modified local copy (use --force to force download)
round_003.json: Skipping, found more recently modified local copy (use --force to force download)
round_004.json: Skipping, found more recently modified local copy (use --force to force download)
round_005.json: Skipping, found more recently modified local copy (use --force to force download)
round_006.json: Skipping, found more recently modified local copy (use --force to force download)
round_007.json: Skipping, found more recently modified local copy (use --force to force download)
round_008.json: Skipping, found more recently modified local copy (use --force to force download)
round_009.json: Skipping, found more recently modified local copy (use --force to force download)
round_010.json: Skipping, found more recently modified local copy (use --force to force download)
round_011.json: Skipping, found more recently modified local copy (use --force to force download)
round_012.json: Skipping, found more recently modified local copy (use --force to force download)
round_013.json: Skipping, found more recently modified local copy (use --force to force download)
round_014.json: Skipping, found more recently modified local copy (use --force to force download)
round_015.json: Skipping, found more recently modified local copy (use --force to force download)
round_016.json: Skipping, found more recently modified local copy (use --force to force download)
round_017.json: Skipping, found more recently modified local copy (use --force to force download)
round_018.json: Skipping, found more recently modified local copy (use --force to force download)
round_019.json: Skipping, found more recently modified local copy (use --force to force download)
round_020.json: Skipping, found more recently modified local copy (use --force to force download)
round_021.json: Skipping, found more recently modified local copy (use --force to force download)
round_022.json: Skipping, found more recently modified local copy (use --force to force download)
round_023.json: Skipping, found more recently modified local copy (use --force to force download)
round_024.json: Skipping, found more recently modified local copy (use --force to force download)
round_025.json: Skipping, found more recently modified local copy (use --force to force download)
round_026.json: Skipping, found more recently modified local copy (use --force to force download)
round_027.json: Skipping, found more recently modified local copy (use --force to force download)
round_028.json: Skipping, found more recently modified local copy (use --force to force download)
round_029.json: Skipping, found more recently modified local copy (use --force to force download)
round_030.json: Skipping, found more recently modified local copy (use --force to force download)
round_031.json: Skipping, found more recently modified local copy (use --force to force download)
round_032.json: Skipping, found more recently modified local copy (use --force to force download)
round_033.json: Skipping, found more recently modified local copy (use --force to force download)
round_034.json: Skipping, found more recently modified local copy (use --force to force download)
round_035.json: Skipping, found more recently modified local copy (use --force to force download)
round_036.json: Skipping, found more recently modified local copy (use --force to force download)
round_037.json: Skipping, found more recently modified local copy (use --force to force download)
round_038.json: Skipping, found more recently modified local copy (use --force to force download)
round_039.json: Skipping, found more recently modified local copy (use --force to force download)
round_040.json: Skipping, found more recently modified local copy (use --force to force download)
round_041.json: Skipping, found more recently modified local copy (use --force to force download)
round_042.json: Skipping, found more recently modified local copy (use --force to force download)
round_043.json: Skipping, found more recently modified local copy (use --force to force download)
round_044.json: Skipping, found more recently modified local copy (use --force to force download)
round_045.json: Skipping, found more recently modified local copy (use --force to force download)
round_046.json: Skipping, found more recently modified local copy (use --force to force download)
round_047.json: Skipping, found more recently modified local copy (use --force to force download)
round_048.json: Skipping, found more recently modified local copy (use --force to force download)
round_049.json: Skipping, found more recently modified local copy (use --force to force download)
round_050.json: Skipping, found more recently modified local copy (use --force to force download)
round_001.json: Skipping, found more recently modified local copy (use --force to force download)
round_002.json: Skipping, found more recently modified local copy (use --force to force download)
round_003.json: Skipping, found more recently modified local copy (use --force to force download)
round_004.json: Skipping, found more recently modified local copy (use --force to force download)
round_005.json: Skipping, found more recently modified local copy (use --force to force download)
round_006.json: Skipping, found more recently modified local copy (use --force to force download)
round_007.json: Skipping, found more recently modified local copy (use --force to force download)
round_008.json: Skipping, found more recently modified local copy (use --force to force download)
round_009.json: Skipping, found more recently modified local copy (use --force to force download)
round_010.json: Skipping, found more recently modified local copy (use --force to force download)
round_011.json: Skipping, found more recently modified local copy (use --force to force download)
round_012.json: Skipping, found more recently modified local copy (use --force to force download)
round_013.json: Skipping, found more recently modified local copy (use --force to force download)
round_014.json: Skipping, found more recently modified local copy (use --force to force download)
round_015.json: Skipping, found more recently modified local copy (use --force to force download)
round_016.json: Skipping, found more recently modified local copy (use --force to force download)
round_017.json: Skipping, found more recently modified local copy (use --force to force download)
round_018.json: Skipping, found more recently modified local copy (use --force to force download)
round_019.json: Skipping, found more recently modified local copy (use --force to force download)
round_020.json: Skipping, found more recently modified local copy (use --force to force download)
round_021.json: Skipping, found more recently modified local copy (use --force to force download)
round_022.json: Skipping, found more recently modified local copy (use --force to force download)
round_023.json: Skipping, found more recently modified local copy (use --force to force download)
round_024.json: Skipping, found more recently modified local copy (use --force to force download)
round_025.json: Skipping, found more recently modified local copy (use --force to force download)
round_026.json: Skipping, found more recently modified local copy (use --force to force download)
round_027.json: Skipping, found more recently modified local copy (use --force to force download)
round_028.json: Skipping, found more recently modified local copy (use --force to force download)
round_029.json: Skipping, found more recently modified local copy (use --force to force download)
round_030.json: Skipping, found more recently modified local copy (use --force to force download)
round_031.json: Skipping, found more recently modified local copy (use --force to force download)
round_032.json: Skipping, found more recently modified local copy (use --force to force download)
round_033.json: Skipping, found more recently modified local copy (use --force to force download)
round_034.json: Skipping, found more recently modified local copy (use --force to force download)
round_035.json: Skipping, found more recently modified local copy (use --force to force download)
round_036.json: Skipping, found more recently modified local copy (use --force to force download)
round_037.json: Skipping, found more recently modified local copy (use --force to force download)
round_038.json: Skipping, found more recently modified local copy (use --force to force download)
round_039.json: Skipping, found more recently modified local copy (use --force to force download)
round_040.json: Skipping, found more recently modified local copy (use --force to force download)
round_041.json: Skipping, found more recently modified local copy (use --force to force download)
round_042.json: Skipping, found more recently modified local copy (use --force to force download)
round_043.json: Skipping, found more recently modified local copy (use --force to force download)
round_044.json: Skipping, found more recently modified local copy (use --force to force download)
round_045.json: Skipping, found more recently modified local copy (use --force to force download)
round_046.json: Skipping, found more recently modified local copy (use --force to force download)
round_047.json: Skipping, found more recently modified local copy (use --force to force download)
round_048.json: Skipping, found more recently modified local copy (use --force to force download)
round_049.json: Skipping, found more recently modified local copy (use --force to force download)
round_050.json: Skipping, found more recently modified local copy (use --force to force download)
global_050.u8.npy: Skipping, found more recently modified local copy (use --force to force download)
round_050.u8.npy: Skipping, found more recently modified local copy (use --force to force download)
manifest.json: Skipping, found more recently modified local copy (use --force to force download)
y_true.u8.npy: Skipping, found more recently modified local copy (use --force to force download)
round_001.pt: Skipping, found more recently modified local copy (use --force to force download)
round_002.pt: Skipping, found more recently modified local copy (use --force to force download)
round_003.pt: Skipping, found more recently modified local copy (use --force to force download)
round_004.pt: Skipping, found more recently modified local copy (use --force to force download)
round_005.pt: Skipping, found more recently modified local copy (use --force to force download)
round_006.pt: Skipping, found more recently modified local copy (use --force to force download)
round_007.pt: Skipping, found more recently modified local copy (use --force to force download)
Output file downloaded to papers/perfedskd-singh-2025/runs/pulls/20c_s1/runs/perfedskd_20c/resume/round_008.pt
Output file downloaded to papers/perfedskd-singh-2025/runs/pulls/20c_s1/runs/perfedskd_20c/resume/round_009.pt
Output file downloaded to papers/perfedskd-singh-2025/runs/pulls/20c_s1/runs/perfedskd_20c/resume/round_010.pt
Output file downloaded to papers/perfedskd-singh-2025/runs/pulls/20c_s1/runs/perfedskd_20c/resume/round_011.pt
Output file downloaded to papers/perfedskd-singh-2025/runs/pulls/20c_s1/runs/perfedskd_20c/resume/round_012.pt
Output file downloaded to papers/perfedskd-singh-2025/runs/pulls/20c_s1/runs/perfedskd_20c/resume/round_013.pt
Output file downloaded to papers/perfedskd-singh-2025/runs/pulls/20c_s1/runs/perfedskd_20c/resume/round_014.pt
Output file downloaded to papers/perfedskd-singh-2025/runs/pulls/20c_s1/runs/perfedskd_20c/resume/round_015.pt
Output file downloaded to papers/perfedskd-singh-2025/runs/pulls/20c_s1/runs/perfedskd_20c/resume/round_016.pt
Output file downloaded to papers/perfedskd-singh-2025/runs/pulls/20c_s1/runs/perfedskd_20c/resume/round_017.pt
Output file downloaded to papers/perfedskd-singh-2025/runs/pulls/20c_s1/runs/perfedskd_20c/resume/round_018.pt
Output file downloaded to papers/perfedskd-singh-2025/runs/pulls/20c_s1/runs/perfedskd_20c/resume/round_019.pt
Output file downloaded to papers/perfedskd-singh-2025/runs/pulls/20c_s1/runs/perfedskd_20c/resume/round_020.pt
Output file downloaded to papers/perfedskd-singh-2025/runs/pulls/20c_s1/runs/perfedskd_20c/resume/round_021.pt
Output file downloaded to papers/perfedskd-singh-2025/runs/pulls/20c_s1/runs/perfedskd_20c/resume/round_022.pt
Output file downloaded to papers/perfedskd-singh-2025/runs/pulls/20c_s1/runs/perfedskd_20c/resume/round_023.pt
Output file downloaded to papers/perfedskd-singh-2025/runs/pulls/20c_s1/runs/perfedskd_20c/resume/round_024.pt
Output file downloaded to papers/perfedskd-singh-2025/runs/pulls/20c_s1/runs/perfedskd_20c/resume/round_025.pt
Output file downloaded to papers/perfedskd-singh-2025/runs/pulls/20c_s1/runs/perfedskd_20c/resume/round_026.pt
Output file downloaded to papers/perfedskd-singh-2025/runs/pulls/20c_s1/runs/perfedskd_20c/resume/round_027.pt
Output file downloaded to papers/perfedskd-singh-2025/runs/pulls/20c_s1/runs/perfedskd_20c/resume/round_028.pt
Output file downloaded to papers/perfedskd-singh-2025/runs/pulls/20c_s1/runs/perfedskd_20c/resume/round_029.pt
Output file downloaded to papers/perfedskd-singh-2025/runs/pulls/20c_s1/runs/perfedskd_20c/resume/round_030.pt
Output file downloaded to papers/perfedskd-singh-2025/runs/pulls/20c_s1/runs/perfedskd_20c/resume/round_031.pt
Output file downloaded to papers/perfedskd-singh-2025/runs/pulls/20c_s1/runs/perfedskd_20c/resume/round_032.pt
Output file downloaded to papers/perfedskd-singh-2025/runs/pulls/20c_s1/runs/perfedskd_20c/resume/round_033.pt
Output file downloaded to papers/perfedskd-singh-2025/runs/pulls/20c_s1/runs/perfedskd_20c/resume/round_034.pt
Output file downloaded to papers/perfedskd-singh-2025/runs/pulls/20c_s1/runs/perfedskd_20c/resume/round_035.pt
Output file downloaded to papers/perfedskd-singh-2025/runs/pulls/20c_s1/runs/perfedskd_20c/resume/round_036.pt
Output file downloaded to papers/perfedskd-singh-2025/runs/pulls/20c_s1/runs/perfedskd_20c/resume/round_037.pt
Output file downloaded to papers/perfedskd-singh-2025/runs/pulls/20c_s1/runs/perfedskd_20c/resume/round_038.pt
Output file downloaded to papers/perfedskd-singh-2025/runs/pulls/20c_s1/runs/perfedskd_20c/resume/round_039.pt
Output file downloaded to papers/perfedskd-singh-2025/runs/pulls/20c_s1/runs/perfedskd_20c/resume/round_040.pt
Output file downloaded to papers/perfedskd-singh-2025/runs/pulls/20c_s1/runs/perfedskd_20c/resume/round_041.pt
Output file downloaded to papers/perfedskd-singh-2025/runs/pulls/20c_s1/runs/perfedskd_20c/resume/round_042.pt
Output file downloaded to papers/perfedskd-singh-2025/runs/pulls/20c_s1/runs/perfedskd_20c/resume/round_043.pt
Output file downloaded to papers/perfedskd-singh-2025/runs/pulls/20c_s1/runs/perfedskd_20c/resume/round_044.pt
Output file downloaded to papers/perfedskd-singh-2025/runs/pulls/20c_s1/runs/perfedskd_20c/resume/round_045.pt
Output file downloaded to papers/perfedskd-singh-2025/runs/pulls/20c_s1/runs/perfedskd_20c/resume/round_046.pt
Output file downloaded to papers/perfedskd-singh-2025/runs/pulls/20c_s1/runs/perfedskd_20c/resume/round_047.pt
Output file downloaded to papers/perfedskd-singh-2025/runs/pulls/20c_s1/runs/perfedskd_20c/resume/round_048.pt
Output file downloaded to papers/perfedskd-singh-2025/runs/pulls/20c_s1/runs/perfedskd_20c/resume/round_049.pt
Output file downloaded to papers/perfedskd-singh-2025/runs/pulls/20c_s1/runs/perfedskd_20c/resume/round_050.pt
Output file downloaded to papers/perfedskd-singh-2025/runs/pulls/20c_s1/runs/perfedskd_20c/weights/round_001.pt
Output file downloaded to papers/perfedskd-singh-2025/runs/pulls/20c_s1/runs/perfedskd_20c/weights/round_002.pt
Output file downloaded to papers/perfedskd-singh-2025/runs/pulls/20c_s1/runs/perfedskd_20c/weights/round_003.pt
Output file downloaded to papers/perfedskd-singh-2025/runs/pulls/20c_s1/runs/perfedskd_20c/weights/round_004.pt
Output file downloaded to papers/perfedskd-singh-2025/runs/pulls/20c_s1/runs/perfedskd_20c/weights/round_005.pt
Output file downloaded to papers/perfedskd-singh-2025/runs/pulls/20c_s1/runs/perfedskd_20c/weights/round_006.pt
Output file downloaded to papers/perfedskd-singh-2025/runs/pulls/20c_s1/runs/perfedskd_20c/weights/round_007.pt
Output file downloaded to papers/perfedskd-singh-2025/runs/pulls/20c_s1/runs/perfedskd_20c/weights/round_008.pt
Output file downloaded to papers/perfedskd-singh-2025/runs/pulls/20c_s1/runs/perfedskd_20c/weights/round_009.pt
Output file downloaded to papers/perfedskd-singh-2025/runs/pulls/20c_s1/runs/perfedskd_20c/weights/round_010.pt
Output file downloaded to papers/perfedskd-singh-2025/runs/pulls/20c_s1/runs/perfedskd_20c/weights/round_011.pt
Output file downloaded to papers/perfedskd-singh-2025/runs/pulls/20c_s1/runs/perfedskd_20c/weights/round_012.pt
Output file downloaded to papers/perfedskd-singh-2025/runs/pulls/20c_s1/runs/perfedskd_20c/weights/round_013.pt
Output file downloaded to papers/perfedskd-singh-2025/runs/pulls/20c_s1/runs/perfedskd_20c/weights/round_014.pt
Output file downloaded to papers/perfedskd-singh-2025/runs/pulls/20c_s1/runs/perfedskd_20c/weights/round_015.pt
Output file downloaded to papers/perfedskd-singh-2025/runs/pulls/20c_s1/runs/perfedskd_20c/weights/round_016.pt
Output file downloaded to papers/perfedskd-singh-2025/runs/pulls/20c_s1/runs/perfedskd_20c/weights/round_017.pt
Output file downloaded to papers/perfedskd-singh-2025/runs/pulls/20c_s1/runs/perfedskd_20c/weights/round_018.pt
Output file downloaded to papers/perfedskd-singh-2025/runs/pulls/20c_s1/runs/perfedskd_20c/weights/round_019.pt
Output file downloaded to papers/perfedskd-singh-2025/runs/pulls/20c_s1/runs/perfedskd_20c/weights/round_020.pt
Output file downloaded to papers/perfedskd-singh-2025/runs/pulls/20c_s1/runs/perfedskd_20c/weights/round_021.pt
Output file downloaded to papers/perfedskd-singh-2025/runs/pulls/20c_s1/runs/perfedskd_20c/weights/round_022.pt
Output file downloaded to papers/perfedskd-singh-2025/runs/pulls/20c_s1/runs/perfedskd_20c/weights/round_023.pt
Output file downloaded to papers/perfedskd-singh-2025/runs/pulls/20c_s1/runs/perfedskd_20c/weights/round_024.pt
Output file downloaded to papers/perfedskd-singh-2025/runs/pulls/20c_s1/runs/perfedskd_20c/weights/round_025.pt
Output file downloaded to papers/perfedskd-singh-2025/runs/pulls/20c_s1/runs/perfedskd_20c/weights/round_026.pt
Output file downloaded to papers/perfedskd-singh-2025/runs/pulls/20c_s1/runs/perfedskd_20c/weights/round_027.pt
Output file downloaded to papers/perfedskd-singh-2025/runs/pulls/20c_s1/runs/perfedskd_20c/weights/round_028.pt
Output file downloaded to papers/perfedskd-singh-2025/runs/pulls/20c_s1/runs/perfedskd_20c/weights/round_029.pt
Output file downloaded to papers/perfedskd-singh-2025/runs/pulls/20c_s1/runs/perfedskd_20c/weights/round_030.pt
Output file downloaded to papers/perfedskd-singh-2025/runs/pulls/20c_s1/runs/perfedskd_20c/weights/round_031.pt
Output file downloaded to papers/perfedskd-singh-2025/runs/pulls/20c_s1/runs/perfedskd_20c/weights/round_032.pt
Output file downloaded to papers/perfedskd-singh-2025/runs/pulls/20c_s1/runs/perfedskd_20c/weights/round_033.pt
Output file downloaded to papers/perfedskd-singh-2025/runs/pulls/20c_s1/runs/perfedskd_20c/weights/round_034.pt
Output file downloaded to papers/perfedskd-singh-2025/runs/pulls/20c_s1/runs/perfedskd_20c/weights/round_035.pt
Output file downloaded to papers/perfedskd-singh-2025/runs/pulls/20c_s1/runs/perfedskd_20c/weights/round_036.pt
Output file downloaded to papers/perfedskd-singh-2025/runs/pulls/20c_s1/runs/perfedskd_20c/weights/round_037.pt
Output file downloaded to papers/perfedskd-singh-2025/runs/pulls/20c_s1/runs/perfedskd_20c/weights/round_038.pt
Output file downloaded to papers/perfedskd-singh-2025/runs/pulls/20c_s1/runs/perfedskd_20c/weights/round_039.pt
Output file downloaded to papers/perfedskd-singh-2025/runs/pulls/20c_s1/runs/perfedskd_20c/weights/round_040.pt
Output file downloaded to papers/perfedskd-singh-2025/runs/pulls/20c_s1/runs/perfedskd_20c/weights/round_041.pt
Output file downloaded to papers/perfedskd-singh-2025/runs/pulls/20c_s1/runs/perfedskd_20c/weights/round_042.pt
Output file downloaded to papers/perfedskd-singh-2025/runs/pulls/20c_s1/runs/perfedskd_20c/weights/round_043.pt
Output file downloaded to papers/perfedskd-singh-2025/runs/pulls/20c_s1/runs/perfedskd_20c/weights/round_044.pt
Output file downloaded to papers/perfedskd-singh-2025/runs/pulls/20c_s1/runs/perfedskd_20c/weights/round_045.pt
Output file downloaded to papers/perfedskd-singh-2025/runs/pulls/20c_s1/runs/perfedskd_20c/weights/round_046.pt
Output file downloaded to papers/perfedskd-singh-2025/runs/pulls/20c_s1/runs/perfedskd_20c/weights/round_047.pt
Output file downloaded to papers/perfedskd-singh-2025/runs/pulls/20c_s1/runs/perfedskd_20c/weights/round_048.pt
Output file downloaded to papers/perfedskd-singh-2025/runs/pulls/20c_s1/runs/perfedskd_20c/weights/round_049.pt
Output file downloaded to papers/perfedskd-singh-2025/runs/pulls/20c_s1/runs/perfedskd_20c/weights/round_050.pt
Output file downloaded to papers/perfedskd-singh-2025/runs/pulls/20c_s1/wandb/run-20260921_131647-perfedskd_20c/files/config.yaml
Output file downloaded to papers/perfedskd-singh-2025/runs/pulls/20c_s1/wandb/run-20260921_131647-perfedskd_20c/files/output.log
Output file downloaded to papers/perfedskd-singh-2025/runs/pulls/20c_s1/wandb/run-20260921_131647-perfedskd_20c/files/requirements.txt
Output file downloaded to papers/perfedskd-singh-2025/runs/pulls/20c_s1/wandb/run-20260921_131647-perfedskd_20c/files/wandb-metadata.json
Output file downloaded to papers/perfedskd-singh-2025/runs/pulls/20c_s1/wandb/run-20260921_131647-perfedskd_20c/files/wandb-summary.json
Output file downloaded to papers/perfedskd-singh-2025/runs/pulls/20c_s1/wandb/run-20260921_131647-perfedskd_20c/logs/debug-internal.log
Output file downloaded to papers/perfedskd-singh-2025/runs/pulls/20c_s1/wandb/run-20260921_131647-perfedskd_20c/logs/debug.log
Output file downloaded to papers/perfedskd-singh-2025/runs/pulls/20c_s1/wandb/run-20260921_131647-perfedskd_20c/run-perfedskd_20c.wandb
Kernel log downloaded to papers/perfedskd-singh-2025/runs/pulls/20c_s1/perfed-skd-veremi-20-clients.log 
