__init__.py: Skipping, found more recently modified local copy (use --force to force download)
__init__.cpython-312.pyc: Skipping, found more recently modified local copy (use --force to force download)
ckpt.cpython-312.pyc: Skipping, found more recently modified local copy (use --force to force download)
data.cpython-312.pyc: Skipping, found more recently modified local copy (use --force to force download)
driver.cpython-312.pyc: Skipping, found more recently modified local copy (use --force to force download)
evaluate.cpython-312.pyc: Skipping, found more recently modified local copy (use --force to force download)
metrics.cpython-312.pyc: Skipping, found more recently modified local copy (use --force to force download)
model.cpython-312.pyc: Skipping, found more recently modified local copy (use --force to force download)
perfedskd.cpython-312.pyc: Skipping, found more recently modified local copy (use --force to force download)
verify.cpython-312.pyc: Skipping, found more recently modified local copy (use --force to force download)
ckpt.py: Skipping, found more recently modified local copy (use --force to force download)
data.py: Skipping, found more recently modified local copy (use --force to force download)
driver.py: Skipping, found more recently modified local copy (use --force to force download)
evaluate.py: Skipping, found more recently modified local copy (use --force to force download)
metrics.py: Skipping, found more recently modified local copy (use --force to force download)
model.py: Skipping, found more recently modified local copy (use --force to force download)
perfedskd.py: Skipping, found more recently modified local copy (use --force to force download)
verify.py: Skipping, found more recently modified local copy (use --force to force download)
clients.csv: Skipping, found more recently modified local copy (use --force to force download)
round_001.done: Skipping, found more recently modified local copy (use --force to force download)
round_002.done: Skipping, found more recently modified local copy (use --force to force download)
round_003.done: Skipping, found more recently modified local copy (use --force to force download)
round_004.done: Skipping, found more recently modified local copy (use --force to force download)
round_005.done: Skipping, found more recently modified local copy (use --force to force download)
round_006.done: Skipping, found more recently modified local copy (use --force to force download)
round_007.done: Skipping, found more recently modified local copy (use --force to force download)
round_008.done: Skipping, found more recently modified local copy (use --force to force download)
round_009.done: Skipping, found more recently modified local copy (use --force to force download)
round_010.done: Skipping, found more recently modified local copy (use --force to force download)
round_011.done: Skipping, found more recently modified local copy (use --force to force download)
round_012.done: Skipping, found more recently modified local copy (use --force to force download)
round_013.done: Skipping, found more recently modified local copy (use --force to force download)
round_014.done: Skipping, found more recently modified local copy (use --force to force download)
round_015.done: Skipping, found more recently modified local copy (use --force to force download)
round_016.done: Skipping, found more recently modified local copy (use --force to force download)
round_017.done: Skipping, found more recently modified local copy (use --force to force download)
round_018.done: Skipping, found more recently modified local copy (use --force to force download)
round_019.done: Skipping, found more recently modified local copy (use --force to force download)
round_020.done: Skipping, found more recently modified local copy (use --force to force download)
round_021.done: Skipping, found more recently modified local copy (use --force to force download)
round_022.done: Skipping, found more recently modified local copy (use --force to force download)
round_023.done: Skipping, found more recently modified local copy (use --force to force download)
round_024.done: Skipping, found more recently modified local copy (use --force to force download)
round_025.done: Skipping, found more recently modified local copy (use --force to force download)
round_026.done: Skipping, found more recently modified local copy (use --force to force download)
round_027.done: Skipping, found more recently modified local copy (use --force to force download)
round_028.done: Skipping, found more recently modified local copy (use --force to force download)
round_029.done: Skipping, found more recently modified local copy (use --force to force download)
round_030.done: Skipping, found more recently modified local copy (use --force to force download)
round_031.done: Skipping, found more recently modified local copy (use --force to force download)
round_032.done: Skipping, found more recently modified local copy (use --force to force download)
round_033.done: Skipping, found more recently modified local copy (use --force to force download)
round_034.done: Skipping, found more recently modified local copy (use --force to force download)
global_001.npy: Skipping, found more recently modified local copy (use --force to force download)
global_002.npy: Skipping, found more recently modified local copy (use --force to force download)
global_003.npy: Skipping, found more recently modified local copy (use --force to force download)
global_004.npy: Skipping, found more recently modified local copy (use --force to force download)
global_005.npy: Skipping, found more recently modified local copy (use --force to force download)
global_006.npy: Skipping, found more recently modified local copy (use --force to force download)
global_007.npy: Skipping, found more recently modified local copy (use --force to force download)
global_008.npy: Skipping, found more recently modified local copy (use --force to force download)
global_009.npy: Skipping, found more recently modified local copy (use --force to force download)
global_010.npy: Skipping, found more recently modified local copy (use --force to force download)
global_011.npy: Skipping, found more recently modified local copy (use --force to force download)
global_012.npy: Skipping, found more recently modified local copy (use --force to force download)
global_013.npy: Skipping, found more recently modified local copy (use --force to force download)
global_014.npy: Skipping, found more recently modified local copy (use --force to force download)
global_015.npy: Skipping, found more recently modified local copy (use --force to force download)
global_016.npy: Skipping, found more recently modified local copy (use --force to force download)
global_017.npy: Skipping, found more recently modified local copy (use --force to force download)
global_018.npy: Skipping, found more recently modified local copy (use --force to force download)
global_019.npy: Skipping, found more recently modified local copy (use --force to force download)
global_020.npy: Skipping, found more recently modified local copy (use --force to force download)
global_021.npy: Skipping, found more recently modified local copy (use --force to force download)
global_022.npy: Skipping, found more recently modified local copy (use --force to force download)
global_023.npy: Skipping, found more recently modified local copy (use --force to force download)
global_024.npy: Skipping, found more recently modified local copy (use --force to force download)
global_025.npy: Skipping, found more recently modified local copy (use --force to force download)
global_026.npy: Skipping, found more recently modified local copy (use --force to force download)
global_027.npy: Skipping, found more recently modified local copy (use --force to force download)
global_028.npy: Skipping, found more recently modified local copy (use --force to force download)
global_029.npy: Skipping, found more recently modified local copy (use --force to force download)
global_030.npy: Skipping, found more recently modified local copy (use --force to force download)
global_031.npy: Skipping, found more recently modified local copy (use --force to force download)
global_032.npy: Skipping, found more recently modified local copy (use --force to force download)
global_033.npy: Skipping, found more recently modified local copy (use --force to force download)
global_034.npy: Skipping, found more recently modified local copy (use --force to force download)
round_001.npy: Skipping, found more recently modified local copy (use --force to force download)
round_002.npy: Skipping, found more recently modified local copy (use --force to force download)
round_003.npy: Skipping, found more recently modified local copy (use --force to force download)
round_004.npy: Skipping, found more recently modified local copy (use --force to force download)
round_005.npy: Skipping, found more recently modified local copy (use --force to force download)
round_006.npy: Skipping, found more recently modified local copy (use --force to force download)
round_007.npy: Skipping, found more recently modified local copy (use --force to force download)
round_008.npy: Skipping, found more recently modified local copy (use --force to force download)
round_009.npy: Skipping, found more recently modified local copy (use --force to force download)
round_010.npy: Skipping, found more recently modified local copy (use --force to force download)
round_011.npy: Skipping, found more recently modified local copy (use --force to force download)
round_012.npy: Skipping, found more recently modified local copy (use --force to force download)
round_013.npy: Skipping, found more recently modified local copy (use --force to force download)
round_014.npy: Skipping, found more recently modified local copy (use --force to force download)
round_015.npy: Skipping, found more recently modified local copy (use --force to force download)
round_016.npy: Skipping, found more recently modified local copy (use --force to force download)
round_017.npy: Skipping, found more recently modified local copy (use --force to force download)
round_018.npy: Skipping, found more recently modified local copy (use --force to force download)
round_019.npy: Skipping, found more recently modified local copy (use --force to force download)
round_020.npy: Skipping, found more recently modified local copy (use --force to force download)
round_021.npy: Skipping, found more recently modified local copy (use --force to force download)
round_022.npy: Skipping, found more recently modified local copy (use --force to force download)
round_023.npy: Skipping, found more recently modified local copy (use --force to force download)
round_024.npy: Skipping, found more recently modified local copy (use --force to force download)
round_025.npy: Skipping, found more recently modified local copy (use --force to force download)
round_026.npy: Skipping, found more recently modified local copy (use --force to force download)
round_027.npy: Skipping, found more recently modified local copy (use --force to force download)
round_028.npy: Skipping, found more recently modified local copy (use --force to force download)
round_029.npy: Skipping, found more recently modified local copy (use --force to force download)
round_030.npy: Skipping, found more recently modified local copy (use --force to force download)
round_031.npy: Skipping, found more recently modified local copy (use --force to force download)
round_032.npy: Skipping, found more recently modified local copy (use --force to force download)
round_033.npy: Skipping, found more recently modified local copy (use --force to force download)
round_034.npy: Skipping, found more recently modified local copy (use --force to force download)
history.csv: Skipping, found more recently modified local copy (use --force to force download)
round_001.json: Skipping, found more recently modified local copy (use --force to force download)
round_002.json: Skipping, found more recently modified local copy (use --force to force download)
round_003.json: Skipping, found more recently modified local copy (use --force to force download)
round_004.json: Skipping, found more recently modified local copy (use --force to force download)
round_005.json: Skipping, found more recently modified local copy (use --force to force download)
round_006.json: Skipping, found more recently modified local copy (use --force to force download)
round_007.json: Skipping, found more recently modified local copy (use --force to force download)
round_008.json: Skipping, found more recently modified local copy (use --force to force download)
round_009.json: Skipping, found more recently modified local copy (use --force to force download)
round_010.json: Skipping, found more recently modified local copy (use --force to force download)
round_011.json: Skipping, found more recently modified local copy (use --force to force download)
round_012.json: Skipping, found more recently modified local copy (use --force to force download)
round_013.json: Skipping, found more recently modified local copy (use --force to force download)
round_014.json: Skipping, found more recently modified local copy (use --force to force download)
round_015.json: Skipping, found more recently modified local copy (use --force to force download)
round_016.json: Skipping, found more recently modified local copy (use --force to force download)
round_017.json: Skipping, found more recently modified local copy (use --force to force download)
round_018.json: Skipping, found more recently modified local copy (use --force to force download)
round_019.json: Skipping, found more recently modified local copy (use --force to force download)
round_020.json: Skipping, found more recently modified local copy (use --force to force download)
round_021.json: Skipping, found more recently modified local copy (use --force to force download)
round_022.json: Skipping, found more recently modified local copy (use --force to force download)
round_023.json: Skipping, found more recently modified local copy (use --force to force download)
round_024.json: Skipping, found more recently modified local copy (use --force to force download)
round_025.json: Skipping, found more recently modified local copy (use --force to force download)
round_026.json: Skipping, found more recently modified local copy (use --force to force download)
round_027.json: Skipping, found more recently modified local copy (use --force to force download)
round_028.json: Skipping, found more recently modified local copy (use --force to force download)
round_029.json: Skipping, found more recently modified local copy (use --force to force download)
round_030.json: Skipping, found more recently modified local copy (use --force to force download)
round_031.json: Skipping, found more recently modified local copy (use --force to force download)
round_032.json: Skipping, found more recently modified local copy (use --force to force download)
round_033.json: Skipping, found more recently modified local copy (use --force to force download)
round_034.json: Skipping, found more recently modified local copy (use --force to force download)
round_001.json: Skipping, found more recently modified local copy (use --force to force download)
round_002.json: Skipping, found more recently modified local copy (use --force to force download)
round_003.json: Skipping, found more recently modified local copy (use --force to force download)
round_004.json: Skipping, found more recently modified local copy (use --force to force download)
round_005.json: Skipping, found more recently modified local copy (use --force to force download)
round_006.json: Skipping, found more recently modified local copy (use --force to force download)
round_007.json: Skipping, found more recently modified local copy (use --force to force download)
round_008.json: Skipping, found more recently modified local copy (use --force to force download)
round_009.json: Skipping, found more recently modified local copy (use --force to force download)
round_010.json: Skipping, found more recently modified local copy (use --force to force download)
round_011.json: Skipping, found more recently modified local copy (use --force to force download)
round_012.json: Skipping, found more recently modified local copy (use --force to force download)
round_013.json: Skipping, found more recently modified local copy (use --force to force download)
round_014.json: Skipping, found more recently modified local copy (use --force to force download)
round_015.json: Skipping, found more recently modified local copy (use --force to force download)
round_016.json: Skipping, found more recently modified local copy (use --force to force download)
round_017.json: Skipping, found more recently modified local copy (use --force to force download)
round_018.json: Skipping, found more recently modified local copy (use --force to force download)
round_019.json: Skipping, found more recently modified local copy (use --force to force download)
round_020.json: Skipping, found more recently modified local copy (use --force to force download)
round_021.json: Skipping, found more recently modified local copy (use --force to force download)
round_022.json: Skipping, found more recently modified local copy (use --force to force download)
round_023.json: Skipping, found more recently modified local copy (use --force to force download)
round_024.json: Skipping, found more recently modified local copy (use --force to force download)
round_025.json: Skipping, found more recently modified local copy (use --force to force download)
round_026.json: Skipping, found more recently modified local copy (use --force to force download)
round_027.json: Skipping, found more recently modified local copy (use --force to force download)
round_028.json: Skipping, found more recently modified local copy (use --force to force download)
round_029.json: Skipping, found more recently modified local copy (use --force to force download)
round_030.json: Skipping, found more recently modified local copy (use --force to force download)
round_031.json: Skipping, found more recently modified local copy (use --force to force download)
round_032.json: Skipping, found more recently modified local copy (use --force to force download)
round_033.json: Skipping, found more recently modified local copy (use --force to force download)
round_034.json: Skipping, found more recently modified local copy (use --force to force download)
manifest.json: Skipping, found more recently modified local copy (use --force to force download)
y_true.u8.npy: Skipping, found more recently modified local copy (use --force to force download)
round_001.pt: Skipping, found more recently modified local copy (use --force to force download)
round_002.pt: Skipping, found more recently modified local copy (use --force to force download)
round_003.pt: Skipping, found more recently modified local copy (use --force to force download)
round_004.pt: Skipping, found more recently modified local copy (use --force to force download)
round_005.pt: Skipping, found more recently modified local copy (use --force to force download)
round_006.pt: Skipping, found more recently modified local copy (use --force to force download)
round_007.pt: Skipping, found more recently modified local copy (use --force to force download)
round_008.pt: Skipping, found more recently modified local copy (use --force to force download)
round_009.pt: Skipping, found more recently modified local copy (use --force to force download)
round_010.pt: Skipping, found more recently modified local copy (use --force to force download)
round_011.pt: Skipping, found more recently modified local copy (use --force to force download)
round_012.pt: Skipping, found more recently modified local copy (use --force to force download)
round_013.pt: Skipping, found more recently modified local copy (use --force to force download)
round_014.pt: Skipping, found more recently modified local copy (use --force to force download)
round_015.pt: Skipping, found more recently modified local copy (use --force to force download)
round_016.pt: Skipping, found more recently modified local copy (use --force to force download)
round_017.pt: Skipping, found more recently modified local copy (use --force to force download)
round_018.pt: Skipping, found more recently modified local copy (use --force to force download)
round_019.pt: Skipping, found more recently modified local copy (use --force to force download)
round_020.pt: Skipping, found more recently modified local copy (use --force to force download)
round_021.pt: Skipping, found more recently modified local copy (use --force to force download)
round_022.pt: Skipping, found more recently modified local copy (use --force to force download)
round_023.pt: Skipping, found more recently modified local copy (use --force to force download)
round_024.pt: Skipping, found more recently modified local copy (use --force to force download)
round_025.pt: Skipping, found more recently modified local copy (use --force to force download)
round_026.pt: Skipping, found more recently modified local copy (use --force to force download)
round_027.pt: Skipping, found more recently modified local copy (use --force to force download)
round_028.pt: Skipping, found more recently modified local copy (use --force to force download)
round_029.pt: Skipping, found more recently modified local copy (use --force to force download)
round_030.pt: Skipping, found more recently modified local copy (use --force to force download)
round_031.pt: Skipping, found more recently modified local copy (use --force to force download)
round_032.pt: Skipping, found more recently modified local copy (use --force to force download)
round_033.pt: Skipping, found more recently modified local copy (use --force to force download)
round_034.pt: Skipping, found more recently modified local copy (use --force to force download)
round_001.pt: Skipping, found more recently modified local copy (use --force to force download)
round_002.pt: Skipping, found more recently modified local copy (use --force to force download)
round_003.pt: Skipping, found more recently modified local copy (use --force to force download)
round_004.pt: Skipping, found more recently modified local copy (use --force to force download)
round_005.pt: Skipping, found more recently modified local copy (use --force to force download)
round_006.pt: Skipping, found more recently modified local copy (use --force to force download)
round_007.pt: Skipping, found more recently modified local copy (use --force to force download)
round_008.pt: Skipping, found more recently modified local copy (use --force to force download)
round_009.pt: Skipping, found more recently modified local copy (use --force to force download)
round_010.pt: Skipping, found more recently modified local copy (use --force to force download)
round_011.pt: Skipping, found more recently modified local copy (use --force to force download)
Output file downloaded to papers/perfedskd-singh-2025/runs/pulls/50c_s1/runs/perfedskd_50c/weights/round_012.pt
Output file downloaded to papers/perfedskd-singh-2025/runs/pulls/50c_s1/runs/perfedskd_50c/weights/round_013.pt
Output file downloaded to papers/perfedskd-singh-2025/runs/pulls/50c_s1/runs/perfedskd_50c/weights/round_014.pt
Output file downloaded to papers/perfedskd-singh-2025/runs/pulls/50c_s1/runs/perfedskd_50c/weights/round_015.pt
Output file downloaded to papers/perfedskd-singh-2025/runs/pulls/50c_s1/runs/perfedskd_50c/weights/round_016.pt
Output file downloaded to papers/perfedskd-singh-2025/runs/pulls/50c_s1/runs/perfedskd_50c/weights/round_017.pt
Output file downloaded to papers/perfedskd-singh-2025/runs/pulls/50c_s1/runs/perfedskd_50c/weights/round_018.pt
Output file downloaded to papers/perfedskd-singh-2025/runs/pulls/50c_s1/runs/perfedskd_50c/weights/round_019.pt
Output file downloaded to papers/perfedskd-singh-2025/runs/pulls/50c_s1/runs/perfedskd_50c/weights/round_020.pt
Output file downloaded to papers/perfedskd-singh-2025/runs/pulls/50c_s1/runs/perfedskd_50c/weights/round_021.pt
Output file downloaded to papers/perfedskd-singh-2025/runs/pulls/50c_s1/runs/perfedskd_50c/weights/round_022.pt
Output file downloaded to papers/perfedskd-singh-2025/runs/pulls/50c_s1/runs/perfedskd_50c/weights/round_023.pt
Output file downloaded to papers/perfedskd-singh-2025/runs/pulls/50c_s1/runs/perfedskd_50c/weights/round_024.pt
Output file downloaded to papers/perfedskd-singh-2025/runs/pulls/50c_s1/runs/perfedskd_50c/weights/round_025.pt
Output file downloaded to papers/perfedskd-singh-2025/runs/pulls/50c_s1/runs/perfedskd_50c/weights/round_026.pt
Output file downloaded to papers/perfedskd-singh-2025/runs/pulls/50c_s1/runs/perfedskd_50c/weights/round_027.pt
Output file downloaded to papers/perfedskd-singh-2025/runs/pulls/50c_s1/runs/perfedskd_50c/weights/round_028.pt
Output file downloaded to papers/perfedskd-singh-2025/runs/pulls/50c_s1/runs/perfedskd_50c/weights/round_029.pt
Output file downloaded to papers/perfedskd-singh-2025/runs/pulls/50c_s1/runs/perfedskd_50c/weights/round_030.pt
Output file downloaded to papers/perfedskd-singh-2025/runs/pulls/50c_s1/runs/perfedskd_50c/weights/round_031.pt
Output file downloaded to papers/perfedskd-singh-2025/runs/pulls/50c_s1/runs/perfedskd_50c/weights/round_032.pt
Output file downloaded to papers/perfedskd-singh-2025/runs/pulls/50c_s1/runs/perfedskd_50c/weights/round_033.pt
Output file downloaded to papers/perfedskd-singh-2025/runs/pulls/50c_s1/runs/perfedskd_50c/weights/round_034.pt
Output file downloaded to papers/perfedskd-singh-2025/runs/pulls/50c_s1/wandb/run-20260921_131756-perfedskd_50c/files/config.yaml
Output file downloaded to papers/perfedskd-singh-2025/runs/pulls/50c_s1/wandb/run-20260921_131756-perfedskd_50c/files/output.log
Output file downloaded to papers/perfedskd-singh-2025/runs/pulls/50c_s1/wandb/run-20260921_131756-perfedskd_50c/files/requirements.txt
Output file downloaded to papers/perfedskd-singh-2025/runs/pulls/50c_s1/wandb/run-20260921_131756-perfedskd_50c/files/wandb-metadata.json
Output file downloaded to papers/perfedskd-singh-2025/runs/pulls/50c_s1/wandb/run-20260921_131756-perfedskd_50c/files/wandb-summary.json
Output file downloaded to papers/perfedskd-singh-2025/runs/pulls/50c_s1/wandb/run-20260921_131756-perfedskd_50c/logs/debug-internal.log
Output file downloaded to papers/perfedskd-singh-2025/runs/pulls/50c_s1/wandb/run-20260921_131756-perfedskd_50c/logs/debug.log
Output file downloaded to papers/perfedskd-singh-2025/runs/pulls/50c_s1/wandb/run-20260921_131756-perfedskd_50c/run-perfedskd_50c.wandb
Kernel log downloaded to papers/perfedskd-singh-2025/runs/pulls/50c_s1/perfed-skd-veremi-50-clients.log 
