Output file downloaded to papers/perfedskd-singh-2025/runs/pulls/50c_s2/proj/__init__.py
Output file downloaded to papers/perfedskd-singh-2025/runs/pulls/50c_s2/proj/__pycache__/__init__.cpython-312.pyc
Output file downloaded to papers/perfedskd-singh-2025/runs/pulls/50c_s2/proj/__pycache__/ckpt.cpython-312.pyc
Output file downloaded to papers/perfedskd-singh-2025/runs/pulls/50c_s2/proj/__pycache__/data.cpython-312.pyc
Output file downloaded to papers/perfedskd-singh-2025/runs/pulls/50c_s2/proj/__pycache__/driver.cpython-312.pyc
Output file downloaded to papers/perfedskd-singh-2025/runs/pulls/50c_s2/proj/__pycache__/evaluate.cpython-312.pyc
Output file downloaded to papers/perfedskd-singh-2025/runs/pulls/50c_s2/proj/__pycache__/metrics.cpython-312.pyc
Output file downloaded to papers/perfedskd-singh-2025/runs/pulls/50c_s2/proj/__pycache__/model.cpython-312.pyc
Output file downloaded to papers/perfedskd-singh-2025/runs/pulls/50c_s2/proj/__pycache__/perfedskd.cpython-312.pyc
Output file downloaded to papers/perfedskd-singh-2025/runs/pulls/50c_s2/proj/__pycache__/verify.cpython-312.pyc
Output file downloaded to papers/perfedskd-singh-2025/runs/pulls/50c_s2/proj/ckpt.py
Output file downloaded to papers/perfedskd-singh-2025/runs/pulls/50c_s2/proj/data.py
Output file downloaded to papers/perfedskd-singh-2025/runs/pulls/50c_s2/proj/driver.py
Output file downloaded to papers/perfedskd-singh-2025/runs/pulls/50c_s2/proj/evaluate.py
Output file downloaded to papers/perfedskd-singh-2025/runs/pulls/50c_s2/proj/metrics.py
Output file downloaded to papers/perfedskd-singh-2025/runs/pulls/50c_s2/proj/model.py
Output file downloaded to papers/perfedskd-singh-2025/runs/pulls/50c_s2/proj/perfedskd.py
Output file downloaded to papers/perfedskd-singh-2025/runs/pulls/50c_s2/proj/verify.py
Output file downloaded to papers/perfedskd-singh-2025/runs/pulls/50c_s2/runs/perfedskd_50c/clients.csv
Output file downloaded to papers/perfedskd-singh-2025/runs/pulls/50c_s2/runs/perfedskd_50c/complete/round_001.done
Output file downloaded to papers/perfedskd-singh-2025/runs/pulls/50c_s2/runs/perfedskd_50c/complete/round_002.done
Output file downloaded to papers/perfedskd-singh-2025/runs/pulls/50c_s2/runs/perfedskd_50c/complete/round_003.done
Output file downloaded to papers/perfedskd-singh-2025/runs/pulls/50c_s2/runs/perfedskd_50c/complete/round_004.done
Output file downloaded to papers/perfedskd-singh-2025/runs/pulls/50c_s2/runs/perfedskd_50c/complete/round_005.done
Output file downloaded to papers/perfedskd-singh-2025/runs/pulls/50c_s2/runs/perfedskd_50c/complete/round_006.done
Output file downloaded to papers/perfedskd-singh-2025/runs/pulls/50c_s2/runs/perfedskd_50c/complete/round_007.done
Output file downloaded to papers/perfedskd-singh-2025/runs/pulls/50c_s2/runs/perfedskd_50c/complete/round_008.done
Output file downloaded to papers/perfedskd-singh-2025/runs/pulls/50c_s2/runs/perfedskd_50c/complete/round_009.done
Output file downloaded to papers/perfedskd-singh-2025/runs/pulls/50c_s2/runs/perfedskd_50c/complete/round_010.done
Output file downloaded to papers/perfedskd-singh-2025/runs/pulls/50c_s2/runs/perfedskd_50c/complete/round_011.done
Output file downloaded to papers/perfedskd-singh-2025/runs/pulls/50c_s2/runs/perfedskd_50c/complete/round_012.done
Output file downloaded to papers/perfedskd-singh-2025/runs/pulls/50c_s2/runs/perfedskd_50c/complete/round_013.done
Output file downloaded to papers/perfedskd-singh-2025/runs/pulls/50c_s2/runs/perfedskd_50c/complete/round_014.done
Output file downloaded to papers/perfedskd-singh-2025/runs/pulls/50c_s2/runs/perfedskd_50c/complete/round_015.done
Output file downloaded to papers/perfedskd-singh-2025/runs/pulls/50c_s2/runs/perfedskd_50c/complete/round_016.done
Output file downloaded to papers/perfedskd-singh-2025/runs/pulls/50c_s2/runs/perfedskd_50c/complete/round_017.done
Output file downloaded to papers/perfedskd-singh-2025/runs/pulls/50c_s2/runs/perfedskd_50c/complete/round_018.done
Output file downloaded to papers/perfedskd-singh-2025/runs/pulls/50c_s2/runs/perfedskd_50c/complete/round_019.done
Output file downloaded to papers/perfedskd-singh-2025/runs/pulls/50c_s2/runs/perfedskd_50c/complete/round_020.done
Output file downloaded to papers/perfedskd-singh-2025/runs/pulls/50c_s2/runs/perfedskd_50c/complete/round_021.done
Output file downloaded to papers/perfedskd-singh-2025/runs/pulls/50c_s2/runs/perfedskd_50c/complete/round_022.done
Output file downloaded to papers/perfedskd-singh-2025/runs/pulls/50c_s2/runs/perfedskd_50c/complete/round_023.done
Output file downloaded to papers/perfedskd-singh-2025/runs/pulls/50c_s2/runs/perfedskd_50c/complete/round_024.done
Output file downloaded to papers/perfedskd-singh-2025/runs/pulls/50c_s2/runs/perfedskd_50c/complete/round_025.done
Output file downloaded to papers/perfedskd-singh-2025/runs/pulls/50c_s2/runs/perfedskd_50c/complete/round_026.done
Output file downloaded to papers/perfedskd-singh-2025/runs/pulls/50c_s2/runs/perfedskd_50c/complete/round_027.done
Output file downloaded to papers/perfedskd-singh-2025/runs/pulls/50c_s2/runs/perfedskd_50c/complete/round_028.done
Output file downloaded to papers/perfedskd-singh-2025/runs/pulls/50c_s2/runs/perfedskd_50c/complete/round_029.done
Output file downloaded to papers/perfedskd-singh-2025/runs/pulls/50c_s2/runs/perfedskd_50c/complete/round_030.done
Output file downloaded to papers/perfedskd-singh-2025/runs/pulls/50c_s2/runs/perfedskd_50c/complete/round_031.done
Output file downloaded to papers/perfedskd-singh-2025/runs/pulls/50c_s2/runs/perfedskd_50c/complete/round_032.done
Output file downloaded to papers/perfedskd-singh-2025/runs/pulls/50c_s2/runs/perfedskd_50c/complete/round_033.done
Output file downloaded to papers/perfedskd-singh-2025/runs/pulls/50c_s2/runs/perfedskd_50c/complete/round_034.done
Output file downloaded to papers/perfedskd-singh-2025/runs/pulls/50c_s2/runs/perfedskd_50c/complete/round_035.done
Output file downloaded to papers/perfedskd-singh-2025/runs/pulls/50c_s2/runs/perfedskd_50c/complete/round_036.done
Output file downloaded to papers/perfedskd-singh-2025/runs/pulls/50c_s2/runs/perfedskd_50c/complete/round_037.done
Output file downloaded to papers/perfedskd-singh-2025/runs/pulls/50c_s2/runs/perfedskd_50c/complete/round_038.done
Output file downloaded to papers/perfedskd-singh-2025/runs/pulls/50c_s2/runs/perfedskd_50c/complete/round_039.done
Output file downloaded to papers/perfedskd-singh-2025/runs/pulls/50c_s2/runs/perfedskd_50c/complete/round_040.done
Output file downloaded to papers/perfedskd-singh-2025/runs/pulls/50c_s2/runs/perfedskd_50c/complete/round_041.done
Output file downloaded to papers/perfedskd-singh-2025/runs/pulls/50c_s2/runs/perfedskd_50c/complete/round_042.done
Output file downloaded to papers/perfedskd-singh-2025/runs/pulls/50c_s2/runs/perfedskd_50c/complete/round_043.done
Output file downloaded to papers/perfedskd-singh-2025/runs/pulls/50c_s2/runs/perfedskd_50c/complete/round_044.done
Output file downloaded to papers/perfedskd-singh-2025/runs/pulls/50c_s2/runs/perfedskd_50c/complete/round_045.done
Output file downloaded to papers/perfedskd-singh-2025/runs/pulls/50c_s2/runs/perfedskd_50c/complete/round_046.done
Output file downloaded to papers/perfedskd-singh-2025/runs/pulls/50c_s2/runs/perfedskd_50c/complete/round_047.done
Output file downloaded to papers/perfedskd-singh-2025/runs/pulls/50c_s2/runs/perfedskd_50c/complete/round_048.done
Output file downloaded to papers/perfedskd-singh-2025/runs/pulls/50c_s2/runs/perfedskd_50c/complete/round_049.done
Output file downloaded to papers/perfedskd-singh-2025/runs/pulls/50c_s2/runs/perfedskd_50c/complete/round_050.done
Output file downloaded to papers/perfedskd-singh-2025/runs/pulls/50c_s2/runs/perfedskd_50c/confusion/global_035.npy
Output file downloaded to papers/perfedskd-singh-2025/runs/pulls/50c_s2/runs/perfedskd_50c/confusion/global_036.npy
Output file downloaded to papers/perfedskd-singh-2025/runs/pulls/50c_s2/runs/perfedskd_50c/confusion/global_037.npy
Output file downloaded to papers/perfedskd-singh-2025/runs/pulls/50c_s2/runs/perfedskd_50c/confusion/global_038.npy
Output file downloaded to papers/perfedskd-singh-2025/runs/pulls/50c_s2/runs/perfedskd_50c/confusion/global_039.npy
Output file downloaded to papers/perfedskd-singh-2025/runs/pulls/50c_s2/runs/perfedskd_50c/confusion/global_040.npy
Output file downloaded to papers/perfedskd-singh-2025/runs/pulls/50c_s2/runs/perfedskd_50c/confusion/global_041.npy
Output file downloaded to papers/perfedskd-singh-2025/runs/pulls/50c_s2/runs/perfedskd_50c/confusion/global_042.npy
Output file downloaded to papers/perfedskd-singh-2025/runs/pulls/50c_s2/runs/perfedskd_50c/confusion/global_043.npy
Output file downloaded to papers/perfedskd-singh-2025/runs/pulls/50c_s2/runs/perfedskd_50c/confusion/global_044.npy
Output file downloaded to papers/perfedskd-singh-2025/runs/pulls/50c_s2/runs/perfedskd_50c/confusion/global_045.npy
Output file downloaded to papers/perfedskd-singh-2025/runs/pulls/50c_s2/runs/perfedskd_50c/confusion/global_046.npy
Output file downloaded to papers/perfedskd-singh-2025/runs/pulls/50c_s2/runs/perfedskd_50c/confusion/global_047.npy
Output file downloaded to papers/perfedskd-singh-2025/runs/pulls/50c_s2/runs/perfedskd_50c/confusion/global_048.npy
Output file downloaded to papers/perfedskd-singh-2025/runs/pulls/50c_s2/runs/perfedskd_50c/confusion/global_049.npy
Output file downloaded to papers/perfedskd-singh-2025/runs/pulls/50c_s2/runs/perfedskd_50c/confusion/global_050.npy
Output file downloaded to papers/perfedskd-singh-2025/runs/pulls/50c_s2/runs/perfedskd_50c/confusion/round_035.npy
Output file downloaded to papers/perfedskd-singh-2025/runs/pulls/50c_s2/runs/perfedskd_50c/confusion/round_036.npy
Output file downloaded to papers/perfedskd-singh-2025/runs/pulls/50c_s2/runs/perfedskd_50c/confusion/round_037.npy
Output file downloaded to papers/perfedskd-singh-2025/runs/pulls/50c_s2/runs/perfedskd_50c/confusion/round_038.npy
Output file downloaded to papers/perfedskd-singh-2025/runs/pulls/50c_s2/runs/perfedskd_50c/confusion/round_039.npy
Output file downloaded to papers/perfedskd-singh-2025/runs/pulls/50c_s2/runs/perfedskd_50c/confusion/round_040.npy
Output file downloaded to papers/perfedskd-singh-2025/runs/pulls/50c_s2/runs/perfedskd_50c/confusion/round_041.npy
Output file downloaded to papers/perfedskd-singh-2025/runs/pulls/50c_s2/runs/perfedskd_50c/confusion/round_042.npy
Output file downloaded to papers/perfedskd-singh-2025/runs/pulls/50c_s2/runs/perfedskd_50c/confusion/round_043.npy
Output file downloaded to papers/perfedskd-singh-2025/runs/pulls/50c_s2/runs/perfedskd_50c/confusion/round_044.npy
Output file downloaded to papers/perfedskd-singh-2025/runs/pulls/50c_s2/runs/perfedskd_50c/confusion/round_045.npy
Output file downloaded to papers/perfedskd-singh-2025/runs/pulls/50c_s2/runs/perfedskd_50c/confusion/round_046.npy
Output file downloaded to papers/perfedskd-singh-2025/runs/pulls/50c_s2/runs/perfedskd_50c/confusion/round_047.npy
Output file downloaded to papers/perfedskd-singh-2025/runs/pulls/50c_s2/runs/perfedskd_50c/confusion/round_048.npy
Output file downloaded to papers/perfedskd-singh-2025/runs/pulls/50c_s2/runs/perfedskd_50c/confusion/round_049.npy
Output file downloaded to papers/perfedskd-singh-2025/runs/pulls/50c_s2/runs/perfedskd_50c/confusion/round_050.npy
Output file downloaded to papers/perfedskd-singh-2025/runs/pulls/50c_s2/runs/perfedskd_50c/history.csv
Output file downloaded to papers/perfedskd-singh-2025/runs/pulls/50c_s2/runs/perfedskd_50c/logs/round_001.json
Output file downloaded to papers/perfedskd-singh-2025/runs/pulls/50c_s2/runs/perfedskd_50c/logs/round_002.json
Output file downloaded to papers/perfedskd-singh-2025/runs/pulls/50c_s2/runs/perfedskd_50c/logs/round_003.json
Output file downloaded to papers/perfedskd-singh-2025/runs/pulls/50c_s2/runs/perfedskd_50c/logs/round_004.json
Output file downloaded to papers/perfedskd-singh-2025/runs/pulls/50c_s2/runs/perfedskd_50c/logs/round_005.json
Output file downloaded to papers/perfedskd-singh-2025/runs/pulls/50c_s2/runs/perfedskd_50c/logs/round_006.json
Output file downloaded to papers/perfedskd-singh-2025/runs/pulls/50c_s2/runs/perfedskd_50c/logs/round_007.json
Output file downloaded to papers/perfedskd-singh-2025/runs/pulls/50c_s2/runs/perfedskd_50c/logs/round_008.json
Output file downloaded to papers/perfedskd-singh-2025/runs/pulls/50c_s2/runs/perfedskd_50c/logs/round_009.json
Output file downloaded to papers/perfedskd-singh-2025/runs/pulls/50c_s2/runs/perfedskd_50c/logs/round_010.json
Output file downloaded to papers/perfedskd-singh-2025/runs/pulls/50c_s2/runs/perfedskd_50c/logs/round_011.json
Output file downloaded to papers/perfedskd-singh-2025/runs/pulls/50c_s2/runs/perfedskd_50c/logs/round_012.json
Output file downloaded to papers/perfedskd-singh-2025/runs/pulls/50c_s2/runs/perfedskd_50c/logs/round_013.json
Output file downloaded to papers/perfedskd-singh-2025/runs/pulls/50c_s2/runs/perfedskd_50c/logs/round_014.json
Output file downloaded to papers/perfedskd-singh-2025/runs/pulls/50c_s2/runs/perfedskd_50c/logs/round_015.json
Output file downloaded to papers/perfedskd-singh-2025/runs/pulls/50c_s2/runs/perfedskd_50c/logs/round_016.json
Output file downloaded to papers/perfedskd-singh-2025/runs/pulls/50c_s2/runs/perfedskd_50c/logs/round_017.json
Output file downloaded to papers/perfedskd-singh-2025/runs/pulls/50c_s2/runs/perfedskd_50c/logs/round_018.json
Output file downloaded to papers/perfedskd-singh-2025/runs/pulls/50c_s2/runs/perfedskd_50c/logs/round_019.json
Output file downloaded to papers/perfedskd-singh-2025/runs/pulls/50c_s2/runs/perfedskd_50c/logs/round_020.json
Output file downloaded to papers/perfedskd-singh-2025/runs/pulls/50c_s2/runs/perfedskd_50c/logs/round_021.json
Output file downloaded to papers/perfedskd-singh-2025/runs/pulls/50c_s2/runs/perfedskd_50c/logs/round_022.json
Output file downloaded to papers/perfedskd-singh-2025/runs/pulls/50c_s2/runs/perfedskd_50c/logs/round_023.json
Output file downloaded to papers/perfedskd-singh-2025/runs/pulls/50c_s2/runs/perfedskd_50c/logs/round_024.json
Output file downloaded to papers/perfedskd-singh-2025/runs/pulls/50c_s2/runs/perfedskd_50c/logs/round_025.json
Output file downloaded to papers/perfedskd-singh-2025/runs/pulls/50c_s2/runs/perfedskd_50c/logs/round_026.json
Output file downloaded to papers/perfedskd-singh-2025/runs/pulls/50c_s2/runs/perfedskd_50c/logs/round_027.json
Output file downloaded to papers/perfedskd-singh-2025/runs/pulls/50c_s2/runs/perfedskd_50c/logs/round_028.json
Output file downloaded to papers/perfedskd-singh-2025/runs/pulls/50c_s2/runs/perfedskd_50c/logs/round_029.json
Output file downloaded to papers/perfedskd-singh-2025/runs/pulls/50c_s2/runs/perfedskd_50c/logs/round_030.json
Output file downloaded to papers/perfedskd-singh-2025/runs/pulls/50c_s2/runs/perfedskd_50c/logs/round_031.json
Output file downloaded to papers/perfedskd-singh-2025/runs/pulls/50c_s2/runs/perfedskd_50c/logs/round_032.json
Output file downloaded to papers/perfedskd-singh-2025/runs/pulls/50c_s2/runs/perfedskd_50c/logs/round_033.json
Output file downloaded to papers/perfedskd-singh-2025/runs/pulls/50c_s2/runs/perfedskd_50c/logs/round_034.json
Output file downloaded to papers/perfedskd-singh-2025/runs/pulls/50c_s2/runs/perfedskd_50c/logs/round_035.json
Output file downloaded to papers/perfedskd-singh-2025/runs/pulls/50c_s2/runs/perfedskd_50c/logs/round_036.json
Output file downloaded to papers/perfedskd-singh-2025/runs/pulls/50c_s2/runs/perfedskd_50c/logs/round_037.json
Output file downloaded to papers/perfedskd-singh-2025/runs/pulls/50c_s2/runs/perfedskd_50c/logs/round_038.json
Output file downloaded to papers/perfedskd-singh-2025/runs/pulls/50c_s2/runs/perfedskd_50c/logs/round_039.json
Output file downloaded to papers/perfedskd-singh-2025/runs/pulls/50c_s2/runs/perfedskd_50c/logs/round_040.json
Output file downloaded to papers/perfedskd-singh-2025/runs/pulls/50c_s2/runs/perfedskd_50c/logs/round_041.json
Output file downloaded to papers/perfedskd-singh-2025/runs/pulls/50c_s2/runs/perfedskd_50c/logs/round_042.json
Output file downloaded to papers/perfedskd-singh-2025/runs/pulls/50c_s2/runs/perfedskd_50c/logs/round_043.json
Output file downloaded to papers/perfedskd-singh-2025/runs/pulls/50c_s2/runs/perfedskd_50c/logs/round_044.json
Output file downloaded to papers/perfedskd-singh-2025/runs/pulls/50c_s2/runs/perfedskd_50c/logs/round_045.json
Output file downloaded to papers/perfedskd-singh-2025/runs/pulls/50c_s2/runs/perfedskd_50c/logs/round_046.json
Output file downloaded to papers/perfedskd-singh-2025/runs/pulls/50c_s2/runs/perfedskd_50c/logs/round_047.json
Output file downloaded to papers/perfedskd-singh-2025/runs/pulls/50c_s2/runs/perfedskd_50c/logs/round_048.json
Output file downloaded to papers/perfedskd-singh-2025/runs/pulls/50c_s2/runs/perfedskd_50c/logs/round_049.json
Output file downloaded to papers/perfedskd-singh-2025/runs/pulls/50c_s2/runs/perfedskd_50c/logs/round_050.json
Output file downloaded to papers/perfedskd-singh-2025/runs/pulls/50c_s2/runs/perfedskd_50c/metrics/round_001.json
Output file downloaded to papers/perfedskd-singh-2025/runs/pulls/50c_s2/runs/perfedskd_50c/metrics/round_002.json
Output file downloaded to papers/perfedskd-singh-2025/runs/pulls/50c_s2/runs/perfedskd_50c/metrics/round_003.json
Output file downloaded to papers/perfedskd-singh-2025/runs/pulls/50c_s2/runs/perfedskd_50c/metrics/round_004.json
Output file downloaded to papers/perfedskd-singh-2025/runs/pulls/50c_s2/runs/perfedskd_50c/metrics/round_005.json
Output file downloaded to papers/perfedskd-singh-2025/runs/pulls/50c_s2/runs/perfedskd_50c/metrics/round_006.json
Output file downloaded to papers/perfedskd-singh-2025/runs/pulls/50c_s2/runs/perfedskd_50c/metrics/round_007.json
Output file downloaded to papers/perfedskd-singh-2025/runs/pulls/50c_s2/runs/perfedskd_50c/metrics/round_008.json
Output file downloaded to papers/perfedskd-singh-2025/runs/pulls/50c_s2/runs/perfedskd_50c/metrics/round_009.json
Output file downloaded to papers/perfedskd-singh-2025/runs/pulls/50c_s2/runs/perfedskd_50c/metrics/round_010.json
Output file downloaded to papers/perfedskd-singh-2025/runs/pulls/50c_s2/runs/perfedskd_50c/metrics/round_011.json
Output file downloaded to papers/perfedskd-singh-2025/runs/pulls/50c_s2/runs/perfedskd_50c/metrics/round_012.json
Output file downloaded to papers/perfedskd-singh-2025/runs/pulls/50c_s2/runs/perfedskd_50c/metrics/round_013.json
Output file downloaded to papers/perfedskd-singh-2025/runs/pulls/50c_s2/runs/perfedskd_50c/metrics/round_014.json
Output file downloaded to papers/perfedskd-singh-2025/runs/pulls/50c_s2/runs/perfedskd_50c/metrics/round_015.json
Output file downloaded to papers/perfedskd-singh-2025/runs/pulls/50c_s2/runs/perfedskd_50c/metrics/round_016.json
Output file downloaded to papers/perfedskd-singh-2025/runs/pulls/50c_s2/runs/perfedskd_50c/metrics/round_017.json
Output file downloaded to papers/perfedskd-singh-2025/runs/pulls/50c_s2/runs/perfedskd_50c/metrics/round_018.json
Output file downloaded to papers/perfedskd-singh-2025/runs/pulls/50c_s2/runs/perfedskd_50c/metrics/round_019.json
Output file downloaded to papers/perfedskd-singh-2025/runs/pulls/50c_s2/runs/perfedskd_50c/metrics/round_020.json
Output file downloaded to papers/perfedskd-singh-2025/runs/pulls/50c_s2/runs/perfedskd_50c/metrics/round_021.json
Output file downloaded to papers/perfedskd-singh-2025/runs/pulls/50c_s2/runs/perfedskd_50c/metrics/round_022.json
Output file downloaded to papers/perfedskd-singh-2025/runs/pulls/50c_s2/runs/perfedskd_50c/metrics/round_023.json
Output file downloaded to papers/perfedskd-singh-2025/runs/pulls/50c_s2/runs/perfedskd_50c/metrics/round_024.json
Output file downloaded to papers/perfedskd-singh-2025/runs/pulls/50c_s2/runs/perfedskd_50c/metrics/round_025.json
Output file downloaded to papers/perfedskd-singh-2025/runs/pulls/50c_s2/runs/perfedskd_50c/metrics/round_026.json
Output file downloaded to papers/perfedskd-singh-2025/runs/pulls/50c_s2/runs/perfedskd_50c/metrics/round_027.json
Output file downloaded to papers/perfedskd-singh-2025/runs/pulls/50c_s2/runs/perfedskd_50c/metrics/round_028.json
Output file downloaded to papers/perfedskd-singh-2025/runs/pulls/50c_s2/runs/perfedskd_50c/metrics/round_029.json
Output file downloaded to papers/perfedskd-singh-2025/runs/pulls/50c_s2/runs/perfedskd_50c/metrics/round_030.json
Output file downloaded to papers/perfedskd-singh-2025/runs/pulls/50c_s2/runs/perfedskd_50c/metrics/round_031.json
Output file downloaded to papers/perfedskd-singh-2025/runs/pulls/50c_s2/runs/perfedskd_50c/metrics/round_032.json
Output file downloaded to papers/perfedskd-singh-2025/runs/pulls/50c_s2/runs/perfedskd_50c/metrics/round_033.json
Output file downloaded to papers/perfedskd-singh-2025/runs/pulls/50c_s2/runs/perfedskd_50c/metrics/round_034.json
Output file downloaded to papers/perfedskd-singh-2025/runs/pulls/50c_s2/runs/perfedskd_50c/metrics/round_035.json
Output file downloaded to papers/perfedskd-singh-2025/runs/pulls/50c_s2/runs/perfedskd_50c/metrics/round_036.json
Output file downloaded to papers/perfedskd-singh-2025/runs/pulls/50c_s2/runs/perfedskd_50c/metrics/round_037.json
Output file downloaded to papers/perfedskd-singh-2025/runs/pulls/50c_s2/runs/perfedskd_50c/metrics/round_038.json
Output file downloaded to papers/perfedskd-singh-2025/runs/pulls/50c_s2/runs/perfedskd_50c/metrics/round_039.json
Output file downloaded to papers/perfedskd-singh-2025/runs/pulls/50c_s2/runs/perfedskd_50c/metrics/round_040.json
Output file downloaded to papers/perfedskd-singh-2025/runs/pulls/50c_s2/runs/perfedskd_50c/metrics/round_041.json
Output file downloaded to papers/perfedskd-singh-2025/runs/pulls/50c_s2/runs/perfedskd_50c/metrics/round_042.json
Output file downloaded to papers/perfedskd-singh-2025/runs/pulls/50c_s2/runs/perfedskd_50c/metrics/round_043.json
Output file downloaded to papers/perfedskd-singh-2025/runs/pulls/50c_s2/runs/perfedskd_50c/metrics/round_044.json
Output file downloaded to papers/perfedskd-singh-2025/runs/pulls/50c_s2/runs/perfedskd_50c/metrics/round_045.json
Output file downloaded to papers/perfedskd-singh-2025/runs/pulls/50c_s2/runs/perfedskd_50c/metrics/round_046.json
Output file downloaded to papers/perfedskd-singh-2025/runs/pulls/50c_s2/runs/perfedskd_50c/metrics/round_047.json
Output file downloaded to papers/perfedskd-singh-2025/runs/pulls/50c_s2/runs/perfedskd_50c/metrics/round_048.json
Output file downloaded to papers/perfedskd-singh-2025/runs/pulls/50c_s2/runs/perfedskd_50c/metrics/round_049.json
Output file downloaded to papers/perfedskd-singh-2025/runs/pulls/50c_s2/runs/perfedskd_50c/metrics/round_050.json
Output file downloaded to papers/perfedskd-singh-2025/runs/pulls/50c_s2/runs/perfedskd_50c/preds/global_050.u8.npy
Output file downloaded to papers/perfedskd-singh-2025/runs/pulls/50c_s2/runs/perfedskd_50c/preds/round_050.u8.npy
Output file downloaded to papers/perfedskd-singh-2025/runs/pulls/50c_s2/runs/perfedskd_50c/reports/manifest.json
Output file downloaded to papers/perfedskd-singh-2025/runs/pulls/50c_s2/runs/perfedskd_50c/reports/y_true.u8.npy
Output file downloaded to papers/perfedskd-singh-2025/runs/pulls/50c_s2/runs/perfedskd_50c/resume/round_035.pt
Output file downloaded to papers/perfedskd-singh-2025/runs/pulls/50c_s2/runs/perfedskd_50c/resume/round_036.pt
Output file downloaded to papers/perfedskd-singh-2025/runs/pulls/50c_s2/runs/perfedskd_50c/resume/round_037.pt
Output file downloaded to papers/perfedskd-singh-2025/runs/pulls/50c_s2/runs/perfedskd_50c/resume/round_038.pt
Output file downloaded to papers/perfedskd-singh-2025/runs/pulls/50c_s2/runs/perfedskd_50c/resume/round_039.pt
Output file downloaded to papers/perfedskd-singh-2025/runs/pulls/50c_s2/runs/perfedskd_50c/resume/round_040.pt
Output file downloaded to papers/perfedskd-singh-2025/runs/pulls/50c_s2/runs/perfedskd_50c/resume/round_041.pt
Output file downloaded to papers/perfedskd-singh-2025/runs/pulls/50c_s2/runs/perfedskd_50c/resume/round_042.pt
Output file downloaded to papers/perfedskd-singh-2025/runs/pulls/50c_s2/runs/perfedskd_50c/resume/round_043.pt
Output file downloaded to papers/perfedskd-singh-2025/runs/pulls/50c_s2/runs/perfedskd_50c/resume/round_044.pt
Output file downloaded to papers/perfedskd-singh-2025/runs/pulls/50c_s2/runs/perfedskd_50c/resume/round_045.pt
Output file downloaded to papers/perfedskd-singh-2025/runs/pulls/50c_s2/runs/perfedskd_50c/resume/round_046.pt
Output file downloaded to papers/perfedskd-singh-2025/runs/pulls/50c_s2/runs/perfedskd_50c/resume/round_047.pt
Output file downloaded to papers/perfedskd-singh-2025/runs/pulls/50c_s2/runs/perfedskd_50c/resume/round_048.pt
Output file downloaded to papers/perfedskd-singh-2025/runs/pulls/50c_s2/runs/perfedskd_50c/resume/round_049.pt
Output file downloaded to papers/perfedskd-singh-2025/runs/pulls/50c_s2/runs/perfedskd_50c/resume/round_050.pt
Output file downloaded to papers/perfedskd-singh-2025/runs/pulls/50c_s2/runs/perfedskd_50c/weights/round_035.pt
Output file downloaded to papers/perfedskd-singh-2025/runs/pulls/50c_s2/runs/perfedskd_50c/weights/round_036.pt
Output file downloaded to papers/perfedskd-singh-2025/runs/pulls/50c_s2/runs/perfedskd_50c/weights/round_037.pt
Output file downloaded to papers/perfedskd-singh-2025/runs/pulls/50c_s2/runs/perfedskd_50c/weights/round_038.pt
Output file downloaded to papers/perfedskd-singh-2025/runs/pulls/50c_s2/runs/perfedskd_50c/weights/round_039.pt
Output file downloaded to papers/perfedskd-singh-2025/runs/pulls/50c_s2/runs/perfedskd_50c/weights/round_040.pt
Output file downloaded to papers/perfedskd-singh-2025/runs/pulls/50c_s2/runs/perfedskd_50c/weights/round_041.pt
Output file downloaded to papers/perfedskd-singh-2025/runs/pulls/50c_s2/runs/perfedskd_50c/weights/round_042.pt
Output file downloaded to papers/perfedskd-singh-2025/runs/pulls/50c_s2/runs/perfedskd_50c/weights/round_043.pt
Output file downloaded to papers/perfedskd-singh-2025/runs/pulls/50c_s2/runs/perfedskd_50c/weights/round_044.pt
Output file downloaded to papers/perfedskd-singh-2025/runs/pulls/50c_s2/runs/perfedskd_50c/weights/round_045.pt
Output file downloaded to papers/perfedskd-singh-2025/runs/pulls/50c_s2/runs/perfedskd_50c/weights/round_046.pt
Output file downloaded to papers/perfedskd-singh-2025/runs/pulls/50c_s2/runs/perfedskd_50c/weights/round_047.pt
Output file downloaded to papers/perfedskd-singh-2025/runs/pulls/50c_s2/runs/perfedskd_50c/weights/round_048.pt
Output file downloaded to papers/perfedskd-singh-2025/runs/pulls/50c_s2/runs/perfedskd_50c/weights/round_049.pt
Output file downloaded to papers/perfedskd-singh-2025/runs/pulls/50c_s2/runs/perfedskd_50c/weights/round_050.pt
Output file downloaded to papers/perfedskd-singh-2025/runs/pulls/50c_s2/wandb/run-20260922_061637-perfedskd_50c/files/config.yaml
Output file downloaded to papers/perfedskd-singh-2025/runs/pulls/50c_s2/wandb/run-20260922_061637-perfedskd_50c/files/output.log
Output file downloaded to papers/perfedskd-singh-2025/runs/pulls/50c_s2/wandb/run-20260922_061637-perfedskd_50c/files/requirements.txt
Output file downloaded to papers/perfedskd-singh-2025/runs/pulls/50c_s2/wandb/run-20260922_061637-perfedskd_50c/files/wandb-metadata.json
Output file downloaded to papers/perfedskd-singh-2025/runs/pulls/50c_s2/wandb/run-20260922_061637-perfedskd_50c/files/wandb-summary.json
Output file downloaded to papers/perfedskd-singh-2025/runs/pulls/50c_s2/wandb/run-20260922_061637-perfedskd_50c/logs/debug-internal.log
Output file downloaded to papers/perfedskd-singh-2025/runs/pulls/50c_s2/wandb/run-20260922_061637-perfedskd_50c/logs/debug.log
Output file downloaded to papers/perfedskd-singh-2025/runs/pulls/50c_s2/wandb/run-20260922_061637-perfedskd_50c/run-perfedskd_50c.wandb
Kernel log downloaded to papers/perfedskd-singh-2025/runs/pulls/50c_s2/perfed-skd-veremi-50-clients-s2.log 
