[{"stream_name":"stderr","time":5.985013399,"data":"/usr/local/lib/python3.12/dist-packages/nbformat/__init__.py:96: MissingIDFieldWarning: Cell is missing an id field, this will become a hard error in future nbformat versions. You may want to use `normalize()` on your notebooks before validations (available since nbformat 5.1.4). Previous versions of nbformat are fixing this issue transparently, and will stop doing so in the future.\n"}
,{"stream_name":"stderr","time":5.985109484,"data":"  validate(nb)\n"}
,{"stream_name":"stderr","time":6.82361309,"data":"0.00s - Debugger warning: It seems that frozen modules are being used, which may\n"}
,{"stream_name":"stderr","time":6.823641627,"data":"0.00s - make the debugger miss breakpoints. Please pass -Xfrozen_modules=off\n"}
,{"stream_name":"stderr","time":6.823647676,"data":"0.00s - to python to disable frozen modules.\n"}
,{"stream_name":"stderr","time":6.823652912,"data":"0.00s - Note: Debugging will proceed. Set PYDEVD_DISABLE_FILE_VALIDATION=1 to disable this validation.\n"}
,{"stream_name":"stderr","time":7.405648116,"data":"0.00s - Debugger warning: It seems that frozen modules are being used, which may\n"}
,{"stream_name":"stderr","time":7.405694508,"data":"0.00s - make the debugger miss breakpoints. Please pass -Xfrozen_modules=off\n"}
,{"stream_name":"stderr","time":7.405701312,"data":"0.00s - to python to disable frozen modules.\n"}
,{"stream_name":"stderr","time":7.405707209,"data":"0.00s - Note: Debugging will proceed. Set PYDEVD_DISABLE_FILE_VALIDATION=1 to disable this validation.\n"}
,{"stream_name":"stdout","time":13.113555979,"data":"0 Tesla T4 (7, 5) 14.6 GiB\n"}
,{"stream_name":"stdout","time":13.113609218,"data":"1 Tesla T4 (7, 5) 14.6 GiB\n"}
,{"stream_name":"stdout","time":13.113616171,"data":"torch 2.10.0+cu128 | python 3.12.13\n"}
,{"stream_name":"stdout","time":13.131475487,"data":"           patch_len = 6\n"}
,{"stream_name":"stdout","time":13.13150221,"data":"             stem_ch = 96\n"}
,{"stream_name":"stdout","time":13.131508325,"data":"        dense_growth = 32\n"}
,{"stream_name":"stdout","time":13.131512884,"data":"        dense_layers = 3\n"}
,{"stream_name":"stdout","time":13.131517354,"data":"       incep_modules = 2\n"}
,{"stream_name":"stdout","time":13.131522301,"data":"        fire_modules = 3\n"}
,{"stream_name":"stdout","time":13.131527266,"data":"             dropout = 0.1\n"}
,{"stream_name":"stdout","time":13.131531864,"data":"         num_classes = 16\n"}
,{"stream_name":"stdout","time":13.131535924,"data":"          n_features = 66\n"}
,{"stream_name":"stdout","time":13.131540316,"data":"                 lam = 1.0\n"}
,{"stream_name":"stdout","time":13.131551494,"data":"       select_metric = accuracy\n"}
,{"stream_name":"stdout","time":13.13155556,"data":"                  lr = 0.001\n"}
,{"stream_name":"stdout","time":13.13156032,"data":"         lr_schedule = cosine\n"}
,{"stream_name":"stdout","time":13.131565672,"data":"              lr_min = 1e-05\n"}
,{"stream_name":"stdout","time":13.131570624,"data":"        weight_decay = 0.0001\n"}
,{"stream_name":"stdout","time":13.131575667,"data":"        local_epochs = 1\n"}
,{"stream_name":"stdout","time":13.131580679,"data":"              rounds = 50\n"}
,{"stream_name":"stdout","time":13.131584997,"data":"                clip = 1.0\n"}
,{"stream_name":"stdout","time":13.131589259,"data":"                seed = 42\n"}
,{"stream_name":"stdout","time":13.131593702,"data":"           n_clients = 50\n"}
,{"stream_name":"stdout","time":13.131598242,"data":"               batch = 512\n"}
,{"stream_name":"stdout","time":13.131603124,"data":"          eval_batch = 16384\n"}
,{"stream_name":"stdout","time":13.131618642,"data":"              device = cuda\n"}
,{"stream_name":"stdout","time":13.131622271,"data":"          world_size = 2\n"}
,{"stream_name":"stdout","time":13.131625595,"data":"             compile = True\n"}
,{"stream_name":"stdout","time":13.13163051,"data":"max_skips_per_client = 16\n"}
,{"stream_name":"stdout","time":13.13163748,"data":"        preds_rounds = [50]\n"}
,{"stream_name":"stdout","time":13.131640484,"data":"finalize_reserve_seconds = 900\n"}
,{"stream_name":"stdout","time":13.131642875,"data":"            run_name = perfedskd_50c\n"}
,{"stream_name":"stdout","time":13.131645183,"data":"               cache = /kaggle/temp/veremi_cache\n"}
,{"stream_name":"stdout","time":13.131647427,"data":"         max_seconds = 23400.0\n"}
,{"stream_name":"stdout","time":13.131649794,"data":"      require_resume = True\n"}
,{"stream_name":"stdout","time":13.149801048,"data":"Writing /kaggle/working/proj/model.py\n"}
,{"stream_name":"stdout","time":13.174989696,"data":"Writing /kaggle/working/proj/ckpt.py\n"}
,{"stream_name":"stdout","time":13.191279538,"data":"Writing /kaggle/working/proj/metrics.py\n"}
,{"stream_name":"stdout","time":13.209231863,"data":"Writing /kaggle/working/proj/data.py\n"}
,{"stream_name":"stdout","time":13.230597983,"data":"Writing /kaggle/working/proj/perfedskd.py\n"}
,{"stream_name":"stdout","time":13.247552617,"data":"Writing /kaggle/working/proj/evaluate.py\n"}
,{"stream_name":"stdout","time":13.27798904,"data":"Writing /kaggle/working/proj/driver.py\n"}
,{"stream_name":"stdout","time":13.300939702,"data":"Writing /kaggle/working/proj/verify.py\n"}
,{"stream_name":"stderr","time":15.154226968,"data":"\u001b[34m\u001b[1mwandb\u001b[0m: \u001b[33mWARNING\u001b[0m If you're specifying your api key in code, ensure this code is not shared publicly.\n"}
,{"stream_name":"stderr","time":15.154254489,"data":"\u001b[34m\u001b[1mwandb\u001b[0m: \u001b[33mWARNING\u001b[0m Consider setting the WANDB_API_KEY environment variable, or running `wandb login` from the command line.\n"}
,{"stream_name":"stderr","time":15.154260916,"data":"\n"}
,{"stream_name":"stderr","time":15.154264402999999,"data":"\u001b[34m\u001b[1mwandb\u001b[0m: \u001b[33mWARNING\u001b[0m If you're specifying your api key in code, ensure this code is not shared publicly.\n"}
,{"stream_name":"stderr","time":15.154268538,"data":"\u001b[34m\u001b[1mwandb\u001b[0m: \u001b[33mWARNING\u001b[0m Consider setting the WANDB_API_KEY environment variable, or running `wandb login` from the command line.\n"}
,{"stream_name":"stderr","time":15.155112978,"data":"\u001b[34m\u001b[1mwandb\u001b[0m: [wandb.login()] Using explicit session credentials for https://api.wandb.ai.\n"}
,{"stream_name":"stderr","time":15.155135496,"data":"\n"}
,{"stream_name":"stderr","time":15.155186837,"data":"\u001b[34m\u001b[1mwandb\u001b[0m: [wandb.login()] Using explicit session credentials for https://api.wandb.ai.\n"}
,{"stream_name":"stderr","time":15.156240175,"data":"\u001b[34m\u001b[1mwandb\u001b[0m: No netrc file found, creating one.\n"}
,{"stream_name":"stderr","time":15.156257748,"data":"\n"}
,{"stream_name":"stderr","time":15.156262832,"data":"\u001b[34m\u001b[1mwandb\u001b[0m: No netrc file found, creating one.\n"}
,{"stream_name":"stderr","time":15.157335959,"data":"\u001b[34m\u001b[1mwandb\u001b[0m: Appending key for api.wandb.ai to your netrc file: /root/.netrc\n"}
,{"stream_name":"stderr","time":15.157382085,"data":"\n"}
,{"stream_name":"stderr","time":15.157387441,"data":"\u001b[34m\u001b[1mwandb\u001b[0m: Appending key for api.wandb.ai to your netrc file: /root/.netrc\n"}
,{"stream_name":"stderr","time":15.238401611,"data":"\u001b[34m\u001b[1mwandb\u001b[0m: Currently logged in as: \u001b[33mminhtriet\u001b[0m (\u001b[33m21522798-uit\u001b[0m) to \u001b[32mhttps://api.wandb.ai\u001b[0m. Use \u001b[1m`wandb login --relogin`\u001b[0m to force relogin\n"}
,{"stream_name":"stderr","time":15.238424827,"data":"\n"}
,{"stream_name":"stderr","time":15.238429354,"data":"\u001b[34m\u001b[1mwandb\u001b[0m: Currently logged in as: \u001b[33mminhtriet\u001b[0m (\u001b[33m21522798-uit\u001b[0m) to \u001b[32mhttps://api.wandb.ai\u001b[0m. Use \u001b[1m`wandb login --relogin`\u001b[0m to force relogin\n"}
,{"stream_name":"stderr","time":17.046579991,"data":"\u001b[34m\u001b[1mwandb\u001b[0m: Tracking run with wandb version 0.26.1\n"}
,{"stream_name":"stderr","time":17.046619178,"data":"\n"}
,{"stream_name":"stderr","time":17.046625955,"data":"\u001b[34m\u001b[1mwandb\u001b[0m: Tracking run with wandb version 0.26.1\n"}
,{"stream_name":"stderr","time":17.048217865,"data":"\u001b[34m\u001b[1mwandb\u001b[0m: Run data is saved locally in \u001b[35m\u001b[1m/kaggle/working/wandb/run-20260922_061637-perfedskd_50c\u001b[0m\n"}
,{"stream_name":"stderr","time":17.048238354,"data":"\u001b[34m\u001b[1mwandb\u001b[0m: Run \u001b[1m`wandb offline`\u001b[0m to turn off syncing.\n"}
,{"stream_name":"stderr","time":17.048243736,"data":"\n"}
,{"stream_name":"stderr","time":17.048247532,"data":"\u001b[34m\u001b[1mwandb\u001b[0m: Run data is saved locally in \u001b[35m\u001b[1m/kaggle/working/wandb/run-20260922_061637-perfedskd_50c\u001b[0m\n"}
,{"stream_name":"stderr","time":17.048252053,"data":"\u001b[34m\u001b[1mwandb\u001b[0m: Run \u001b[1m`wandb offline`\u001b[0m to turn off syncing.\n"}
,{"stream_name":"stderr","time":17.049470313,"data":"\u001b[34m\u001b[1mwandb\u001b[0m: Resuming run \u001b[33mperfedskd_50c\u001b[0m\n"}
,{"stream_name":"stderr","time":17.049534321,"data":"\n"}
,{"stream_name":"stderr","time":17.04954093,"data":"\u001b[34m\u001b[1mwandb\u001b[0m: Resuming run \u001b[33mperfedskd_50c\u001b[0m\n"}
,{"stream_name":"stderr","time":17.050476077,"data":"\u001b[34m\u001b[1mwandb\u001b[0m: ⭐️ View project at \u001b[34m\u001b[4mhttps://wandb.ai/21522798-uit/perfedskd-veremi\u001b[0m\n"}
,{"stream_name":"stderr","time":17.050510651,"data":"\n"}
,{"stream_name":"stderr","time":17.050515976,"data":"\u001b[34m\u001b[1mwandb\u001b[0m: ⭐️ View project at \u001b[34m\u001b[4mhttps://wandb.ai/21522798-uit/perfedskd-veremi\u001b[0m\n"}
,{"stream_name":"stderr","time":17.051698971,"data":"\u001b[34m\u001b[1mwandb\u001b[0m: 🚀 View run at \u001b[34m\u001b[4mhttps://wandb.ai/21522798-uit/perfedskd-veremi/runs/perfedskd_50c\u001b[0m\n"}
,{"stream_name":"stderr","time":17.051719435,"data":"\n"}
,{"stream_name":"stderr","time":17.051723452,"data":"\u001b[34m\u001b[1mwandb\u001b[0m: 🚀 View run at \u001b[34m\u001b[4mhttps://wandb.ai/21522798-uit/perfedskd-veremi/runs/perfedskd_50c\u001b[0m\n"}
,{"stream_name":"stdout","time":18.440564838,"data":"W\u0026B: https://wandb.ai/21522798-uit/perfedskd-veremi/runs/perfedskd_50c\n"}
,{"stream_name":"stdout","time":21.078730549,"data":"FL root    : /kaggle/input/datasets/odixe0502/veremi-fl-50client/50_client\n"}
,{"stream_name":"stdout","time":21.078757707,"data":"test root  : /kaggle/input/datasets/odixe0502/veremi-nextgen2026-centralized/upload/test\n"}
,{"stream_name":"stdout","time":21.078763704,"data":"data_id    : c9b541a243f82282\n"}
,{"stream_name":"stdout","time":21.078768323,"data":"fingerprint: 20ffa11c1e56036c\n"}
,{"stream_name":"stdout","time":106.774075689,"data":"[resume] /kaggle/input/notebooks/trietbackup/perfed-skd-veremi-50-clients/runs/perfedskd_50c: 34 marker(s), verified to round 34, imported 1..34\n"}
,{"stream_name":"stdout","time":181.813816085,"data":"resume from round 34\n"}
,{"stream_name":"stdout","time":278.931371789,"data":"train (43045415, 66) max|x|=570.5\n"}
,{"stream_name":"stdout","time":321.686617899,"data":"test  (10761343, 66) max|x|=570.5\n"}
,{"stream_name":"stdout","time":322.503329128,"data":"content_id : fe175b442db619fe\n"}
,{"stream_name":"stdout","time":322.503372424,"data":"prepack 140.9s | 43,045,415 train / 10,761,343 test rows\n"}
,{"stream_name":"stderr","time":353.050940659,"data":"W0922 06:22:15.311000 88 torch/_inductor/utils.py:1679] [0/0] Not enough SMs to use max_autotune_gemm mode\n"}
,{"stream_name":"stderr","time":353.051001911,"data":"W0922 06:22:15.311000 89 torch/_inductor/utils.py:1679] [0/0] Not enough SMs to use max_autotune_gemm mode\n"}
,{"stream_name":"stderr","time":353.265443976,"data":"W0922 06:22:15.311000 88 torch/_inductor/utils.py:1679] [0/0] Not enough SMs to use max_autotune_gemm mode\n"}
,{"stream_name":"stderr","time":353.265472642,"data":"W0922 06:22:15.311000 89 torch/_inductor/utils.py:1679] [0/0] Not enough SMs to use max_autotune_gemm mode\n"}
,{"stream_name":"stderr","time":353.265479065,"data":"\n"}
,{"stream_name":"stderr","time":353.265483759,"data":"W0922 06:22:15.311000 88 torch/_inductor/utils.py:1679] [0/0] Not enough SMs to use max_autotune_gemm mode\n"}
,{"stream_name":"stderr","time":353.265488576,"data":"W0922 06:22:15.311000 89 torch/_inductor/utils.py:1679] [0/0] Not enough SMs to use max_autotune_gemm mode\n"}
,{"stream_name":"stdout","time":453.712160493,"data":"[rank0] compile OK | student max|dlogit|=8.54e-04 rel|dgrad|=3.82e-03 flips 0/512 (0/474 decisive) | teacher max|dlogit|=4.88e-04 rel|dgrad|=0.00e+00 flips 1/512 (0/492 decisive)\n"}
,{"stream_name":"stdout","time":453.834173458,"data":"[rank1] compile OK | student max|dlogit|=6.71e-04 rel|dgrad|=3.61e-03 flips 0/512 (0/486 decisive) | teacher max|dlogit|=4.88e-04 rel|dgrad|=0.00e+00 flips 0/512 (0/482 decisive)\n"}
,{"stream_name":"stdout","time":453.926234943,"data":"[rank0] compile OK | student max|dlogit|=8.54e-04 rel|dgrad|=3.82e-03 flips 0/512 (0/474 decisive) | teacher max|dlogit|=4.88e-04 rel|dgrad|=0.00e+00 flips 1/512 (0/492 decisive)\n"}
,{"stream_name":"stdout","time":453.926272632,"data":"[rank1] compile OK | student max|dlogit|=6.71e-04 rel|dgrad|=3.61e-03 flips 0/512 (0/486 decisive) | teacher max|dlogit|=4.88e-04 rel|dgrad|=0.00e+00 flips 0/512 (0/482 decisive)\n"}
,{"stream_name":"stdout","time":469.444275334,"data":"[rank0] eval compile OK | max|dlogit|=7.32e-04 rel|dgrad|=0.00e+00 flips 6/16384 (0/15855 decisive)\n"}
,{"stream_name":"stdout","time":469.462272351,"data":"[rank1] eval compile OK | max|dlogit|=7.32e-04 rel|dgrad|=0.00e+00 flips 13/16384 (0/15176 decisive)\n"}
,{"stream_name":"stdout","time":469.466998977,"data":"[rank0] eval compile OK | max|dlogit|=7.32e-04 rel|dgrad|=0.00e+00 flips 6/16384 (0/15855 decisive)\n"}
,{"stream_name":"stdout","time":469.467023313,"data":"[rank1] eval compile OK | max|dlogit|=7.32e-04 rel|dgrad|=0.00e+00 flips 13/16384 (0/15176 decisive)\n"}
,{"stream_name":"stdout","time":469.467029693,"data":"[driver] 2 workers ready: train compiled, eval compiled (457s into the session)\n"}
,{"stream_name":"stdout","time":567.970570377,"data":"[resume] /kaggle/input/notebooks/trietbackup/perfed-skd-veremi-50-clients/runs/perfedskd_50c: 34 marker(s), verified to round 34, imported 1..34\n"}
,{"stream_name":"stdout","time":645.630187177,"data":"[driver] resumed at round 35 with |S| = 20 selected devices\n"}
,{"stream_name":"stdout","time":1768.250961647,"data":"[r035] f1_macro mean=0.574615 std=0.0366 min=0.4932 acc=0.567030 | global f1=0.642315 acc=0.569478 | |S|=20-\u003e17 tau=0.567030 | lr=2.22e-04 ce=0.0206 kd=0.0135 skip=16/84098 train=450s eval=671s vram=7.10G 1122.3s | session 0.49h\n"}
,{"stream_name":"stdout","time":2853.891462116,"data":"[r036] f1_macro mean=0.572311 std=0.0370 min=0.4925 acc=0.564133 | global f1=0.632992 acc=0.547819 | |S|=17-\u003e17 tau=0.564133 | lr=1.96e-04 ce=0.0173 kd=0.0101 skip=16/84098 train=409s eval=675s vram=7.18G 1085.6s | session 0.79h\n"}
,{"stream_name":"stdout","time":3875.301289808,"data":"[r037] f1_macro mean=0.572986 std=0.0395 min=0.4798 acc=0.565119 | global f1=0.635246 acc=0.549759 | |S|=17-\u003e19 tau=0.565119 | lr=1.72e-04 ce=0.0159 kd=0.0091 skip=21/84098 train=348s eval=672s vram=6.96G 1021.4s | session 1.07h\n"}
,{"stream_name":"stdout","time":4900.764407393,"data":"[r038] f1_macro mean=0.575907 std=0.0414 min=0.4977 acc=0.567419 | global f1=0.637870 acc=0.559326 | |S|=19-\u003e21 tau=0.567419 | lr=1.49e-04 ce=0.0209 kd=0.0141 skip=21/84098 train=352s eval=671s vram=6.96G 1025.2s | session 1.36h\n"}
,{"stream_name":"stdout","time":5919.487522943,"data":"[r039] f1_macro mean=0.585375 std=0.0437 min=0.5001 acc=0.573927 | global f1=0.649721 acc=0.579484 | |S|=21-\u003e17 tau=0.573927 | lr=1.28e-04 ce=0.0224 kd=0.0146 skip=24/84098 train=348s eval=669s vram=6.96G 1018.7s | session 1.64h\n"}
,{"stream_name":"stdout","time":6938.82622442,"data":"[r040] f1_macro mean=0.580732 std=0.0440 min=0.4988 acc=0.571280 | global f1=0.635209 acc=0.555216 | |S|=17-\u003e19 tau=0.571280 | lr=1.08e-04 ce=0.0183 kd=0.0100 skip=15/84098 train=348s eval=670s vram=6.96G 1019.3s | session 1.92h\n"}
,{"stream_name":"stdout","time":7957.94900493,"data":"[r041] f1_macro mean=0.590384 std=0.0445 min=0.5017 acc=0.578199 | global f1=0.657719 acc=0.585500 | |S|=19-\u003e20 tau=0.578199 | lr=9.01e-05 ce=0.0242 kd=0.0165 skip=27/84098 train=348s eval=669s vram=6.96G 1019.1s | session 2.21h\n"}
,{"stream_name":"stdout","time":8992.083113469,"data":"[r042] f1_macro mean=0.602384 std=0.0477 min=0.4902 acc=0.586575 | global f1=0.660265 acc=0.587199 | |S|=20-\u003e22 tau=0.586575 | lr=7.37e-05 ce=0.0273 kd=0.0184 skip=20/84098 train=356s eval=677s vram=7.09G 1034.1s | session 2.49h\n"}
,{"stream_name":"stdout","time":10012.660944194,"data":"[r043] f1_macro mean=0.616997 std=0.0491 min=0.4818 acc=0.596178 | global f1=0.673406 acc=0.609061 | |S|=22-\u003e20 tau=0.596178 | lr=5.90e-05 ce=0.0339 kd=0.0229 skip=29/84098 train=348s eval=671s vram=6.96G 1020.5s | session 2.78h\n"}
,{"stream_name":"stdout","time":11038.08546488,"data":"[r044] f1_macro mean=0.628021 std=0.0457 min=0.4929 acc=0.604890 | global f1=0.677646 acc=0.614359 | |S|=20-\u003e23 tau=0.604890 | lr=4.62e-05 ce=0.0321 kd=0.0194 skip=27/84098 train=348s eval=676s vram=6.96G 1025.4s | session 3.06h\n"}
,{"stream_name":"stdout","time":12060.892928536,"data":"[r045] f1_macro mean=0.638938 std=0.0460 min=0.4930 acc=0.615899 | global f1=0.686838 acc=0.626157 | |S|=23-\u003e22 tau=0.615899 | lr=3.52e-05 ce=0.0404 kd=0.0261 skip=28/84098 train=348s eval=673s vram=6.96G 1022.8s | session 3.35h\n"}
,{"stream_name":"stdout","time":13084.818539716,"data":"[r046] f1_macro mean=0.651171 std=0.0400 min=0.4933 acc=0.626734 | global f1=0.686833 acc=0.639102 | |S|=22-\u003e22 tau=0.626734 | lr=2.62e-05 ce=0.0508 kd=0.0341 skip=29/84098 train=348s eval=674s vram=6.96G 1023.9s | session 3.63h\n"}
,{"stream_name":"stdout","time":14104.514420527,"data":"[r047] f1_macro mean=0.665410 std=0.0373 min=0.6050 acc=0.639505 | global f1=0.701655 acc=0.649738 | |S|=22-\u003e24 tau=0.639505 | lr=1.91e-05 ce=0.0653 kd=0.0437 skip=41/84098 train=348s eval=670s vram=6.96G 1019.6s | session 3.91h\n"}
,{"stream_name":"stdout","time":15124.894458639,"data":"[r048] f1_macro mean=0.672091 std=0.0349 min=0.6031 acc=0.645340 | global f1=0.703820 acc=0.655195 | |S|=24-\u003e21 tau=0.645340 | lr=1.41e-05 ce=0.0648 kd=0.0371 skip=34/84098 train=348s eval=670s vram=6.96G 1020.3s | session 4.20h\n"}
,{"stream_name":"stdout","time":16146.704628229,"data":"[r049] f1_macro mean=0.680357 std=0.0332 min=0.6178 acc=0.653820 | global f1=0.714132 acc=0.671212 | |S|=21-\u003e23 tau=0.653820 | lr=1.10e-05 ce=0.0761 kd=0.0457 skip=27/84098 train=348s eval=672s vram=6.96G 1021.8s | session 4.48h\n"}
,{"stream_name":"stdout","time":17173.641575426,"data":"[r050] f1_macro mean=0.690131 std=0.0295 min=0.6320 acc=0.661900 | global f1=0.720198 acc=0.673536 | |S|=23-\u003e21 tau=0.661900 | lr=1.00e-05 ce=0.0805 kd=0.0449 skip=37/84098 train=348s eval=674s vram=6.96G 1026.9s | session 4.77h\n"}
,{"stream_name":"stdout","time":17177.747727507,"data":"\n"}
,{"stream_name":"stdout","time":17177.747764837,"data":"completed 16 rounds this session\n"}
,{"stream_name":"stdout","time":17381.428053896,"data":"run      : /kaggle/working/runs/perfedskd_50c\n"}
,{"stream_name":"stdout","time":17381.428098601,"data":"complete : rounds 1..50   (mode: full)\n"}
,{"stream_name":"stdout","time":17381.428102525,"data":"artifacts: 1 prediction files, 50 client logs\n"}
,{"stream_name":"stdout","time":17381.428105664,"data":"  all artifact checks passed\n"}
,{"stream_name":"stderr","time":17435.566933249,"data":"\u001b[34m\u001b[1mwandb\u001b[0m: updating run metadata\n"}
,{"stream_name":"stderr","time":17435.566970124,"data":"\n"}
,{"stream_name":"stderr","time":17435.566974434,"data":"\u001b[34m\u001b[1mwandb\u001b[0m: updating run metadata\n"}
,{"stream_name":"stdout","time":17435.645255901,"data":"\n"}
,{"stream_name":"stdout","time":17435.645275384,"data":"rounds verified : 50 / 50\n"}
,{"stream_name":"stdout","time":17435.64528592,"data":"\n"}
,{"stream_name":"stdout","time":17435.645289249,"data":"result at round 50 (mean over 50 personalized models; std / min / max of f1_macro 0.0295 / 0.6320 / 0.7443):\n"}
,{"stream_name":"stdout","time":17435.645292524,"data":"  accuracy             0.661900   server aggregate 0.673536\n"}
,{"stream_name":"stdout","time":17435.645295646,"data":"  precision_macro      0.716858   server aggregate 0.719771\n"}
,{"stream_name":"stdout","time":17435.645298633,"data":"  precision_micro      0.661900   server aggregate 0.673536\n"}
,{"stream_name":"stdout","time":17435.645301618,"data":"  precision_weighted   0.754810   server aggregate 0.756365\n"}
,{"stream_name":"stdout","time":17435.645304478,"data":"  recall_macro         0.739098   server aggregate 0.774281\n"}
,{"stream_name":"stdout","time":17435.645307451,"data":"  recall_micro         0.661900   server aggregate 0.673536\n"}
,{"stream_name":"stdout","time":17435.645342673,"data":"  recall_weighted      0.661900   server aggregate 0.673536\n"}
,{"stream_name":"stdout","time":17435.645348426,"data":"  f1_macro             0.690131   server aggregate 0.720198\n"}
,{"stream_name":"stdout","time":17435.645352885,"data":"  f1_micro             0.661900   server aggregate 0.673536\n"}
,{"stream_name":"stdout","time":17435.645357343,"data":"  f1_weighted          0.656509   server aggregate 0.665772\n"}
,{"stream_name":"stdout","time":17435.645361737,"data":"\n"}
,{"stream_name":"stdout","time":17435.645366248,"data":"selection: |S| per round min 17 median 20 max 50 of 50; mean downlink+uplink saving 58.0% against broadcasting to every device\n"}
,{"stream_name":"stdout","time":17435.645371099,"data":"\n"}
,{"stream_name":"stdout","time":17435.64538039,"data":"[descriptive only] best mean f1_macro 0.690131 at round 50 — picked on test, not a reported result\n"}
,{"stream_name":"stdout","time":17435.645384602,"data":"\n"}
,{"stream_name":"stdout","time":17435.645387438,"data":"backend  : train compiled | eval compiled\n"}
,{"stream_name":"stdout","time":17435.645390383,"data":"session  : 16 round(s) here | startup+prepack+compile 14.9 min | verify and W\u0026B are outside this figure\n"}
,{"stream_name":"stdout","time":17435.645393784,"data":"timing   : rounds [1020, 1022, 1027]s | steady 1027s/round = train 353s + eval 672s (50 clients + aggregate) + commit\n"}
,{"stream_name":"stdout","time":17435.645405172,"data":"VRAM     : train 7.18 GiB/GPU | eval 7.18 GiB/GPU (of 16)\n"}
,{"stream_name":"stdout","time":17435.64540769,"data":"projected: 50 rounds = 14.51 h (14.26 h of rounds + 0.25 h startup)\n"}
,{"stream_name":"stderr","time":17435.961575553,"data":"\u001b[34m\u001b[1mwandb\u001b[0m: uploading history steps 49-49, summary, console lines 42-65\n"}
,{"stream_name":"stderr","time":17435.961601601,"data":"\n"}
,{"stream_name":"stderr","time":17435.961605256,"data":"\u001b[34m\u001b[1mwandb\u001b[0m: uploading history steps 49-49, summary, console lines 42-65\n"}
,{"stream_name":"stderr","time":17436.062183065,"data":"\u001b[34m\u001b[1mwandb\u001b[0m: \n"}
,{"stream_name":"stderr","time":17436.062207181,"data":"\u001b[34m\u001b[1mwandb\u001b[0m: Run history:\n"}
,{"stream_name":"stderr","time":17436.062213113,"data":"\u001b[34m\u001b[1mwandb\u001b[0m:       accuracy ▁▁▁▁▂▂▂▃▃▄▅▅▆▇▇█\n"}
,{"stream_name":"stderr","time":17436.062218851,"data":"\u001b[34m\u001b[1mwandb\u001b[0m:   accuracy_max ▃▂▂▂▁▁▂▂▄▅▇▆█▆▆▆\n"}
,{"stream_name":"stderr","time":17436.062223646,"data":"\u001b[34m\u001b[1mwandb\u001b[0m:   accuracy_min ▁▁▁▂▂▁▂▃▂▃▄▅▆▇██\n"}
,{"stream_name":"stderr","time":17436.062227915,"data":"\u001b[34m\u001b[1mwandb\u001b[0m:   accuracy_std ▅▃▂▂▃▁▂▂▄▅▇▇█▄▃▃\n"}
,{"stream_name":"stderr","time":17436.062232203,"data":"\u001b[34m\u001b[1mwandb\u001b[0m: ce_client_mean ▂▁▁▂▂▁▂▂▃▃▄▅▆▆██\n"}
,{"stream_name":"stderr","time":17436.062236731,"data":"\u001b[34m\u001b[1mwandb\u001b[0m:  comm_down_mib ▄▁▁▃▅▁▃▄▆▄▇▆▆█▅▇\n"}
,{"stream_name":"stderr","time":17436.062241355,"data":"\u001b[34m\u001b[1mwandb\u001b[0m:    comm_saving ▅██▆▄█▆▅▃▅▂▃▃▁▄▂\n"}
,{"stream_name":"stderr","time":17436.062245794,"data":"\u001b[34m\u001b[1mwandb\u001b[0m:    comm_up_mib ▄▁▁▃▅▁▃▄▆▄▇▆▆█▅▇\n"}
,{"stream_name":"stderr","time":17436.062250067,"data":"\u001b[34m\u001b[1mwandb\u001b[0m:       eval_sec ▃▆▃▃▁▂▁█▃▇▅▅▂▂▄▅\n"}
,{"stream_name":"stderr","time":17436.062254351,"data":"\u001b[34m\u001b[1mwandb\u001b[0m:      evaluated ▁▁▁▁▁▁▁▁▁▁▁▁▁▁▁▁\n"}
,{"stream_name":"stderr","time":17436.062259421,"data":"\u001b[34m\u001b[1mwandb\u001b[0m:            +59 ...\n"}
,{"stream_name":"stderr","time":17436.062263654,"data":"\u001b[34m\u001b[1mwandb\u001b[0m: \n"}
,{"stream_name":"stderr","time":17436.062267852,"data":"\u001b[34m\u001b[1mwandb\u001b[0m: Run summary:\n"}
,{"stream_name":"stderr","time":17436.062271868,"data":"\u001b[34m\u001b[1mwandb\u001b[0m:       accuracy 0.6619\n"}
,{"stream_name":"stderr","time":17436.062275996,"data":"\u001b[34m\u001b[1mwandb\u001b[0m:   accuracy_max 0.75193\n"}
,{"stream_name":"stderr","time":17436.062280215,"data":"\u001b[34m\u001b[1mwandb\u001b[0m:   accuracy_min 0.52936\n"}
,{"stream_name":"stderr","time":17436.062284688,"data":"\u001b[34m\u001b[1mwandb\u001b[0m:   accuracy_std 0.04936\n"}
,{"stream_name":"stderr","time":17436.062290206,"data":"\u001b[34m\u001b[1mwandb\u001b[0m:        backend compiled\n"}
,{"stream_name":"stderr","time":17436.062294272,"data":"\u001b[34m\u001b[1mwandb\u001b[0m:   backend_eval compiled\n"}
,{"stream_name":"stderr","time":17436.062298366,"data":"\u001b[34m\u001b[1mwandb\u001b[0m: ce_client_mean 0.0805\n"}
,{"stream_name":"stderr","time":17436.062302596,"data":"\u001b[34m\u001b[1mwandb\u001b[0m:  comm_down_mib 34.94773\n"}
,{"stream_name":"stderr","time":17436.062307434,"data":"\u001b[34m\u001b[1mwandb\u001b[0m:    comm_saving 0.54\n"}
,{"stream_name":"stderr","time":17436.062348099,"data":"\u001b[34m\u001b[1mwandb\u001b[0m:    comm_up_mib 34.94773\n"}
,{"stream_name":"stderr","time":17436.062353369,"data":"\u001b[34m\u001b[1mwandb\u001b[0m:            +61 ...\n"}
,{"stream_name":"stderr","time":17436.062357476,"data":"\u001b[34m\u001b[1mwandb\u001b[0m: \n"}
,{"stream_name":"stderr","time":17436.06236161,"data":"\n"}
,{"stream_name":"stderr","time":17436.062365813,"data":"\u001b[34m\u001b[1mwandb\u001b[0m: \n"}
,{"stream_name":"stderr","time":17436.062369774,"data":"\u001b[34m\u001b[1mwandb\u001b[0m: Run history:\n"}
,{"stream_name":"stderr","time":17436.062373988,"data":"\u001b[34m\u001b[1mwandb\u001b[0m:       accuracy ▁▁▁▁▂▂▂▃▃▄▅▅▆▇▇█\n"}
,{"stream_name":"stderr","time":17436.062378634,"data":"\u001b[34m\u001b[1mwandb\u001b[0m:   accuracy_max ▃▂▂▂▁▁▂▂▄▅▇▆█▆▆▆\n"}
,{"stream_name":"stderr","time":17436.062383316,"data":"\u001b[34m\u001b[1mwandb\u001b[0m:   accuracy_min ▁▁▁▂▂▁▂▃▂▃▄▅▆▇██\n"}
,{"stream_name":"stderr","time":17436.062388289,"data":"\u001b[34m\u001b[1mwandb\u001b[0m:   accuracy_std ▅▃▂▂▃▁▂▂▄▅▇▇█▄▃▃\n"}
,{"stream_name":"stderr","time":17436.062392412,"data":"\u001b[34m\u001b[1mwandb\u001b[0m: ce_client_mean ▂▁▁▂▂▁▂▂▃▃▄▅▆▆██\n"}
,{"stream_name":"stderr","time":17436.062397077,"data":"\u001b[34m\u001b[1mwandb\u001b[0m:  comm_down_mib ▄▁▁▃▅▁▃▄▆▄▇▆▆█▅▇\n"}
,{"stream_name":"stderr","time":17436.062403989,"data":"\u001b[34m\u001b[1mwandb\u001b[0m:    comm_saving ▅██▆▄█▆▅▃▅▂▃▃▁▄▂\n"}
,{"stream_name":"stderr","time":17436.062409132,"data":"\u001b[34m\u001b[1mwandb\u001b[0m:    comm_up_mib ▄▁▁▃▅▁▃▄▆▄▇▆▆█▅▇\n"}
,{"stream_name":"stderr","time":17436.062414029,"data":"\u001b[34m\u001b[1mwandb\u001b[0m:       eval_sec ▃▆▃▃▁▂▁█▃▇▅▅▂▂▄▅\n"}
,{"stream_name":"stderr","time":17436.062419001,"data":"\u001b[34m\u001b[1mwandb\u001b[0m:      evaluated ▁▁▁▁▁▁▁▁▁▁▁▁▁▁▁▁\n"}
,{"stream_name":"stderr","time":17436.062423243,"data":"\u001b[34m\u001b[1mwandb\u001b[0m:            +59 ...\n"}
,{"stream_name":"stderr","time":17436.062427326,"data":"\u001b[34m\u001b[1mwandb\u001b[0m: \n"}
,{"stream_name":"stderr","time":17436.062431338,"data":"\u001b[34m\u001b[1mwandb\u001b[0m: Run summary:\n"}
,{"stream_name":"stderr","time":17436.062435376,"data":"\u001b[34m\u001b[1mwandb\u001b[0m:       accuracy 0.6619\n"}
,{"stream_name":"stderr","time":17436.062439449,"data":"\u001b[34m\u001b[1mwandb\u001b[0m:   accuracy_max 0.75193\n"}
,{"stream_name":"stderr","time":17436.062443499,"data":"\u001b[34m\u001b[1mwandb\u001b[0m:   accuracy_min 0.52936\n"}
,{"stream_name":"stderr","time":17436.062447515,"data":"\u001b[34m\u001b[1mwandb\u001b[0m:   accuracy_std 0.04936\n"}
,{"stream_name":"stderr","time":17436.062451573,"data":"\u001b[34m\u001b[1mwandb\u001b[0m:        backend compiled\n"}
,{"stream_name":"stderr","time":17436.062455583,"data":"\u001b[34m\u001b[1mwandb\u001b[0m:   backend_eval compiled\n"}
,{"stream_name":"stderr","time":17436.06245958,"data":"\u001b[34m\u001b[1mwandb\u001b[0m: ce_client_mean 0.0805\n"}
,{"stream_name":"stderr","time":17436.062463566,"data":"\u001b[34m\u001b[1mwandb\u001b[0m:  comm_down_mib 34.94773\n"}
,{"stream_name":"stderr","time":17436.062467641,"data":"\u001b[34m\u001b[1mwandb\u001b[0m:    comm_saving 0.54\n"}
,{"stream_name":"stderr","time":17436.062471693,"data":"\u001b[34m\u001b[1mwandb\u001b[0m:    comm_up_mib 34.94773\n"}
,{"stream_name":"stderr","time":17436.062477017,"data":"\u001b[34m\u001b[1mwandb\u001b[0m:            +61 ...\n"}
,{"stream_name":"stderr","time":17436.062486858,"data":"\u001b[34m\u001b[1mwandb\u001b[0m: \n"}
,{"stream_name":"stderr","time":17436.063578395,"data":"\u001b[34m\u001b[1mwandb\u001b[0m: 🚀 View run \u001b[33mperfedskd_50c\u001b[0m at: \u001b[34m\u001b[4mhttps://wandb.ai/21522798-uit/perfedskd-veremi/runs/perfedskd_50c\u001b[0m\n"}
,{"stream_name":"stderr","time":17436.063595338,"data":"\u001b[34m\u001b[1mwandb\u001b[0m: ⭐️ View project at: \u001b[34m\u001b[4mhttps://wandb.ai/21522798-uit/perfedskd-veremi\u001b[0m\n"}
,{"stream_name":"stderr","time":17436.063600575,"data":"\u001b[34m\u001b[1mwandb\u001b[0m: Synced 5 W\u0026B file(s), 0 media file(s), 0 artifact file(s) and 0 other file(s)\n"}
,{"stream_name":"stderr","time":17436.063605131,"data":"\n"}
,{"stream_name":"stderr","time":17436.063608763,"data":"\u001b[34m\u001b[1mwandb\u001b[0m: 🚀 View run \u001b[33mperfedskd_50c\u001b[0m at: \u001b[34m\u001b[4mhttps://wandb.ai/21522798-uit/perfedskd-veremi/runs/perfedskd_50c\u001b[0m\n"}
,{"stream_name":"stderr","time":17436.063613285,"data":"\u001b[34m\u001b[1mwandb\u001b[0m: ⭐️ View project at: \u001b[34m\u001b[4mhttps://wandb.ai/21522798-uit/perfedskd-veremi\u001b[0m\n"}
,{"stream_name":"stderr","time":17436.063619262,"data":"\u001b[34m\u001b[1mwandb\u001b[0m: Synced 5 W\u0026B file(s), 0 media file(s), 0 artifact file(s) and 0 other file(s)\n"}
,{"stream_name":"stderr","time":17436.064272483,"data":"\u001b[34m\u001b[1mwandb\u001b[0m: Find logs at: \u001b[35m\u001b[1m./wandb/run-20260922_061637-perfedskd_50c/logs\u001b[0m\n"}
,{"stream_name":"stderr","time":17436.06428537,"data":"\n"}
,{"stream_name":"stderr","time":17436.064289916,"data":"\u001b[34m\u001b[1mwandb\u001b[0m: Find logs at: \u001b[35m\u001b[1m./wandb/run-20260922_061637-perfedskd_50c/logs\u001b[0m\n"}
,{"stream_name":"stderr","time":17441.650142225,"data":"/usr/local/lib/python3.12/dist-packages/mistune.py:435: SyntaxWarning: invalid escape sequence '\\|'\n"}
,{"stream_name":"stderr","time":17441.650182187,"data":"  cells[i][c] = re.sub('\\\\\\\\\\|', '|', cell)\n"}
,{"stream_name":"stderr","time":17441.886888591,"data":"/usr/local/lib/python3.12/dist-packages/nbconvert/filters/filter_links.py:36: SyntaxWarning: invalid escape sequence '\\_'\n"}
,{"stream_name":"stderr","time":17441.88692955,"data":"  text = re.sub(r'_', '\\_', text) # Escape underscores in display text\n"}
,{"stream_name":"stderr","time":17442.524798485,"data":"[NbConvertApp] Converting notebook __notebook__.ipynb to notebook\n"}
,{"stream_name":"stderr","time":17442.843499061,"data":"[NbConvertApp] Writing 180444 bytes to __notebook__.ipynb\n"}
,{"stream_name":"stderr","time":17445.163594131,"data":"[NbConvertApp] Converting notebook __notebook__.ipynb to html\n"}
,{"stream_name":"stderr","time":17446.514739768,"data":"[NbConvertApp] Writing 917012 bytes to __results__.html\n"}
]