[{"stream_name":"stderr","time":6.626277232,"data":"/usr/local/lib/python3.12/dist-packages/nbformat/__init__.py:96: MissingIDFieldWarning: Cell is missing an id field, this will become a hard error in future nbformat versions. You may want to use `normalize()` on your notebooks before validations (available since nbformat 5.1.4). Previous versions of nbformat are fixing this issue transparently, and will stop doing so in the future.\n"}
,{"stream_name":"stderr","time":6.626348901,"data":"  validate(nb)\n"}
,{"stream_name":"stderr","time":7.502533327,"data":"0.00s - Debugger warning: It seems that frozen modules are being used, which may\n"}
,{"stream_name":"stderr","time":7.502578143,"data":"0.00s - make the debugger miss breakpoints. Please pass -Xfrozen_modules=off\n"}
,{"stream_name":"stderr","time":7.502583656,"data":"0.00s - to python to disable frozen modules.\n"}
,{"stream_name":"stderr","time":7.502588138,"data":"0.00s - Note: Debugging will proceed. Set PYDEVD_DISABLE_FILE_VALIDATION=1 to disable this validation.\n"}
,{"stream_name":"stderr","time":8.143236129,"data":"0.00s - Debugger warning: It seems that frozen modules are being used, which may\n"}
,{"stream_name":"stderr","time":8.143266875,"data":"0.00s - make the debugger miss breakpoints. Please pass -Xfrozen_modules=off\n"}
,{"stream_name":"stderr","time":8.14327233,"data":"0.00s - to python to disable frozen modules.\n"}
,{"stream_name":"stderr","time":8.14327638,"data":"0.00s - Note: Debugging will proceed. Set PYDEVD_DISABLE_FILE_VALIDATION=1 to disable this validation.\n"}
,{"stream_name":"stdout","time":14.560614609,"data":"0 Tesla T4 (7, 5) 14.6 GiB\n"}
,{"stream_name":"stdout","time":14.560691714,"data":"1 Tesla T4 (7, 5) 14.6 GiB\n"}
,{"stream_name":"stdout","time":14.560699953,"data":"torch 2.10.0+cu128 | python 3.12.13\n"}
,{"stream_name":"stdout","time":14.578428478,"data":"           patch_len = 6\n"}
,{"stream_name":"stdout","time":14.578455267,"data":"             stem_ch = 96\n"}
,{"stream_name":"stdout","time":14.578461001,"data":"        dense_growth = 32\n"}
,{"stream_name":"stdout","time":14.578465714,"data":"        dense_layers = 3\n"}
,{"stream_name":"stdout","time":14.578470565,"data":"       incep_modules = 2\n"}
,{"stream_name":"stdout","time":14.578475796,"data":"        fire_modules = 3\n"}
,{"stream_name":"stdout","time":14.578480076,"data":"             dropout = 0.1\n"}
,{"stream_name":"stdout","time":14.578484426,"data":"         num_classes = 16\n"}
,{"stream_name":"stdout","time":14.578489314,"data":"          n_features = 66\n"}
,{"stream_name":"stdout","time":14.578493554,"data":"                 lam = 1.0\n"}
,{"stream_name":"stdout","time":14.578498066,"data":"       select_metric = accuracy\n"}
,{"stream_name":"stdout","time":14.578502686,"data":"                  lr = 0.001\n"}
,{"stream_name":"stdout","time":14.578507016,"data":"         lr_schedule = cosine\n"}
,{"stream_name":"stdout","time":14.578511326,"data":"              lr_min = 1e-05\n"}
,{"stream_name":"stdout","time":14.57851563,"data":"        weight_decay = 0.0001\n"}
,{"stream_name":"stdout","time":14.578520093,"data":"        local_epochs = 1\n"}
,{"stream_name":"stdout","time":14.578525207,"data":"              rounds = 50\n"}
,{"stream_name":"stdout","time":14.578529689,"data":"                clip = 1.0\n"}
,{"stream_name":"stdout","time":14.578533932,"data":"                seed = 42\n"}
,{"stream_name":"stdout","time":14.578538116,"data":"           n_clients = 100\n"}
,{"stream_name":"stdout","time":14.578543397,"data":"               batch = 256\n"}
,{"stream_name":"stdout","time":14.578548127,"data":"          eval_batch = 16384\n"}
,{"stream_name":"stdout","time":14.578565788,"data":"              device = cuda\n"}
,{"stream_name":"stdout","time":14.578570071,"data":"          world_size = 2\n"}
,{"stream_name":"stdout","time":14.578573733,"data":"             compile = True\n"}
,{"stream_name":"stdout","time":14.578577535,"data":"max_skips_per_client = 16\n"}
,{"stream_name":"stdout","time":14.578580717,"data":"        preds_rounds = [50]\n"}
,{"stream_name":"stdout","time":14.578583885,"data":"finalize_reserve_seconds = 900\n"}
,{"stream_name":"stdout","time":14.57858879,"data":"            run_name = perfedskd_100c\n"}
,{"stream_name":"stdout","time":14.578592267,"data":"               cache = /kaggle/temp/veremi_cache\n"}
,{"stream_name":"stdout","time":14.578599705,"data":"         max_seconds = 42300.0\n"}
,{"stream_name":"stdout","time":14.578603242,"data":"      require_resume = False\n"}
,{"stream_name":"stdout","time":14.597226785,"data":"Writing /kaggle/working/proj/model.py\n"}
,{"stream_name":"stdout","time":14.623388594,"data":"Writing /kaggle/working/proj/ckpt.py\n"}
,{"stream_name":"stdout","time":14.639063002,"data":"Writing /kaggle/working/proj/metrics.py\n"}
,{"stream_name":"stdout","time":14.657606973,"data":"Writing /kaggle/working/proj/data.py\n"}
,{"stream_name":"stdout","time":14.678987263,"data":"Writing /kaggle/working/proj/perfedskd.py\n"}
,{"stream_name":"stdout","time":14.697646687,"data":"Writing /kaggle/working/proj/evaluate.py\n"}
,{"stream_name":"stdout","time":14.730109786,"data":"Writing /kaggle/working/proj/driver.py\n"}
,{"stream_name":"stdout","time":14.755116823,"data":"Writing /kaggle/working/proj/verify.py\n"}
,{"stream_name":"stderr","time":16.778854424,"data":"\u001b[34m\u001b[1mwandb\u001b[0m: \u001b[33mWARNING\u001b[0m If you're specifying your api key in code, ensure this code is not shared publicly.\n"}
,{"stream_name":"stderr","time":16.778888202,"data":"\u001b[34m\u001b[1mwandb\u001b[0m: \u001b[33mWARNING\u001b[0m Consider setting the WANDB_API_KEY environment variable, or running `wandb login` from the command line.\n"}
,{"stream_name":"stderr","time":16.778895767,"data":"\n"}
,{"stream_name":"stderr","time":16.778899842,"data":"\u001b[34m\u001b[1mwandb\u001b[0m: \u001b[33mWARNING\u001b[0m If you're specifying your api key in code, ensure this code is not shared publicly.\n"}
,{"stream_name":"stderr","time":16.778905969,"data":"\u001b[34m\u001b[1mwandb\u001b[0m: \u001b[33mWARNING\u001b[0m Consider setting the WANDB_API_KEY environment variable, or running `wandb login` from the command line.\n"}
,{"stream_name":"stderr","time":16.780090726,"data":"\u001b[34m\u001b[1mwandb\u001b[0m: [wandb.login()] Using explicit session credentials for https://api.wandb.ai.\n"}
,{"stream_name":"stderr","time":16.780110102,"data":"\n"}
,{"stream_name":"stderr","time":16.78023426,"data":"\u001b[34m\u001b[1mwandb\u001b[0m: [wandb.login()] Using explicit session credentials for https://api.wandb.ai.\n"}
,{"stream_name":"stderr","time":16.780958183,"data":"\u001b[34m\u001b[1mwandb\u001b[0m: No netrc file found, creating one.\n"}
,{"stream_name":"stderr","time":16.780970288,"data":"\n"}
,{"stream_name":"stderr","time":16.781010359,"data":"\u001b[34m\u001b[1mwandb\u001b[0m: No netrc file found, creating one.\n"}
,{"stream_name":"stderr","time":16.781791029,"data":"\u001b[34m\u001b[1mwandb\u001b[0m: Appending key for api.wandb.ai to your netrc file: /root/.netrc\n"}
,{"stream_name":"stderr","time":16.781803349,"data":"\n"}
,{"stream_name":"stderr","time":16.78180748,"data":"\u001b[34m\u001b[1mwandb\u001b[0m: Appending key for api.wandb.ai to your netrc file: /root/.netrc\n"}
,{"stream_name":"stderr","time":16.969750484,"data":"\u001b[34m\u001b[1mwandb\u001b[0m: Currently logged in as: \u001b[33mminhtriet\u001b[0m (\u001b[33m21522798-uit\u001b[0m) to \u001b[32mhttps://api.wandb.ai\u001b[0m. Use \u001b[1m`wandb login --relogin`\u001b[0m to force relogin\n"}
,{"stream_name":"stderr","time":16.969786914,"data":"\n"}
,{"stream_name":"stderr","time":16.969792463,"data":"\u001b[34m\u001b[1mwandb\u001b[0m: Currently logged in as: \u001b[33mminhtriet\u001b[0m (\u001b[33m21522798-uit\u001b[0m) to \u001b[32mhttps://api.wandb.ai\u001b[0m. Use \u001b[1m`wandb login --relogin`\u001b[0m to force relogin\n"}
,{"stream_name":"stderr","time":18.790811856,"data":"\u001b[34m\u001b[1mwandb\u001b[0m: Tracking run with wandb version 0.26.1\n"}
,{"stream_name":"stderr","time":18.790877178,"data":"\n"}
,{"stream_name":"stderr","time":18.790882671,"data":"\u001b[34m\u001b[1mwandb\u001b[0m: Tracking run with wandb version 0.26.1\n"}
,{"stream_name":"stderr","time":18.792206701,"data":"\u001b[34m\u001b[1mwandb\u001b[0m: Run data is saved locally in \u001b[35m\u001b[1m/kaggle/working/wandb/run-20260921_165748-perfedskd_100c\u001b[0m\n"}
,{"stream_name":"stderr","time":18.792233367,"data":"\u001b[34m\u001b[1mwandb\u001b[0m: Run \u001b[1m`wandb offline`\u001b[0m to turn off syncing.\n"}
,{"stream_name":"stderr","time":18.79224079,"data":"\n"}
,{"stream_name":"stderr","time":18.792383952,"data":"\u001b[34m\u001b[1mwandb\u001b[0m: Run data is saved locally in \u001b[35m\u001b[1m/kaggle/working/wandb/run-20260921_165748-perfedskd_100c\u001b[0m\n"}
,{"stream_name":"stderr","time":18.792395553,"data":"\u001b[34m\u001b[1mwandb\u001b[0m: Run \u001b[1m`wandb offline`\u001b[0m to turn off syncing.\n"}
,{"stream_name":"stderr","time":18.793707222,"data":"\u001b[34m\u001b[1mwandb\u001b[0m: Syncing run \u001b[33mperfedskd_100c\u001b[0m\n"}
,{"stream_name":"stderr","time":18.793730083,"data":"\n"}
,{"stream_name":"stderr","time":18.793734999,"data":"\u001b[34m\u001b[1mwandb\u001b[0m: Syncing run \u001b[33mperfedskd_100c\u001b[0m\n"}
,{"stream_name":"stderr","time":18.795017199,"data":"\u001b[34m\u001b[1mwandb\u001b[0m: ⭐️ View project at \u001b[34m\u001b[4mhttps://wandb.ai/21522798-uit/perfedskd-veremi\u001b[0m\n"}
,{"stream_name":"stderr","time":18.795038556,"data":"\n"}
,{"stream_name":"stderr","time":18.795044255,"data":"\u001b[34m\u001b[1mwandb\u001b[0m: ⭐️ View project at \u001b[34m\u001b[4mhttps://wandb.ai/21522798-uit/perfedskd-veremi\u001b[0m\n"}
,{"stream_name":"stderr","time":18.796045553,"data":"\u001b[34m\u001b[1mwandb\u001b[0m: 🚀 View run at \u001b[34m\u001b[4mhttps://wandb.ai/21522798-uit/perfedskd-veremi/runs/perfedskd_100c\u001b[0m\n"}
,{"stream_name":"stderr","time":18.7960661,"data":"\n"}
,{"stream_name":"stderr","time":18.796071377,"data":"\u001b[34m\u001b[1mwandb\u001b[0m: 🚀 View run at \u001b[34m\u001b[4mhttps://wandb.ai/21522798-uit/perfedskd-veremi/runs/perfedskd_100c\u001b[0m\n"}
,{"stream_name":"stdout","time":20.281652883,"data":"W\u0026B: https://wandb.ai/21522798-uit/perfedskd-veremi/runs/perfedskd_100c\n"}
,{"stream_name":"stdout","time":25.503921941,"data":"FL root    : /kaggle/input/datasets/odixe0502/veremi-fl-100client/100_client\n"}
,{"stream_name":"stdout","time":25.503970143,"data":"test root  : /kaggle/input/datasets/odixe0502/veremi-nextgen2026-centralized/upload/test\n"}
,{"stream_name":"stdout","time":25.504008308,"data":"data_id    : 4723f6dbf7fa5f2e\n"}
,{"stream_name":"stdout","time":25.50401333,"data":"fingerprint: f923c7feb193d427\n"}
,{"stream_name":"stdout","time":25.713885112,"data":"resume from round None\n"}
,{"stream_name":"stdout","time":141.059835126,"data":"train (43045415, 66) max|x|=570.5\n"}
,{"stream_name":"stdout","time":181.537140771,"data":"test  (10761343, 66) max|x|=570.5\n"}
,{"stream_name":"stdout","time":182.370273636,"data":"content_id : db2bbb68760a82ee\n"}
,{"stream_name":"stdout","time":182.370310198,"data":"prepack 156.9s | 43,045,415 train / 10,761,343 test rows\n"}
,{"stream_name":"stderr","time":206.817871574,"data":"W0921 17:00:57.815000 88 torch/_inductor/utils.py:1679] [0/0] Not enough SMs to use max_autotune_gemm mode\n"}
,{"stream_name":"stderr","time":206.820221665,"data":"W0921 17:00:57.817000 89 torch/_inductor/utils.py:1679] [0/0] Not enough SMs to use max_autotune_gemm mode\n"}
,{"stream_name":"stderr","time":207.021042515,"data":"W0921 17:00:57.815000 88 torch/_inductor/utils.py:1679] [0/0] Not enough SMs to use max_autotune_gemm mode\n"}
,{"stream_name":"stderr","time":207.021080776,"data":"W0921 17:00:57.817000 89 torch/_inductor/utils.py:1679] [0/0] Not enough SMs to use max_autotune_gemm mode\n"}
,{"stream_name":"stderr","time":207.021087789,"data":"\n"}
,{"stream_name":"stderr","time":207.021093001,"data":"W0921 17:00:57.815000 88 torch/_inductor/utils.py:1679] [0/0] Not enough SMs to use max_autotune_gemm mode\n"}
,{"stream_name":"stderr","time":207.021097961,"data":"W0921 17:00:57.817000 89 torch/_inductor/utils.py:1679] [0/0] Not enough SMs to use max_autotune_gemm mode\n"}
,{"stream_name":"stdout","time":312.243807571,"data":"[rank0] compile OK | student max|dlogit|=6.87e-04 rel|dgrad|=3.90e-03 flips 0/256 (0/244 decisive) | teacher max|dlogit|=4.88e-04 rel|dgrad|=0.00e+00 flips 0/256 (0/251 decisive)\n"}
,{"stream_name":"stdout","time":312.245796441,"data":"[rank1] compile OK | student max|dlogit|=6.71e-04 rel|dgrad|=3.71e-03 flips 1/256 (0/246 decisive) | teacher max|dlogit|=4.88e-04 rel|dgrad|=0.00e+00 flips 0/256 (0/241 decisive)\n"}
,{"stream_name":"stdout","time":312.457266034,"data":"[rank0] compile OK | student max|dlogit|=6.87e-04 rel|dgrad|=3.90e-03 flips 0/256 (0/244 decisive) | teacher max|dlogit|=4.88e-04 rel|dgrad|=0.00e+00 flips 0/256 (0/251 decisive)\n"}
,{"stream_name":"stdout","time":312.457297005,"data":"[rank1] compile OK | student max|dlogit|=6.71e-04 rel|dgrad|=3.71e-03 flips 1/256 (0/246 decisive) | teacher max|dlogit|=4.88e-04 rel|dgrad|=0.00e+00 flips 0/256 (0/241 decisive)\n"}
,{"stream_name":"stdout","time":327.960382231,"data":"[rank0] eval compile OK | max|dlogit|=7.32e-04 rel|dgrad|=0.00e+00 flips 7/16384 (0/15855 decisive)\n"}
,{"stream_name":"stdout","time":328.016225448,"data":"[rank1] eval compile OK | max|dlogit|=7.32e-04 rel|dgrad|=0.00e+00 flips 12/16384 (0/15176 decisive)\n"}
,{"stream_name":"stdout","time":328.020032865,"data":"[rank0] eval compile OK | max|dlogit|=7.32e-04 rel|dgrad|=0.00e+00 flips 7/16384 (0/15855 decisive)\n"}
,{"stream_name":"stdout","time":328.020068724,"data":"[rank1] eval compile OK | max|dlogit|=7.32e-04 rel|dgrad|=0.00e+00 flips 12/16384 (0/15176 decisive)\n"}
,{"stream_name":"stdout","time":328.020075315,"data":"[driver] 2 workers ready: train compiled, eval compiled (314s into the session)\n"}
,{"stream_name":"stdout","time":2674.428810109,"data":"[r001] f1_macro mean=0.365178 std=0.0657 min=0.1749 acc=0.459449 | global f1=0.216603 acc=0.446429 | |S|=100-\u003e41 tau=0.459449 | lr=1.00e-03 ce=0.7980 kd=0.4904 skip=2/168200 train=725s eval=1617s vram=7.01G 2344.9s | session 0.74h\n"}
,{"stream_name":"stdout","time":4923.746870311,"data":"[r002] f1_macro mean=0.377119 std=0.0585 min=0.1920 acc=0.461963 | global f1=0.548933 acc=0.616124 | |S|=41-\u003e45 tau=0.461963 | lr=9.99e-04 ce=0.3694 kd=0.1660 skip=7/168200 train=634s eval=1612s vram=7.13G 2249.3s | session 1.36h\n"}
,{"stream_name":"stdout","time":7154.132388273,"data":"[r003] f1_macro mean=0.386272 std=0.0530 min=0.2186 acc=0.463644 | global f1=0.599203 acc=0.562648 | |S|=45-\u003e43 tau=0.463644 | lr=9.96e-04 ce=0.2001 kd=0.0929 skip=20/168200 train=613s eval=1614s vram=7.15G 2230.4s | session 1.98h\n"}
,{"stream_name":"stdout","time":9371.633831443,"data":"[r004] f1_macro mean=0.389474 std=0.0490 min=0.2255 acc=0.459783 | global f1=0.610056 acc=0.548571 | |S|=43-\u003e45 tau=0.459783 | lr=9.91e-04 ce=0.1186 kd=0.0613 skip=27/168200 train=599s eval=1615s vram=7.15G 2217.5s | session 2.60h\n"}
,{"stream_name":"stdout","time":11575.200084776,"data":"[r005] f1_macro mean=0.391196 std=0.0504 min=0.2562 acc=0.455834 | global f1=0.603856 acc=0.540640 | |S|=45-\u003e43 tau=0.455834 | lr=9.84e-04 ce=0.0774 kd=0.0454 skip=30/168200 train=593s eval=1608s vram=7.05G 2203.5s | session 3.21h\n"}
,{"stream_name":"stdout","time":13773.902081279,"data":"[r006] f1_macro mean=0.393712 std=0.0506 min=0.2783 acc=0.455335 | global f1=0.591035 acc=0.533911 | |S|=43-\u003e51 tau=0.455335 | lr=9.75e-04 ce=0.0569 kd=0.0374 skip=33/168200 train=584s eval=1612s vram=7.05G 2198.7s | session 3.82h\n"}
,{"stream_name":"stdout","time":15975.909731337,"data":"[r007] f1_macro mean=0.401127 std=0.0479 min=0.2843 acc=0.456050 | global f1=0.612341 acc=0.551267 | |S|=51-\u003e45 tau=0.456050 | lr=9.64e-04 ce=0.0469 kd=0.0336 skip=44/168200 train=591s eval=1608s vram=7.05G 2202.0s | session 4.43h\n"}
,{"stream_name":"stdout","time":18167.022756508,"data":"[r008] f1_macro mean=0.399244 std=0.0474 min=0.2864 acc=0.453960 | global f1=0.586694 acc=0.533525 | |S|=45-\u003e44 tau=0.453960 | lr=9.51e-04 ce=0.0389 kd=0.0287 skip=42/168200 train=583s eval=1605s vram=7.05G 2191.1s | session 5.04h\n"}
,{"stream_name":"stdout","time":20353.115526776,"data":"[r009] f1_macro mean=0.400954 std=0.0465 min=0.2806 acc=0.454488 | global f1=0.605540 acc=0.545802 | |S|=44-\u003e46 tau=0.454488 | lr=9.36e-04 ce=0.0351 kd=0.0270 skip=36/168200 train=582s eval=1601s vram=7.05G 2186.1s | session 5.65h\n"}
,{"stream_name":"stdout","time":22544.982165475,"data":"[r010] f1_macro mean=0.404504 std=0.0490 min=0.2900 acc=0.455935 | global f1=0.603794 acc=0.542382 | |S|=46-\u003e48 tau=0.455935 | lr=9.20e-04 ce=0.0325 kd=0.0251 skip=40/168200 train=586s eval=1603s vram=7.05G 2191.8s | session 6.26h\n"}
,{"stream_name":"stdout","time":24731.409086999,"data":"[r011] f1_macro mean=0.405892 std=0.0530 min=0.2685 acc=0.454896 | global f1=0.592745 acc=0.539179 | |S|=48-\u003e44 tau=0.454896 | lr=9.02e-04 ce=0.0305 kd=0.0237 skip=48/168200 train=581s eval=1602s vram=7.05G 2186.4s | session 6.87h\n"}
,{"stream_name":"stdout","time":26914.495559994,"data":"[r012] f1_macro mean=0.407810 std=0.0524 min=0.2925 acc=0.456546 | global f1=0.589564 acc=0.531292 | |S|=44-\u003e45 tau=0.456546 | lr=8.82e-04 ce=0.0285 kd=0.0223 skip=45/168200 train=584s eval=1596s vram=7.05G 2183.0s | session 7.47h\n"}
,{"stream_name":"stdout","time":29097.549425601,"data":"[r013] f1_macro mean=0.406496 std=0.0493 min=0.2905 acc=0.455435 | global f1=0.585317 acc=0.528713 | |S|=45-\u003e47 tau=0.455435 | lr=8.61e-04 ce=0.0273 kd=0.0215 skip=34/168200 train=584s eval=1596s vram=7.05G 2183.0s | session 8.08h\n"}
,{"stream_name":"stdout","time":31298.492016858,"data":"[r014] f1_macro mean=0.411158 std=0.0474 min=0.2982 acc=0.456601 | global f1=0.594090 acc=0.541348 | |S|=47-\u003e44 tau=0.456601 | lr=8.38e-04 ce=0.0259 kd=0.0205 skip=46/168200 train=611s eval=1586s vram=7.05G 2200.9s | session 8.69h\n"}
,{"stream_name":"stdout","time":33509.647305117,"data":"[r015] f1_macro mean=0.412762 std=0.0501 min=0.2921 acc=0.456074 | global f1=0.564851 acc=0.516951 | |S|=44-\u003e40 tau=0.456074 | lr=8.14e-04 ce=0.0248 kd=0.0198 skip=41/168200 train=612s eval=1596s vram=7.13G 2211.1s | session 9.30h\n"}
,{"stream_name":"stdout","time":35730.196481845,"data":"[r016] f1_macro mean=0.410150 std=0.0489 min=0.2851 acc=0.455072 | global f1=0.574012 acc=0.518213 | |S|=40-\u003e47 tau=0.455072 | lr=7.88e-04 ce=0.0228 kd=0.0182 skip=38/168200 train=613s eval=1604s vram=7.05G 2220.5s | session 9.92h\n"}
,{"stream_name":"stdout","time":37910.768197615,"data":"[r017] f1_macro mean=0.415820 std=0.0540 min=0.2722 acc=0.460837 | global f1=0.584731 acc=0.534443 | |S|=47-\u003e48 tau=0.460837 | lr=7.62e-04 ce=0.0237 kd=0.0192 skip=48/168200 train=578s eval=1600s vram=7.05G 2180.5s | session 10.53h\n"}
,{"stream_name":"stdout","time":40088.583183335,"data":"[r018] f1_macro mean=0.423241 std=0.0587 min=0.2858 acc=0.464031 | global f1=0.572148 acc=0.527639 | |S|=48-\u003e48 tau=0.464031 | lr=7.34e-04 ce=0.0239 kd=0.0195 skip=43/168200 train=575s eval=1600s vram=7.05G 2177.8s | session 11.13h\n"}
,{"stream_name":"stdout","time":40088.584190466,"data":"[driver] stopping after round 18: the next round plus a 15 min finalize reserve would exceed the session budget (11.75 h)\n"}
,{"stream_name":"stdout","time":40092.717819498,"data":"\n"}
,{"stream_name":"stdout","time":40092.717893885,"data":"completed 18 rounds this session\n"}
,{"stream_name":"stdout","time":40238.46913252,"data":"run      : /kaggle/working/runs/perfedskd_100c\n"}
,{"stream_name":"stdout","time":40238.469170573,"data":"complete : rounds 1..18   (mode: full)\n"}
,{"stream_name":"stdout","time":40238.469176424,"data":"artifacts: 0 prediction files, 18 client logs\n"}
,{"stream_name":"stdout","time":40238.469181015,"data":"  all artifact checks passed\n"}
,{"stream_name":"stderr","time":40277.08252106,"data":"\u001b[34m\u001b[1mwandb\u001b[0m: updating run metadata\n"}
,{"stream_name":"stderr","time":40277.082557723,"data":"\n"}
,{"stream_name":"stderr","time":40277.082576146,"data":"\u001b[34m\u001b[1mwandb\u001b[0m: updating run metadata\n"}
,{"stream_name":"stdout","time":40277.16383752,"data":"\n"}
,{"stream_name":"stdout","time":40277.163855472,"data":"rounds verified : 18 / 50\n"}
,{"stream_name":"stdout","time":40277.163866299,"data":"  INCOMPLETE — attach this notebook's output (or a checkpoint dataset of it) to the next push and regenerate with --require-resume to continue at round 19\n"}
,{"stream_name":"stdout","time":40277.163871111,"data":"\n"}
,{"stream_name":"stdout","time":40277.163873974,"data":"result at round 18 (mean over 100 personalized models; std / min / max of f1_macro 0.0587 / 0.2858 / 0.5813):\n"}
,{"stream_name":"stdout","time":40277.163877242,"data":"  accuracy             0.464031   server aggregate 0.527639\n"}
,{"stream_name":"stdout","time":40277.163880272,"data":"  precision_macro      0.524715   server aggregate 0.559204\n"}
,{"stream_name":"stdout","time":40277.163883208,"data":"  precision_micro      0.464031   server aggregate 0.527639\n"}
,{"stream_name":"stdout","time":40277.163886022,"data":"  precision_weighted   0.627470   server aggregate 0.661078\n"}
,{"stream_name":"stdout","time":40277.163889522,"data":"  recall_macro         0.501901   server aggregate 0.687286\n"}
,{"stream_name":"stdout","time":40277.163907106,"data":"  recall_micro         0.464031   server aggregate 0.527639\n"}
,{"stream_name":"stdout","time":40277.163912139,"data":"  recall_weighted      0.464031   server aggregate 0.527639\n"}
,{"stream_name":"stdout","time":40277.163916926,"data":"  f1_macro             0.423241   server aggregate 0.572148\n"}
,{"stream_name":"stdout","time":40277.163922052,"data":"  f1_micro             0.464031   server aggregate 0.527639\n"}
,{"stream_name":"stdout","time":40277.163926438,"data":"  f1_weighted          0.448508   server aggregate 0.500424\n"}
,{"stream_name":"stdout","time":40277.163930683,"data":"\n"}
,{"stream_name":"stdout","time":40277.163934781,"data":"selection: |S| per round min 40 median 45 max 100 of 100; mean downlink+uplink saving 51.9% against broadcasting to every device\n"}
,{"stream_name":"stdout","time":40277.163939488,"data":"\n"}
,{"stream_name":"stdout","time":40277.16394524,"data":"[descriptive only] best mean f1_macro 0.423241 at round 18 — picked on test, not a reported result\n"}
,{"stream_name":"stdout","time":40277.16396271,"data":"\n"}
,{"stream_name":"stdout","time":40277.163965321,"data":"backend  : train compiled | eval compiled\n"}
,{"stream_name":"stdout","time":40277.163967604,"data":"session  : 18 round(s) here | startup+prepack+compile 8.4 min | verify and W\u0026B are outside this figure\n"}
,{"stream_name":"stdout","time":40277.163970106,"data":"timing   : rounds [2220, 2181, 2178]s | steady 2201s/round = train 594s + eval 1603s (100 clients + aggregate) + commit\n"}
,{"stream_name":"stdout","time":40277.163999508,"data":"VRAM     : train 7.15 GiB/GPU | eval 7.33 GiB/GPU (of 16)\n"}
,{"stream_name":"stdout","time":40277.164006504,"data":"projected: 50 rounds = 30.71 h (30.57 h of rounds + 0.14 h startup)\n"}
,{"stream_name":"stderr","time":40277.477426191,"data":"\u001b[34m\u001b[1mwandb\u001b[0m: uploading history steps 17-17, summary, console lines 42-66\n"}
,{"stream_name":"stderr","time":40277.477451792,"data":"\n"}
,{"stream_name":"stderr","time":40277.477455179,"data":"\u001b[34m\u001b[1mwandb\u001b[0m: uploading history steps 17-17, summary, console lines 42-66\n"}
,{"stream_name":"stderr","time":40277.641367151,"data":"\u001b[34m\u001b[1mwandb\u001b[0m: \n"}
,{"stream_name":"stderr","time":40277.641394376,"data":"\u001b[34m\u001b[1mwandb\u001b[0m: Run history:\n"}
,{"stream_name":"stderr","time":40277.64140048,"data":"\u001b[34m\u001b[1mwandb\u001b[0m:       accuracy ▅▇█▅▂▂▂▁▁▂▂▃▂▃▂▂▆█\n"}
,{"stream_name":"stderr","time":40277.64140584,"data":"\u001b[34m\u001b[1mwandb\u001b[0m:   accuracy_max █▇▇▅▄▅▄▂▄▃▂▃▁▃▄▃▅▄\n"}
,{"stream_name":"stderr","time":40277.641410267,"data":"\u001b[34m\u001b[1mwandb\u001b[0m:   accuracy_min ▁▄▆▆▅▆▇▆▇▇▆██▇▆██▇\n"}
,{"stream_name":"stderr","time":40277.641415345,"data":"\u001b[34m\u001b[1mwandb\u001b[0m:   accuracy_std █▆▅▄▄▃▃▃▂▂▂▂▂▁▂▁▂▂\n"}
,{"stream_name":"stderr","time":40277.641420657,"data":"\u001b[34m\u001b[1mwandb\u001b[0m: ce_client_mean █▄▃▂▁▁▁▁▁▁▁▁▁▁▁▁▁▁\n"}
,{"stream_name":"stderr","time":40277.641425282,"data":"\u001b[34m\u001b[1mwandb\u001b[0m:  comm_down_mib █▁▂▁▂▁▂▂▁▂▂▁▂▂▁▁▂▂\n"}
,{"stream_name":"stderr","time":40277.641429079,"data":"\u001b[34m\u001b[1mwandb\u001b[0m:    comm_saving ▁█▇█▇█▇▇█▇▇█▇▇██▇▇\n"}
,{"stream_name":"stderr","time":40277.641433036,"data":"\u001b[34m\u001b[1mwandb\u001b[0m:    comm_up_mib █▁▂▁▂▁▂▂▁▂▂▁▂▂▁▁▂▂\n"}
,{"stream_name":"stderr","time":40277.641437105,"data":"\u001b[34m\u001b[1mwandb\u001b[0m:       eval_sec █▇▇▇▆▇▆▅▄▅▅▃▃▁▃▅▄▄\n"}
,{"stream_name":"stderr","time":40277.64144149,"data":"\u001b[34m\u001b[1mwandb\u001b[0m:      evaluated ▁▁▁▁▁▁▁▁▁▁▁▁▁▁▁▁▁▁\n"}
,{"stream_name":"stderr","time":40277.641446798,"data":"\u001b[34m\u001b[1mwandb\u001b[0m:            +59 ...\n"}
,{"stream_name":"stderr","time":40277.641451569,"data":"\u001b[34m\u001b[1mwandb\u001b[0m: \n"}
,{"stream_name":"stderr","time":40277.641455717,"data":"\u001b[34m\u001b[1mwandb\u001b[0m: Run summary:\n"}
,{"stream_name":"stderr","time":40277.6414596,"data":"\u001b[34m\u001b[1mwandb\u001b[0m:       accuracy 0.46403\n"}
,{"stream_name":"stderr","time":40277.641464035,"data":"\u001b[34m\u001b[1mwandb\u001b[0m:   accuracy_max 0.57762\n"}
,{"stream_name":"stderr","time":40277.641468269,"data":"\u001b[34m\u001b[1mwandb\u001b[0m:   accuracy_min 0.33098\n"}
,{"stream_name":"stderr","time":40277.641472011,"data":"\u001b[34m\u001b[1mwandb\u001b[0m:   accuracy_std 0.05116\n"}
,{"stream_name":"stderr","time":40277.641497043,"data":"\u001b[34m\u001b[1mwandb\u001b[0m:        backend compiled\n"}
,{"stream_name":"stderr","time":40277.641501681,"data":"\u001b[34m\u001b[1mwandb\u001b[0m:   backend_eval compiled\n"}
,{"stream_name":"stderr","time":40277.641505769,"data":"\u001b[34m\u001b[1mwandb\u001b[0m: ce_client_mean 0.02386\n"}
,{"stream_name":"stderr","time":40277.641509505,"data":"\u001b[34m\u001b[1mwandb\u001b[0m:  comm_down_mib 72.93439\n"}
,{"stream_name":"stderr","time":40277.641513219,"data":"\u001b[34m\u001b[1mwandb\u001b[0m:    comm_saving 0.52\n"}
,{"stream_name":"stderr","time":40277.641517028,"data":"\u001b[34m\u001b[1mwandb\u001b[0m:    comm_up_mib 72.93439\n"}
,{"stream_name":"stderr","time":40277.641520622,"data":"\u001b[34m\u001b[1mwandb\u001b[0m:            +61 ...\n"}
,{"stream_name":"stderr","time":40277.641524932,"data":"\u001b[34m\u001b[1mwandb\u001b[0m: \n"}
,{"stream_name":"stderr","time":40277.641529079,"data":"\n"}
,{"stream_name":"stderr","time":40277.641532541,"data":"\u001b[34m\u001b[1mwandb\u001b[0m: \n"}
,{"stream_name":"stderr","time":40277.64153636,"data":"\u001b[34m\u001b[1mwandb\u001b[0m: Run history:\n"}
,{"stream_name":"stderr","time":40277.641540542,"data":"\u001b[34m\u001b[1mwandb\u001b[0m:       accuracy ▅▇█▅▂▂▂▁▁▂▂▃▂▃▂▂▆█\n"}
,{"stream_name":"stderr","time":40277.641544622,"data":"\u001b[34m\u001b[1mwandb\u001b[0m:   accuracy_max █▇▇▅▄▅▄▂▄▃▂▃▁▃▄▃▅▄\n"}
,{"stream_name":"stderr","time":40277.641548571,"data":"\u001b[34m\u001b[1mwandb\u001b[0m:   accuracy_min ▁▄▆▆▅▆▇▆▇▇▆██▇▆██▇\n"}
,{"stream_name":"stderr","time":40277.64155267,"data":"\u001b[34m\u001b[1mwandb\u001b[0m:   accuracy_std █▆▅▄▄▃▃▃▂▂▂▂▂▁▂▁▂▂\n"}
,{"stream_name":"stderr","time":40277.64155726,"data":"\u001b[34m\u001b[1mwandb\u001b[0m: ce_client_mean █▄▃▂▁▁▁▁▁▁▁▁▁▁▁▁▁▁\n"}
,{"stream_name":"stderr","time":40277.641563244,"data":"\u001b[34m\u001b[1mwandb\u001b[0m:  comm_down_mib █▁▂▁▂▁▂▂▁▂▂▁▂▂▁▁▂▂\n"}
,{"stream_name":"stderr","time":40277.641567228,"data":"\u001b[34m\u001b[1mwandb\u001b[0m:    comm_saving ▁█▇█▇█▇▇█▇▇█▇▇██▇▇\n"}
,{"stream_name":"stderr","time":40277.641571503,"data":"\u001b[34m\u001b[1mwandb\u001b[0m:    comm_up_mib █▁▂▁▂▁▂▂▁▂▂▁▂▂▁▁▂▂\n"}
,{"stream_name":"stderr","time":40277.641575521,"data":"\u001b[34m\u001b[1mwandb\u001b[0m:       eval_sec █▇▇▇▆▇▆▅▄▅▅▃▃▁▃▅▄▄\n"}
,{"stream_name":"stderr","time":40277.641579471,"data":"\u001b[34m\u001b[1mwandb\u001b[0m:      evaluated ▁▁▁▁▁▁▁▁▁▁▁▁▁▁▁▁▁▁\n"}
,{"stream_name":"stderr","time":40277.641583462,"data":"\u001b[34m\u001b[1mwandb\u001b[0m:            +59 ...\n"}
,{"stream_name":"stderr","time":40277.641587228,"data":"\u001b[34m\u001b[1mwandb\u001b[0m: \n"}
,{"stream_name":"stderr","time":40277.641591094,"data":"\u001b[34m\u001b[1mwandb\u001b[0m: Run summary:\n"}
,{"stream_name":"stderr","time":40277.641595539,"data":"\u001b[34m\u001b[1mwandb\u001b[0m:       accuracy 0.46403\n"}
,{"stream_name":"stderr","time":40277.641599486,"data":"\u001b[34m\u001b[1mwandb\u001b[0m:   accuracy_max 0.57762\n"}
,{"stream_name":"stderr","time":40277.641604224,"data":"\u001b[34m\u001b[1mwandb\u001b[0m:   accuracy_min 0.33098\n"}
,{"stream_name":"stderr","time":40277.641608204,"data":"\u001b[34m\u001b[1mwandb\u001b[0m:   accuracy_std 0.05116\n"}
,{"stream_name":"stderr","time":40277.641612199,"data":"\u001b[34m\u001b[1mwandb\u001b[0m:        backend compiled\n"}
,{"stream_name":"stderr","time":40277.641616186,"data":"\u001b[34m\u001b[1mwandb\u001b[0m:   backend_eval compiled\n"}
,{"stream_name":"stderr","time":40277.641630433,"data":"\u001b[34m\u001b[1mwandb\u001b[0m: ce_client_mean 0.02386\n"}
,{"stream_name":"stderr","time":40277.641634541,"data":"\u001b[34m\u001b[1mwandb\u001b[0m:  comm_down_mib 72.93439\n"}
,{"stream_name":"stderr","time":40277.641638417,"data":"\u001b[34m\u001b[1mwandb\u001b[0m:    comm_saving 0.52\n"}
,{"stream_name":"stderr","time":40277.64164211,"data":"\u001b[34m\u001b[1mwandb\u001b[0m:    comm_up_mib 72.93439\n"}
,{"stream_name":"stderr","time":40277.641646041,"data":"\u001b[34m\u001b[1mwandb\u001b[0m:            +61 ...\n"}
,{"stream_name":"stderr","time":40277.641649936,"data":"\u001b[34m\u001b[1mwandb\u001b[0m: \n"}
,{"stream_name":"stderr","time":40277.642593964,"data":"\u001b[34m\u001b[1mwandb\u001b[0m: 🚀 View run \u001b[33mperfedskd_100c\u001b[0m at: \u001b[34m\u001b[4mhttps://wandb.ai/21522798-uit/perfedskd-veremi/runs/perfedskd_100c\u001b[0m\n"}
,{"stream_name":"stderr","time":40277.64261609,"data":"\u001b[34m\u001b[1mwandb\u001b[0m: ⭐️ View project at: \u001b[34m\u001b[4mhttps://wandb.ai/21522798-uit/perfedskd-veremi\u001b[0m\n"}
,{"stream_name":"stderr","time":40277.642621853,"data":"\u001b[34m\u001b[1mwandb\u001b[0m: Synced 5 W\u0026B file(s), 0 media file(s), 0 artifact file(s) and 0 other file(s)\n"}
,{"stream_name":"stderr","time":40277.642626924,"data":"\n"}
,{"stream_name":"stderr","time":40277.642651124,"data":"\u001b[34m\u001b[1mwandb\u001b[0m: 🚀 View run \u001b[33mperfedskd_100c\u001b[0m at: \u001b[34m\u001b[4mhttps://wandb.ai/21522798-uit/perfedskd-veremi/runs/perfedskd_100c\u001b[0m\n"}
,{"stream_name":"stderr","time":40277.64265698,"data":"\u001b[34m\u001b[1mwandb\u001b[0m: ⭐️ View project at: \u001b[34m\u001b[4mhttps://wandb.ai/21522798-uit/perfedskd-veremi\u001b[0m\n"}
,{"stream_name":"stderr","time":40277.642661066,"data":"\u001b[34m\u001b[1mwandb\u001b[0m: Synced 5 W\u0026B file(s), 0 media file(s), 0 artifact file(s) and 0 other file(s)\n"}
,{"stream_name":"stderr","time":40277.643680666,"data":"\u001b[34m\u001b[1mwandb\u001b[0m: Find logs at: \u001b[35m\u001b[1m./wandb/run-20260921_165748-perfedskd_100c/logs\u001b[0m\n"}
,{"stream_name":"stderr","time":40277.643699136,"data":"\n"}
,{"stream_name":"stderr","time":40277.643703797,"data":"\u001b[34m\u001b[1mwandb\u001b[0m: Find logs at: \u001b[35m\u001b[1m./wandb/run-20260921_165748-perfedskd_100c/logs\u001b[0m\n"}
,{"stream_name":"stderr","time":40283.029353751,"data":"/usr/local/lib/python3.12/dist-packages/mistune.py:435: SyntaxWarning: invalid escape sequence '\\|'\n"}
,{"stream_name":"stderr","time":40283.029392511,"data":"  cells[i][c] = re.sub('\\\\\\\\\\|', '|', cell)\n"}
,{"stream_name":"stderr","time":40283.216854862,"data":"/usr/local/lib/python3.12/dist-packages/nbconvert/filters/filter_links.py:36: SyntaxWarning: invalid escape sequence '\\_'\n"}
,{"stream_name":"stderr","time":40283.216887001,"data":"  text = re.sub(r'_', '\\_', text) # Escape underscores in display text\n"}
,{"stream_name":"stderr","time":40283.839962565,"data":"[NbConvertApp] Converting notebook __notebook__.ipynb to notebook\n"}
,{"stream_name":"stderr","time":40284.146280805,"data":"[NbConvertApp] Writing 180928 bytes to __notebook__.ipynb\n"}
,{"stream_name":"stderr","time":40286.442049218,"data":"[NbConvertApp] Converting notebook __notebook__.ipynb to html\n"}
,{"stream_name":"stderr","time":40287.574390095,"data":"[NbConvertApp] Writing 917495 bytes to __results__.html\n"}
]