[{"stream_name":"stderr","time":10.152430587,"data":"/usr/local/lib/python3.12/dist-packages/nbformat/__init__.py:96: MissingIDFieldWarning: Cell is missing an id field, this will become a hard error in future nbformat versions. You may want to use `normalize()` on your notebooks before validations (available since nbformat 5.1.4). Previous versions of nbformat are fixing this issue transparently, and will stop doing so in the future.\n"}
,{"stream_name":"stderr","time":10.152471307,"data":"  validate(nb)\n"}
,{"stream_name":"stderr","time":11.536318063,"data":"0.00s - Debugger warning: It seems that frozen modules are being used, which may\n"}
,{"stream_name":"stderr","time":11.53635987,"data":"0.00s - make the debugger miss breakpoints. Please pass -Xfrozen_modules=off\n"}
,{"stream_name":"stderr","time":11.53636375,"data":"0.00s - to python to disable frozen modules.\n"}
,{"stream_name":"stderr","time":11.536366691,"data":"0.00s - Note: Debugging will proceed. Set PYDEVD_DISABLE_FILE_VALIDATION=1 to disable this validation.\n"}
,{"stream_name":"stderr","time":12.307878378,"data":"0.00s - Debugger warning: It seems that frozen modules are being used, which may\n"}
,{"stream_name":"stderr","time":12.307910405,"data":"0.00s - make the debugger miss breakpoints. Please pass -Xfrozen_modules=off\n"}
,{"stream_name":"stderr","time":12.307919305,"data":"0.00s - to python to disable frozen modules.\n"}
,{"stream_name":"stderr","time":12.307922146,"data":"0.00s - Note: Debugging will proceed. Set PYDEVD_DISABLE_FILE_VALIDATION=1 to disable this validation.\n"}
,{"stream_name":"stdout","time":22.132664192,"data":"0 Tesla T4 (7, 5) 14.6 GiB\n"}
,{"stream_name":"stdout","time":22.132698025,"data":"1 Tesla T4 (7, 5) 14.6 GiB\n"}
,{"stream_name":"stdout","time":22.132703939,"data":"torch 2.10.0+cu128 | python 3.12.13\n"}
,{"stream_name":"stdout","time":22.151460826,"data":"           patch_len = 6\n"}
,{"stream_name":"stdout","time":22.151487144,"data":"             stem_ch = 96\n"}
,{"stream_name":"stdout","time":22.151492837,"data":"        dense_growth = 32\n"}
,{"stream_name":"stdout","time":22.151497241,"data":"        dense_layers = 3\n"}
,{"stream_name":"stdout","time":22.15150156,"data":"       incep_modules = 2\n"}
,{"stream_name":"stdout","time":22.151505741,"data":"        fire_modules = 3\n"}
,{"stream_name":"stdout","time":22.151509879,"data":"             dropout = 0.1\n"}
,{"stream_name":"stdout","time":22.151514345,"data":"         num_classes = 16\n"}
,{"stream_name":"stdout","time":22.151519234,"data":"          n_features = 66\n"}
,{"stream_name":"stdout","time":22.151524082,"data":"                 lam = 1.0\n"}
,{"stream_name":"stdout","time":22.15152837,"data":"       select_metric = accuracy\n"}
,{"stream_name":"stdout","time":22.151532397,"data":"                  lr = 0.001\n"}
,{"stream_name":"stdout","time":22.151536517,"data":"         lr_schedule = cosine\n"}
,{"stream_name":"stdout","time":22.151540944,"data":"              lr_min = 1e-05\n"}
,{"stream_name":"stdout","time":22.151545732,"data":"        weight_decay = 0.0001\n"}
,{"stream_name":"stdout","time":22.151550368,"data":"        local_epochs = 1\n"}
,{"stream_name":"stdout","time":22.151555645,"data":"              rounds = 50\n"}
,{"stream_name":"stdout","time":22.151560553,"data":"                clip = 1.0\n"}
,{"stream_name":"stdout","time":22.151564966,"data":"                seed = 42\n"}
,{"stream_name":"stdout","time":22.151570242,"data":"           n_clients = 100\n"}
,{"stream_name":"stdout","time":22.151574731,"data":"               batch = 256\n"}
,{"stream_name":"stdout","time":22.151578974,"data":"          eval_batch = 16384\n"}
,{"stream_name":"stdout","time":22.151642969,"data":"              device = cuda\n"}
,{"stream_name":"stdout","time":22.151650802,"data":"          world_size = 2\n"}
,{"stream_name":"stdout","time":22.151654583,"data":"             compile = True\n"}
,{"stream_name":"stdout","time":22.151657685,"data":"max_skips_per_client = 16\n"}
,{"stream_name":"stdout","time":22.15166082,"data":"        preds_rounds = [50]\n"}
,{"stream_name":"stdout","time":22.151664058,"data":"finalize_reserve_seconds = 900\n"}
,{"stream_name":"stdout","time":22.151667456,"data":"            run_name = perfedskd_100c\n"}
,{"stream_name":"stdout","time":22.151671464,"data":"               cache = /kaggle/temp/veremi_cache\n"}
,{"stream_name":"stdout","time":22.151674835,"data":"         max_seconds = 42300.0\n"}
,{"stream_name":"stdout","time":22.151678531,"data":"      require_resume = True\n"}
,{"stream_name":"stdout","time":22.173357482,"data":"Writing /kaggle/working/proj/model.py\n"}
,{"stream_name":"stdout","time":22.197859422,"data":"Writing /kaggle/working/proj/ckpt.py\n"}
,{"stream_name":"stdout","time":22.214027888,"data":"Writing /kaggle/working/proj/metrics.py\n"}
,{"stream_name":"stdout","time":22.232177231,"data":"Writing /kaggle/working/proj/data.py\n"}
,{"stream_name":"stdout","time":22.253560026,"data":"Writing /kaggle/working/proj/perfedskd.py\n"}
,{"stream_name":"stdout","time":22.271592655,"data":"Writing /kaggle/working/proj/evaluate.py\n"}
,{"stream_name":"stdout","time":22.301276987,"data":"Writing /kaggle/working/proj/driver.py\n"}
,{"stream_name":"stdout","time":22.325984816,"data":"Writing /kaggle/working/proj/verify.py\n"}
,{"stream_name":"stderr","time":24.535217031,"data":"\u001b[34m\u001b[1mwandb\u001b[0m: \u001b[33mWARNING\u001b[0m If you're specifying your api key in code, ensure this code is not shared publicly.\n"}
,{"stream_name":"stderr","time":24.535245999,"data":"\u001b[34m\u001b[1mwandb\u001b[0m: \u001b[33mWARNING\u001b[0m Consider setting the WANDB_API_KEY environment variable, or running `wandb login` from the command line.\n"}
,{"stream_name":"stderr","time":24.53525132,"data":"\n"}
,{"stream_name":"stderr","time":24.535254652,"data":"\u001b[34m\u001b[1mwandb\u001b[0m: \u001b[33mWARNING\u001b[0m If you're specifying your api key in code, ensure this code is not shared publicly.\n"}
,{"stream_name":"stderr","time":24.535258806,"data":"\u001b[34m\u001b[1mwandb\u001b[0m: \u001b[33mWARNING\u001b[0m Consider setting the WANDB_API_KEY environment variable, or running `wandb login` from the command line.\n"}
,{"stream_name":"stderr","time":24.53617011,"data":"\u001b[34m\u001b[1mwandb\u001b[0m: [wandb.login()] Using explicit session credentials for https://api.wandb.ai.\n"}
,{"stream_name":"stderr","time":24.536190886,"data":"\n"}
,{"stream_name":"stderr","time":24.536195297,"data":"\u001b[34m\u001b[1mwandb\u001b[0m: [wandb.login()] Using explicit session credentials for https://api.wandb.ai.\n"}
,{"stream_name":"stderr","time":24.536977994,"data":"\u001b[34m\u001b[1mwandb\u001b[0m: No netrc file found, creating one.\n"}
,{"stream_name":"stderr","time":24.536990787,"data":"\n"}
,{"stream_name":"stderr","time":24.536995302,"data":"\u001b[34m\u001b[1mwandb\u001b[0m: No netrc file found, creating one.\n"}
,{"stream_name":"stderr","time":24.537848979,"data":"\u001b[34m\u001b[1mwandb\u001b[0m: Appending key for api.wandb.ai to your netrc file: /root/.netrc\n"}
,{"stream_name":"stderr","time":24.53786639,"data":"\n"}
,{"stream_name":"stderr","time":24.537884054,"data":"\u001b[34m\u001b[1mwandb\u001b[0m: Appending key for api.wandb.ai to your netrc file: /root/.netrc\n"}
,{"stream_name":"stderr","time":24.692769926,"data":"\u001b[34m\u001b[1mwandb\u001b[0m: Currently logged in as: \u001b[33mminhtriet\u001b[0m (\u001b[33m21522798-uit\u001b[0m) to \u001b[32mhttps://api.wandb.ai\u001b[0m. Use \u001b[1m`wandb login --relogin`\u001b[0m to force relogin\n"}
,{"stream_name":"stderr","time":24.692806266,"data":"\n"}
,{"stream_name":"stderr","time":24.692814656,"data":"\u001b[34m\u001b[1mwandb\u001b[0m: Currently logged in as: \u001b[33mminhtriet\u001b[0m (\u001b[33m21522798-uit\u001b[0m) to \u001b[32mhttps://api.wandb.ai\u001b[0m. Use \u001b[1m`wandb login --relogin`\u001b[0m to force relogin\n"}
,{"stream_name":"stderr","time":27.083555368,"data":"\u001b[34m\u001b[1mwandb\u001b[0m: Tracking run with wandb version 0.26.1\n"}
,{"stream_name":"stderr","time":27.083586657,"data":"\n"}
,{"stream_name":"stderr","time":27.083593329,"data":"\u001b[34m\u001b[1mwandb\u001b[0m: Tracking run with wandb version 0.26.1\n"}
,{"stream_name":"stderr","time":27.084789982,"data":"\u001b[34m\u001b[1mwandb\u001b[0m: Run data is saved locally in \u001b[35m\u001b[1m/kaggle/working/wandb/run-20260922_061124-perfedskd_100c\u001b[0m\n"}
,{"stream_name":"stderr","time":27.084811421,"data":"\u001b[34m\u001b[1mwandb\u001b[0m: Run \u001b[1m`wandb offline`\u001b[0m to turn off syncing.\n"}
,{"stream_name":"stderr","time":27.084818102,"data":"\n"}
,{"stream_name":"stderr","time":27.084823388,"data":"\u001b[34m\u001b[1mwandb\u001b[0m: Run data is saved locally in \u001b[35m\u001b[1m/kaggle/working/wandb/run-20260922_061124-perfedskd_100c\u001b[0m\n"}
,{"stream_name":"stderr","time":27.084829235,"data":"\u001b[34m\u001b[1mwandb\u001b[0m: Run \u001b[1m`wandb offline`\u001b[0m to turn off syncing.\n"}
,{"stream_name":"stderr","time":27.085687701,"data":"\u001b[34m\u001b[1mwandb\u001b[0m: Resuming run \u001b[33mperfedskd_100c\u001b[0m\n"}
,{"stream_name":"stderr","time":27.085708188,"data":"\n"}
,{"stream_name":"stderr","time":27.085713859,"data":"\u001b[34m\u001b[1mwandb\u001b[0m: Resuming run \u001b[33mperfedskd_100c\u001b[0m\n"}
,{"stream_name":"stderr","time":27.08676694,"data":"\u001b[34m\u001b[1mwandb\u001b[0m: ⭐️ View project at \u001b[34m\u001b[4mhttps://wandb.ai/21522798-uit/perfedskd-veremi\u001b[0m\n"}
,{"stream_name":"stderr","time":27.086808211,"data":"\n"}
,{"stream_name":"stderr","time":27.086815482,"data":"\u001b[34m\u001b[1mwandb\u001b[0m: ⭐️ View project at \u001b[34m\u001b[4mhttps://wandb.ai/21522798-uit/perfedskd-veremi\u001b[0m\n"}
,{"stream_name":"stderr","time":27.087808154,"data":"\u001b[34m\u001b[1mwandb\u001b[0m: 🚀 View run at \u001b[34m\u001b[4mhttps://wandb.ai/21522798-uit/perfedskd-veremi/runs/perfedskd_100c\u001b[0m\n"}
,{"stream_name":"stderr","time":27.087832575,"data":"\n"}
,{"stream_name":"stderr","time":27.087837121,"data":"\u001b[34m\u001b[1mwandb\u001b[0m: 🚀 View run at \u001b[34m\u001b[4mhttps://wandb.ai/21522798-uit/perfedskd-veremi/runs/perfedskd_100c\u001b[0m\n"}
,{"stream_name":"stdout","time":29.156986059,"data":"W\u0026B: https://wandb.ai/21522798-uit/perfedskd-veremi/runs/perfedskd_100c\n"}
,{"stream_name":"stdout","time":34.459923609,"data":"FL root    : /kaggle/input/datasets/odixe0502/veremi-fl-100client/100_client\n"}
,{"stream_name":"stdout","time":34.459961448,"data":"test root  : /kaggle/input/datasets/odixe0502/veremi-nextgen2026-centralized/upload/test\n"}
,{"stream_name":"stdout","time":34.459967405,"data":"data_id    : 4723f6dbf7fa5f2e\n"}
,{"stream_name":"stdout","time":34.459971897,"data":"fingerprint: f923c7feb193d427\n"}
,{"stream_name":"stdout","time":140.896586335,"data":"[resume] /kaggle/input/notebooks/minhtriethihi/perfed-skd-veremi-100-clients/runs/perfedskd_100c: 18 marker(s), verified to round 18, imported 1..18\n"}
,{"stream_name":"stdout","time":220.984928635,"data":"resume from round 18\n"}
,{"stream_name":"stdout","time":333.962181901,"data":"train (43045415, 66) max|x|=570.5\n"}
,{"stream_name":"stdout","time":376.565284664,"data":"test  (10761343, 66) max|x|=570.5\n"}
,{"stream_name":"stdout","time":377.401506736,"data":"content_id : db2bbb68760a82ee\n"}
,{"stream_name":"stdout","time":377.401545171,"data":"prepack 156.6s | 43,045,415 train / 10,761,343 test rows\n"}
,{"stream_name":"stderr","time":406.79117976,"data":"W0922 06:17:46.396000 87 torch/_inductor/utils.py:1679] [0/0] Not enough SMs to use max_autotune_gemm mode\n"}
,{"stream_name":"stderr","time":406.791290379,"data":"W0922 06:17:46.396000 88 torch/_inductor/utils.py:1679] [0/0] Not enough SMs to use max_autotune_gemm mode\n"}
,{"stream_name":"stderr","time":406.99316108,"data":"W0922 06:17:46.396000 87 torch/_inductor/utils.py:1679] [0/0] Not enough SMs to use max_autotune_gemm mode\n"}
,{"stream_name":"stderr","time":406.993197967,"data":"W0922 06:17:46.396000 88 torch/_inductor/utils.py:1679] [0/0] Not enough SMs to use max_autotune_gemm mode\n"}
,{"stream_name":"stderr","time":406.993204128,"data":"\n"}
,{"stream_name":"stderr","time":406.993208603,"data":"W0922 06:17:46.396000 87 torch/_inductor/utils.py:1679] [0/0] Not enough SMs to use max_autotune_gemm mode\n"}
,{"stream_name":"stderr","time":406.99321312,"data":"W0922 06:17:46.396000 88 torch/_inductor/utils.py:1679] [0/0] Not enough SMs to use max_autotune_gemm mode\n"}
,{"stream_name":"stdout","time":511.32279557,"data":"[rank1] compile OK | student max|dlogit|=7.93e-04 rel|dgrad|=6.17e-03 flips 1/256 (0/241 decisive) | teacher max|dlogit|=4.88e-04 rel|dgrad|=0.00e+00 flips 0/256 (0/241 decisive)\n"}
,{"stream_name":"stdout","time":511.324518531,"data":"[rank0] compile OK | student max|dlogit|=6.87e-04 rel|dgrad|=3.90e-03 flips 0/256 (0/244 decisive) | teacher max|dlogit|=4.88e-04 rel|dgrad|=0.00e+00 flips 0/256 (0/251 decisive)\n"}
,{"stream_name":"stdout","time":511.537107387,"data":"[rank1] compile OK | student max|dlogit|=7.93e-04 rel|dgrad|=6.17e-03 flips 1/256 (0/241 decisive) | teacher max|dlogit|=4.88e-04 rel|dgrad|=0.00e+00 flips 0/256 (0/241 decisive)\n"}
,{"stream_name":"stdout","time":511.537189939,"data":"[rank0] compile OK | student max|dlogit|=6.87e-04 rel|dgrad|=3.90e-03 flips 0/256 (0/244 decisive) | teacher max|dlogit|=4.88e-04 rel|dgrad|=0.00e+00 flips 0/256 (0/251 decisive)\n"}
,{"stream_name":"stdout","time":526.435075754,"data":"[rank1] eval compile OK | max|dlogit|=7.32e-04 rel|dgrad|=0.00e+00 flips 12/16384 (0/15176 decisive)\n"}
,{"stream_name":"stdout","time":526.513524145,"data":"[rank0] eval compile OK | max|dlogit|=7.32e-04 rel|dgrad|=0.00e+00 flips 7/16384 (0/15855 decisive)\n"}
,{"stream_name":"stdout","time":526.516524135,"data":"[rank1] eval compile OK | max|dlogit|=7.32e-04 rel|dgrad|=0.00e+00 flips 12/16384 (0/15176 decisive)\n"}
,{"stream_name":"stdout","time":526.516546895,"data":"[rank0] eval compile OK | max|dlogit|=7.32e-04 rel|dgrad|=0.00e+00 flips 7/16384 (0/15855 decisive)\n"}
,{"stream_name":"stdout","time":526.516553362,"data":"[driver] 2 workers ready: train compiled, eval compiled (505s into the session)\n"}
,{"stream_name":"stdout","time":627.804968703,"data":"[resume] /kaggle/input/notebooks/minhtriethihi/perfed-skd-veremi-100-clients/runs/perfedskd_100c: 18 marker(s), verified to round 18, imported 1..18\n"}
,{"stream_name":"stdout","time":709.152872632,"data":"[driver] resumed at round 19 with |S| = 48 selected devices\n"}
,{"stream_name":"stdout","time":2764.813116633,"data":"[r019] f1_macro mean=0.424769 std=0.0592 min=0.2860 acc=0.465353 | global f1=0.577207 acc=0.530871 | |S|=48-\u003e47 tau=0.465353 | lr=7.05e-04 ce=0.0231 kd=0.0185 skip=41/168200 train=692s eval=1360s vram=7.01G 2055.1s | session 0.76h\n"}
,{"stream_name":"stdout","time":4738.565144589,"data":"[r020] f1_macro mean=0.433924 std=0.0576 min=0.2921 acc=0.470460 | global f1=0.597549 acc=0.544191 | |S|=47-\u003e45 tau=0.470460 | lr=6.76e-04 ce=0.0232 kd=0.0190 skip=45/168200 train=611s eval=1359s vram=7.16G 1973.7s | session 1.31h\n"}
,{"stream_name":"stdout","time":6697.042494321,"data":"[r021] f1_macro mean=0.434161 std=0.0579 min=0.2871 acc=0.469493 | global f1=0.553343 acc=0.515193 | |S|=45-\u003e46 tau=0.469493 | lr=6.46e-04 ce=0.0215 kd=0.0170 skip=43/168200 train=597s eval=1358s vram=7.15G 1958.4s | session 1.85h\n"}
,{"stream_name":"stdout","time":8622.870743051,"data":"[r022] f1_macro mean=0.439308 std=0.0525 min=0.2879 acc=0.470217 | global f1=0.575043 acc=0.535070 | |S|=46-\u003e46 tau=0.470217 | lr=6.15e-04 ce=0.0217 kd=0.0177 skip=43/168200 train=565s eval=1358s vram=7.13G 1925.8s | session 2.39h\n"}
,{"stream_name":"stdout","time":10551.638862181,"data":"[r023] f1_macro mean=0.443891 std=0.0500 min=0.2913 acc=0.472164 | global f1=0.579567 acc=0.530654 | |S|=46-\u003e47 tau=0.472164 | lr=5.84e-04 ce=0.0210 kd=0.0168 skip=33/168200 train=568s eval=1357s vram=7.05G 1928.7s | session 2.92h\n"}
,{"stream_name":"stdout","time":12482.232952211,"data":"[r024] f1_macro mean=0.449131 std=0.0529 min=0.2928 acc=0.477693 | global f1=0.583308 acc=0.536050 | |S|=47-\u003e48 tau=0.477693 | lr=5.53e-04 ce=0.0201 kd=0.0159 skip=43/168200 train=570s eval=1357s vram=7.05G 1930.5s | session 3.46h\n"}
,{"stream_name":"stdout","time":14407.255310619,"data":"[r025] f1_macro mean=0.452388 std=0.0545 min=0.2911 acc=0.477737 | global f1=0.577525 acc=0.529855 | |S|=48-\u003e47 tau=0.477737 | lr=5.21e-04 ce=0.0209 kd=0.0167 skip=54/168200 train=566s eval=1356s vram=7.05G 1925.0s | session 4.00h\n"}
,{"stream_name":"stdout","time":16334.06132774,"data":"[r026] f1_macro mean=0.459362 std=0.0551 min=0.2898 acc=0.483060 | global f1=0.578447 acc=0.540616 | |S|=47-\u003e44 tau=0.483060 | lr=4.89e-04 ce=0.0194 kd=0.0153 skip=48/168200 train=569s eval=1355s vram=7.05G 1926.7s | session 4.53h\n"}
,{"stream_name":"stdout","time":18261.385734414,"data":"[r027] f1_macro mean=0.457958 std=0.0533 min=0.3469 acc=0.481632 | global f1=0.540603 acc=0.515007 | |S|=44-\u003e45 tau=0.481632 | lr=4.57e-04 ce=0.0186 kd=0.0147 skip=45/168200 train=568s eval=1357s vram=7.05G 1927.3s | session 5.07h\n"}
,{"stream_name":"stdout","time":20188.961259603,"data":"[r028] f1_macro mean=0.463494 std=0.0513 min=0.3398 acc=0.484872 | global f1=0.579280 acc=0.526273 | |S|=45-\u003e46 tau=0.484872 | lr=4.26e-04 ce=0.0198 kd=0.0160 skip=46/168200 train=569s eval=1356s vram=7.05G 1927.5s | session 5.60h\n"}
,{"stream_name":"stdout","time":22108.432925079,"data":"[r029] f1_macro mean=0.468892 std=0.0564 min=0.3357 acc=0.488306 | global f1=0.571602 acc=0.529643 | |S|=46-\u003e46 tau=0.488306 | lr=3.95e-04 ce=0.0191 kd=0.0149 skip=42/168200 train=558s eval=1358s vram=7.05G 1919.4s | session 6.14h\n"}
,{"stream_name":"stdout","time":24026.482681841,"data":"[r030] f1_macro mean=0.474463 std=0.0534 min=0.3407 acc=0.489974 | global f1=0.573727 acc=0.523568 | |S|=46-\u003e48 tau=0.489974 | lr=3.64e-04 ce=0.0188 kd=0.0147 skip=51/168200 train=556s eval=1359s vram=7.05G 1918.0s | session 6.67h\n"}
,{"stream_name":"stdout","time":25967.53830805,"data":"[r031] f1_macro mean=0.482121 std=0.0520 min=0.3359 acc=0.494575 | global f1=0.586800 acc=0.541061 | |S|=48-\u003e44 tau=0.494575 | lr=3.34e-04 ce=0.0192 kd=0.0151 skip=53/168200 train=579s eval=1359s vram=7.05G 1941.0s | session 7.21h\n"}
,{"stream_name":"stdout","time":27910.72098027,"data":"[r032] f1_macro mean=0.483756 std=0.0524 min=0.3401 acc=0.496942 | global f1=0.563339 acc=0.523684 | |S|=44-\u003e47 tau=0.496942 | lr=3.05e-04 ce=0.0171 kd=0.0130 skip=44/168200 train=582s eval=1359s vram=7.05G 1943.1s | session 7.75h\n"}
,{"stream_name":"stdout","time":29859.094220735,"data":"[r033] f1_macro mean=0.489603 std=0.0562 min=0.3440 acc=0.500708 | global f1=0.554401 acc=0.526881 | |S|=47-\u003e47 tau=0.500708 | lr=2.76e-04 ce=0.0187 kd=0.0147 skip=46/168200 train=587s eval=1359s vram=7.05G 1948.3s | session 8.29h\n"}
,{"stream_name":"stdout","time":31788.202523364,"data":"[r034] f1_macro mean=0.492400 std=0.0515 min=0.3385 acc=0.502354 | global f1=0.571407 acc=0.529300 | |S|=47-\u003e50 tau=0.502354 | lr=2.48e-04 ce=0.0199 kd=0.0155 skip=49/168200 train=567s eval=1359s vram=7.05G 1929.0s | session 8.82h\n"}
,{"stream_name":"stdout","time":33728.853976912,"data":"[r035] f1_macro mean=0.505030 std=0.0580 min=0.3285 acc=0.511431 | global f1=0.591899 acc=0.550694 | |S|=50-\u003e47 tau=0.511431 | lr=2.22e-04 ce=0.0220 kd=0.0175 skip=67/168200 train=579s eval=1359s vram=7.05G 1940.6s | session 9.36h\n"}
,{"stream_name":"stdout","time":35668.752224547,"data":"[r036] f1_macro mean=0.515434 std=0.0552 min=0.3571 acc=0.516942 | global f1=0.583607 acc=0.544635 | |S|=47-\u003e46 tau=0.516942 | lr=1.96e-04 ce=0.0197 kd=0.0147 skip=55/168200 train=578s eval=1359s vram=7.05G 1939.8s | session 9.90h\n"}
,{"stream_name":"stdout","time":37610.382027824,"data":"[r037] f1_macro mean=0.513098 std=0.0580 min=0.3517 acc=0.515408 | global f1=0.575746 acc=0.536282 | |S|=46-\u003e45 tau=0.515408 | lr=1.72e-04 ce=0.0197 kd=0.0147 skip=56/168200 train=580s eval=1358s vram=7.05G 1941.5s | session 10.44h\n"}
,{"stream_name":"stdout","time":39529.635403139,"data":"[r038] f1_macro mean=0.519293 std=0.0528 min=0.3498 acc=0.519741 | global f1=0.562249 acc=0.529631 | |S|=45-\u003e48 tau=0.519741 | lr=1.49e-04 ce=0.0226 kd=0.0184 skip=59/168200 train=557s eval=1359s vram=7.05G 1919.2s | session 10.97h\n"}
,{"stream_name":"stdout","time":39529.63625613,"data":"[driver] stopping after round 38: the next round plus a 15 min finalize reserve would exceed the session budget (11.75 h)\n"}
,{"stream_name":"stdout","time":39535.534492029,"data":"\n"}
,{"stream_name":"stdout","time":39535.534527467,"data":"completed 20 rounds this session\n"}
,{"stream_name":"stdout","time":39834.644621974,"data":"run      : /kaggle/working/runs/perfedskd_100c\n"}
,{"stream_name":"stdout","time":39834.644663157,"data":"complete : rounds 1..38   (mode: full)\n"}
,{"stream_name":"stdout","time":39834.644667496,"data":"artifacts: 0 prediction files, 38 client logs\n"}
,{"stream_name":"stdout","time":39834.644670824,"data":"  all artifact checks passed\n"}
,{"stream_name":"stderr","time":39915.111557728,"data":"\u001b[34m\u001b[1mwandb\u001b[0m: updating run metadata\n"}
,{"stream_name":"stderr","time":39915.111589742,"data":"\n"}
,{"stream_name":"stderr","time":39915.111593819,"data":"\u001b[34m\u001b[1mwandb\u001b[0m: updating run metadata\n"}
,{"stream_name":"stdout","time":39915.188926935,"data":"\n"}
,{"stream_name":"stdout","time":39915.188945652,"data":"rounds verified : 38 / 50\n"}
,{"stream_name":"stdout","time":39915.188949602,"data":"  INCOMPLETE — attach this notebook's output (or a checkpoint dataset of it) to the next push and regenerate with --require-resume to continue at round 39\n"}
,{"stream_name":"stdout","time":39915.188953682,"data":"\n"}
,{"stream_name":"stdout","time":39915.188956587,"data":"result at round 38 (mean over 100 personalized models; std / min / max of f1_macro 0.0528 / 0.3498 / 0.6387):\n"}
,{"stream_name":"stdout","time":39915.188959904,"data":"  accuracy             0.519741   server aggregate 0.529631\n"}
,{"stream_name":"stdout","time":39915.188963065,"data":"  precision_macro      0.581923   server aggregate 0.544456\n"}
,{"stream_name":"stdout","time":39915.188966057,"data":"  precision_micro      0.519741   server aggregate 0.529631\n"}
,{"stream_name":"stdout","time":39915.188968975,"data":"  precision_weighted   0.664167   server aggregate 0.659930\n"}
,{"stream_name":"stdout","time":39915.188986065,"data":"  recall_macro         0.600362   server aggregate 0.695610\n"}
,{"stream_name":"stdout","time":39915.189003501,"data":"  recall_micro         0.519741   server aggregate 0.529631\n"}
,{"stream_name":"stdout","time":39915.189007712,"data":"  recall_weighted      0.519741   server aggregate 0.529631\n"}
,{"stream_name":"stdout","time":39915.189011146,"data":"  f1_macro             0.519293   server aggregate 0.562249\n"}
,{"stream_name":"stdout","time":39915.189014524,"data":"  f1_micro             0.519741   server aggregate 0.529631\n"}
,{"stream_name":"stdout","time":39915.18901799,"data":"  f1_weighted          0.504341   server aggregate 0.497943\n"}
,{"stream_name":"stdout","time":39915.189021346,"data":"\n"}
,{"stream_name":"stdout","time":39915.18902448,"data":"selection: |S| per round min 40 median 46 max 100 of 100; mean downlink+uplink saving 52.8% against broadcasting to every device\n"}
,{"stream_name":"stdout","time":39915.18902821,"data":"\n"}
,{"stream_name":"stdout","time":39915.18903616,"data":"[descriptive only] best mean f1_macro 0.519293 at round 38 — picked on test, not a reported result\n"}
,{"stream_name":"stdout","time":39915.189039145,"data":"\n"}
,{"stream_name":"stdout","time":39915.189041329,"data":"backend  : train compiled | eval compiled\n"}
,{"stream_name":"stdout","time":39915.189043552,"data":"session  : 20 round(s) here | startup+prepack+compile 17.9 min | verify and W\u0026B are outside this figure\n"}
,{"stream_name":"stdout","time":39915.189046097,"data":"timing   : rounds [1940, 1942, 1919]s | steady 1935s/round = train 574s + eval 1358s (100 clients + aggregate) + commit\n"}
,{"stream_name":"stdout","time":39915.189048757,"data":"VRAM     : train 7.16 GiB/GPU | eval 7.33 GiB/GPU (of 16)\n"}
,{"stream_name":"stdout","time":39915.189051211,"data":"projected: 50 rounds = 27.17 h (26.87 h of rounds + 0.30 h startup)\n"}
,{"stream_name":"stderr","time":39915.506590732,"data":"\u001b[34m\u001b[1mwandb\u001b[0m: uploading output.log; uploading wandb-summary.json; uploading config.yaml\n"}
,{"stream_name":"stderr","time":39915.506620307,"data":"\n"}
,{"stream_name":"stderr","time":39915.506623986,"data":"\u001b[34m\u001b[1mwandb\u001b[0m: uploading output.log; uploading wandb-summary.json; uploading config.yaml\n"}
,{"stream_name":"stderr","time":39915.902559392,"data":"\u001b[34m\u001b[1mwandb\u001b[0m: \n"}
,{"stream_name":"stderr","time":39915.902589062,"data":"\u001b[34m\u001b[1mwandb\u001b[0m: Run history:\n"}
,{"stream_name":"stderr","time":39915.902593916,"data":"\u001b[34m\u001b[1mwandb\u001b[0m:       accuracy ▁▂▂▂▂▃▃▃▃▄▄▄▅▅▆▆▇█▇█\n"}
,{"stream_name":"stderr","time":39915.902598572,"data":"\u001b[34m\u001b[1mwandb\u001b[0m:   accuracy_max ▂▃▁▅▄▂▃█▆▆▄▄▃▄▄▅▅▇▆▆\n"}
,{"stream_name":"stderr","time":39915.902602287,"data":"\u001b[34m\u001b[1mwandb\u001b[0m:   accuracy_min ▂▃▄▁▄▅▄▂▅▇▅▆▆▆▆▇▆█▆▇\n"}
,{"stream_name":"stderr","time":39915.902606067,"data":"\u001b[34m\u001b[1mwandb\u001b[0m:   accuracy_std ▃▄▂▄▁▃▂▅▅▂▅▂▄▄▄▂▆▇█▆\n"}
,{"stream_name":"stderr","time":39915.902609634,"data":"\u001b[34m\u001b[1mwandb\u001b[0m: ce_client_mean ██▆▆▅▄▅▄▃▄▃▃▃▁▃▄▇▄▄▇\n"}
,{"stream_name":"stderr","time":39915.902613466,"data":"\u001b[34m\u001b[1mwandb\u001b[0m:  comm_down_mib ▆▄▂▃▃▄▆▄▁▂▃▃▆▁▄▄█▄▃▂\n"}
,{"stream_name":"stderr","time":39915.902617223,"data":"\u001b[34m\u001b[1mwandb\u001b[0m:    comm_saving ▃▄▇▆▆▄▃▄█▇▆▆▃█▄▄▁▄▆▇\n"}
,{"stream_name":"stderr","time":39915.902621114,"data":"\u001b[34m\u001b[1mwandb\u001b[0m:    comm_up_mib ▆▄▂▃▃▄▆▄▁▂▃▃▆▁▄▄█▄▃▂\n"}
,{"stream_name":"stderr","time":39915.902636069,"data":"\u001b[34m\u001b[1mwandb\u001b[0m:       eval_sec █▇▆▅▄▄▂▁▃▂▆▆▆▆▆▇▆▆▆▆\n"}
,{"stream_name":"stderr","time":39915.902639724,"data":"\u001b[34m\u001b[1mwandb\u001b[0m:      evaluated ▁▁▁▁▁▁▁▁▁▁▁▁▁▁▁▁▁▁▁▁\n"}
,{"stream_name":"stderr","time":39915.902644482,"data":"\u001b[34m\u001b[1mwandb\u001b[0m:            +59 ...\n"}
,{"stream_name":"stderr","time":39915.902647861,"data":"\u001b[34m\u001b[1mwandb\u001b[0m: \n"}
,{"stream_name":"stderr","time":39915.902651386,"data":"\u001b[34m\u001b[1mwandb\u001b[0m: Run summary:\n"}
,{"stream_name":"stderr","time":39915.902655006,"data":"\u001b[34m\u001b[1mwandb\u001b[0m:       accuracy 0.51974\n"}
,{"stream_name":"stderr","time":39915.90265885,"data":"\u001b[34m\u001b[1mwandb\u001b[0m:   accuracy_max 0.64458\n"}
,{"stream_name":"stderr","time":39915.902662334,"data":"\u001b[34m\u001b[1mwandb\u001b[0m:   accuracy_min 0.38952\n"}
,{"stream_name":"stderr","time":39915.902665664,"data":"\u001b[34m\u001b[1mwandb\u001b[0m:   accuracy_std 0.05458\n"}
,{"stream_name":"stderr","time":39915.902669232,"data":"\u001b[34m\u001b[1mwandb\u001b[0m:        backend compiled\n"}
,{"stream_name":"stderr","time":39915.902673331,"data":"\u001b[34m\u001b[1mwandb\u001b[0m:   backend_eval compiled\n"}
,{"stream_name":"stderr","time":39915.902676839,"data":"\u001b[34m\u001b[1mwandb\u001b[0m: ce_client_mean 0.02261\n"}
,{"stream_name":"stderr","time":39915.902680132,"data":"\u001b[34m\u001b[1mwandb\u001b[0m:  comm_down_mib 68.37599\n"}
,{"stream_name":"stderr","time":39915.902683469,"data":"\u001b[34m\u001b[1mwandb\u001b[0m:    comm_saving 0.55\n"}
,{"stream_name":"stderr","time":39915.902686896,"data":"\u001b[34m\u001b[1mwandb\u001b[0m:    comm_up_mib 68.37599\n"}
,{"stream_name":"stderr","time":39915.902690335,"data":"\u001b[34m\u001b[1mwandb\u001b[0m:            +61 ...\n"}
,{"stream_name":"stderr","time":39915.902693708,"data":"\u001b[34m\u001b[1mwandb\u001b[0m: \n"}
,{"stream_name":"stderr","time":39915.902697161,"data":"\n"}
,{"stream_name":"stderr","time":39915.902700304,"data":"\u001b[34m\u001b[1mwandb\u001b[0m: \n"}
,{"stream_name":"stderr","time":39915.902703681,"data":"\u001b[34m\u001b[1mwandb\u001b[0m: Run history:\n"}
,{"stream_name":"stderr","time":39915.902707902,"data":"\u001b[34m\u001b[1mwandb\u001b[0m:       accuracy ▁▂▂▂▂▃▃▃▃▄▄▄▅▅▆▆▇█▇█\n"}
,{"stream_name":"stderr","time":39915.902711842,"data":"\u001b[34m\u001b[1mwandb\u001b[0m:   accuracy_max ▂▃▁▅▄▂▃█▆▆▄▄▃▄▄▅▅▇▆▆\n"}
,{"stream_name":"stderr","time":39915.902716349,"data":"\u001b[34m\u001b[1mwandb\u001b[0m:   accuracy_min ▂▃▄▁▄▅▄▂▅▇▅▆▆▆▆▇▆█▆▇\n"}
,{"stream_name":"stderr","time":39915.902720296,"data":"\u001b[34m\u001b[1mwandb\u001b[0m:   accuracy_std ▃▄▂▄▁▃▂▅▅▂▅▂▄▄▄▂▆▇█▆\n"}
,{"stream_name":"stderr","time":39915.90272541,"data":"\u001b[34m\u001b[1mwandb\u001b[0m: ce_client_mean ██▆▆▅▄▅▄▃▄▃▃▃▁▃▄▇▄▄▇\n"}
,{"stream_name":"stderr","time":39915.902729197,"data":"\u001b[34m\u001b[1mwandb\u001b[0m:  comm_down_mib ▆▄▂▃▃▄▆▄▁▂▃▃▆▁▄▄█▄▃▂\n"}
,{"stream_name":"stderr","time":39915.902732849,"data":"\u001b[34m\u001b[1mwandb\u001b[0m:    comm_saving ▃▄▇▆▆▄▃▄█▇▆▆▃█▄▄▁▄▆▇\n"}
,{"stream_name":"stderr","time":39915.902736274,"data":"\u001b[34m\u001b[1mwandb\u001b[0m:    comm_up_mib ▆▄▂▃▃▄▆▄▁▂▃▃▆▁▄▄█▄▃▂\n"}
,{"stream_name":"stderr","time":39915.902740465,"data":"\u001b[34m\u001b[1mwandb\u001b[0m:       eval_sec █▇▆▅▄▄▂▁▃▂▆▆▆▆▆▇▆▆▆▆\n"}
,{"stream_name":"stderr","time":39915.902748991,"data":"\u001b[34m\u001b[1mwandb\u001b[0m:      evaluated ▁▁▁▁▁▁▁▁▁▁▁▁▁▁▁▁▁▁▁▁\n"}
,{"stream_name":"stderr","time":39915.902752942,"data":"\u001b[34m\u001b[1mwandb\u001b[0m:            +59 ...\n"}
,{"stream_name":"stderr","time":39915.902756489,"data":"\u001b[34m\u001b[1mwandb\u001b[0m: \n"}
,{"stream_name":"stderr","time":39915.902759909,"data":"\u001b[34m\u001b[1mwandb\u001b[0m: Run summary:\n"}
,{"stream_name":"stderr","time":39915.902763161,"data":"\u001b[34m\u001b[1mwandb\u001b[0m:       accuracy 0.51974\n"}
,{"stream_name":"stderr","time":39915.902766797,"data":"\u001b[34m\u001b[1mwandb\u001b[0m:   accuracy_max 0.64458\n"}
,{"stream_name":"stderr","time":39915.902770268,"data":"\u001b[34m\u001b[1mwandb\u001b[0m:   accuracy_min 0.38952\n"}
,{"stream_name":"stderr","time":39915.902773452,"data":"\u001b[34m\u001b[1mwandb\u001b[0m:   accuracy_std 0.05458\n"}
,{"stream_name":"stderr","time":39915.902776802,"data":"\u001b[34m\u001b[1mwandb\u001b[0m:        backend compiled\n"}
,{"stream_name":"stderr","time":39915.902780051,"data":"\u001b[34m\u001b[1mwandb\u001b[0m:   backend_eval compiled\n"}
,{"stream_name":"stderr","time":39915.902783505,"data":"\u001b[34m\u001b[1mwandb\u001b[0m: ce_client_mean 0.02261\n"}
,{"stream_name":"stderr","time":39915.90278676,"data":"\u001b[34m\u001b[1mwandb\u001b[0m:  comm_down_mib 68.37599\n"}
,{"stream_name":"stderr","time":39915.902789997,"data":"\u001b[34m\u001b[1mwandb\u001b[0m:    comm_saving 0.55\n"}
,{"stream_name":"stderr","time":39915.902793268,"data":"\u001b[34m\u001b[1mwandb\u001b[0m:    comm_up_mib 68.37599\n"}
,{"stream_name":"stderr","time":39915.902796539,"data":"\u001b[34m\u001b[1mwandb\u001b[0m:            +61 ...\n"}
,{"stream_name":"stderr","time":39915.902799756,"data":"\u001b[34m\u001b[1mwandb\u001b[0m: \n"}
,{"stream_name":"stderr","time":39915.903639148,"data":"\u001b[34m\u001b[1mwandb\u001b[0m: 🚀 View run \u001b[33mperfedskd_100c\u001b[0m at: \u001b[34m\u001b[4mhttps://wandb.ai/21522798-uit/perfedskd-veremi/runs/perfedskd_100c\u001b[0m\n"}
,{"stream_name":"stderr","time":39915.903669366,"data":"\u001b[34m\u001b[1mwandb\u001b[0m: ⭐️ View project at: \u001b[34m\u001b[4mhttps://wandb.ai/21522798-uit/perfedskd-veremi\u001b[0m\n"}
,{"stream_name":"stderr","time":39915.903675038,"data":"\u001b[34m\u001b[1mwandb\u001b[0m: Synced 5 W\u0026B file(s), 0 media file(s), 0 artifact file(s) and 0 other file(s)\n"}
,{"stream_name":"stderr","time":39915.903679486,"data":"\n"}
,{"stream_name":"stderr","time":39915.903683067,"data":"\u001b[34m\u001b[1mwandb\u001b[0m: 🚀 View run \u001b[33mperfedskd_100c\u001b[0m at: \u001b[34m\u001b[4mhttps://wandb.ai/21522798-uit/perfedskd-veremi/runs/perfedskd_100c\u001b[0m\n"}
,{"stream_name":"stderr","time":39915.90368752,"data":"\u001b[34m\u001b[1mwandb\u001b[0m: ⭐️ View project at: \u001b[34m\u001b[4mhttps://wandb.ai/21522798-uit/perfedskd-veremi\u001b[0m\n"}
,{"stream_name":"stderr","time":39915.903691661,"data":"\u001b[34m\u001b[1mwandb\u001b[0m: Synced 5 W\u0026B file(s), 0 media file(s), 0 artifact file(s) and 0 other file(s)\n"}
,{"stream_name":"stderr","time":39915.904872324,"data":"\u001b[34m\u001b[1mwandb\u001b[0m: Find logs at: \u001b[35m\u001b[1m./wandb/run-20260922_061124-perfedskd_100c/logs\u001b[0m\n"}
,{"stream_name":"stderr","time":39915.904889524,"data":"\n"}
,{"stream_name":"stderr","time":39915.904893825,"data":"\u001b[34m\u001b[1mwandb\u001b[0m: Find logs at: \u001b[35m\u001b[1m./wandb/run-20260922_061124-perfedskd_100c/logs\u001b[0m\n"}
,{"stream_name":"stderr","time":39922.088336601,"data":"/usr/local/lib/python3.12/dist-packages/mistune.py:435: SyntaxWarning: invalid escape sequence '\\|'\n"}
,{"stream_name":"stderr","time":39922.088380562,"data":"  cells[i][c] = re.sub('\\\\\\\\\\|', '|', cell)\n"}
,{"stream_name":"stderr","time":39922.54165202,"data":"/usr/local/lib/python3.12/dist-packages/nbconvert/filters/filter_links.py:36: SyntaxWarning: invalid escape sequence '\\_'\n"}
,{"stream_name":"stderr","time":39922.541676986,"data":"  text = re.sub(r'_', '\\_', text) # Escape underscores in display text\n"}
,{"stream_name":"stderr","time":39923.286714379,"data":"[NbConvertApp] Converting notebook __notebook__.ipynb to notebook\n"}
,{"stream_name":"stderr","time":39923.596759469,"data":"[NbConvertApp] Writing 181834 bytes to __notebook__.ipynb\n"}
,{"stream_name":"stderr","time":39925.942357199,"data":"[NbConvertApp] Converting notebook __notebook__.ipynb to html\n"}
,{"stream_name":"stderr","time":39927.685418899,"data":"[NbConvertApp] Writing 918354 bytes to __results__.html\n"}
]