Output file downloaded to papers/lwfednids-bouayad-2024/runs/pulls/20c_probe/proj/__init__.py
Output file downloaded to papers/lwfednids-bouayad-2024/runs/pulls/20c_probe/proj/__pycache__/__init__.cpython-312.pyc
Output file downloaded to papers/lwfednids-bouayad-2024/runs/pulls/20c_probe/proj/__pycache__/ckpt.cpython-312.pyc
Output file downloaded to papers/lwfednids-bouayad-2024/runs/pulls/20c_probe/proj/__pycache__/data.cpython-312.pyc
Output file downloaded to papers/lwfednids-bouayad-2024/runs/pulls/20c_probe/proj/__pycache__/driver.cpython-312.pyc
Output file downloaded to papers/lwfednids-bouayad-2024/runs/pulls/20c_probe/proj/__pycache__/evaluate.cpython-312.pyc
Output file downloaded to papers/lwfednids-bouayad-2024/runs/pulls/20c_probe/proj/__pycache__/lwfednids.cpython-312.pyc
Output file downloaded to papers/lwfednids-bouayad-2024/runs/pulls/20c_probe/proj/__pycache__/metrics.cpython-312.pyc
Output file downloaded to papers/lwfednids-bouayad-2024/runs/pulls/20c_probe/proj/__pycache__/model.cpython-312.pyc
Output file downloaded to papers/lwfednids-bouayad-2024/runs/pulls/20c_probe/proj/__pycache__/prune.cpython-312.pyc
Output file downloaded to papers/lwfednids-bouayad-2024/runs/pulls/20c_probe/proj/__pycache__/verify.cpython-312.pyc
Output file downloaded to papers/lwfednids-bouayad-2024/runs/pulls/20c_probe/proj/ckpt.py
Output file downloaded to papers/lwfednids-bouayad-2024/runs/pulls/20c_probe/proj/data.py
Output file downloaded to papers/lwfednids-bouayad-2024/runs/pulls/20c_probe/proj/driver.py
Output file downloaded to papers/lwfednids-bouayad-2024/runs/pulls/20c_probe/proj/evaluate.py
Output file downloaded to papers/lwfednids-bouayad-2024/runs/pulls/20c_probe/proj/lwfednids.py
Output file downloaded to papers/lwfednids-bouayad-2024/runs/pulls/20c_probe/proj/metrics.py
Output file downloaded to papers/lwfednids-bouayad-2024/runs/pulls/20c_probe/proj/model.py
Output file downloaded to papers/lwfednids-bouayad-2024/runs/pulls/20c_probe/proj/prune.py
Output file downloaded to papers/lwfednids-bouayad-2024/runs/pulls/20c_probe/proj/verify.py
Output file downloaded to papers/lwfednids-bouayad-2024/runs/pulls/20c_probe/runs/lwfednids_20c_probe/clients.csv
Output file downloaded to papers/lwfednids-bouayad-2024/runs/pulls/20c_probe/runs/lwfednids_20c_probe/complete/round_001.done
Output file downloaded to papers/lwfednids-bouayad-2024/runs/pulls/20c_probe/runs/lwfednids_20c_probe/complete/round_002.done
Output file downloaded to papers/lwfednids-bouayad-2024/runs/pulls/20c_probe/runs/lwfednids_20c_probe/confusion/round_001.npy
Output file downloaded to papers/lwfednids-bouayad-2024/runs/pulls/20c_probe/runs/lwfednids_20c_probe/confusion/round_002.npy
Output file downloaded to papers/lwfednids-bouayad-2024/runs/pulls/20c_probe/runs/lwfednids_20c_probe/history.csv
Output file downloaded to papers/lwfednids-bouayad-2024/runs/pulls/20c_probe/runs/lwfednids_20c_probe/logs/round_001.json
Output file downloaded to papers/lwfednids-bouayad-2024/runs/pulls/20c_probe/runs/lwfednids_20c_probe/logs/round_002.json
Output file downloaded to papers/lwfednids-bouayad-2024/runs/pulls/20c_probe/runs/lwfednids_20c_probe/metrics/round_001.json
Output file downloaded to papers/lwfednids-bouayad-2024/runs/pulls/20c_probe/runs/lwfednids_20c_probe/metrics/round_002.json
Output file downloaded to papers/lwfednids-bouayad-2024/runs/pulls/20c_probe/runs/lwfednids_20c_probe/reports/calibration.json
Output file downloaded to papers/lwfednids-bouayad-2024/runs/pulls/20c_probe/runs/lwfednids_20c_probe/reports/manifest.json
Output file downloaded to papers/lwfednids-bouayad-2024/runs/pulls/20c_probe/runs/lwfednids_20c_probe/reports/prune_plan.json
Output file downloaded to papers/lwfednids-bouayad-2024/runs/pulls/20c_probe/runs/lwfednids_20c_probe/reports/y_true.u8.npy
Output file downloaded to papers/lwfednids-bouayad-2024/runs/pulls/20c_probe/runs/lwfednids_20c_probe/resume/round_001.pt
Output file downloaded to papers/lwfednids-bouayad-2024/runs/pulls/20c_probe/runs/lwfednids_20c_probe/resume/round_002.pt
Output file downloaded to papers/lwfednids-bouayad-2024/runs/pulls/20c_probe/runs/lwfednids_20c_probe/weights/round_001.pt
Output file downloaded to papers/lwfednids-bouayad-2024/runs/pulls/20c_probe/runs/lwfednids_20c_probe/weights/round_002.pt
Output file downloaded to papers/lwfednids-bouayad-2024/runs/pulls/20c_probe/wandb/run-20260922_073738-lwfednids_20c_probe/files/config.yaml
Output file downloaded to papers/lwfednids-bouayad-2024/runs/pulls/20c_probe/wandb/run-20260922_073738-lwfednids_20c_probe/files/output.log
Output file downloaded to papers/lwfednids-bouayad-2024/runs/pulls/20c_probe/wandb/run-20260922_073738-lwfednids_20c_probe/files/requirements.txt
Output file downloaded to papers/lwfednids-bouayad-2024/runs/pulls/20c_probe/wandb/run-20260922_073738-lwfednids_20c_probe/files/wandb-metadata.json
Output file downloaded to papers/lwfednids-bouayad-2024/runs/pulls/20c_probe/wandb/run-20260922_073738-lwfednids_20c_probe/files/wandb-summary.json
Output file downloaded to papers/lwfednids-bouayad-2024/runs/pulls/20c_probe/wandb/run-20260922_073738-lwfednids_20c_probe/logs/debug-internal.log
Output file downloaded to papers/lwfednids-bouayad-2024/runs/pulls/20c_probe/wandb/run-20260922_073738-lwfednids_20c_probe/logs/debug.log
Output file downloaded to papers/lwfednids-bouayad-2024/runs/pulls/20c_probe/wandb/run-20260922_073738-lwfednids_20c_probe/run-lwfednids_20c_probe.wandb
Kernel log downloaded to papers/lwfednids-bouayad-2024/runs/pulls/20c_probe/lightweight-fed-nids-veremi-20-clients-probe.log 
