[{"stream_name":"stderr","time":6.898518423,"data":"/usr/local/lib/python3.12/dist-packages/nbformat/__init__.py:96: MissingIDFieldWarning: Cell is missing an id field, this will become a hard error in future nbformat versions. You may want to use `normalize()` on your notebooks before validations (available since nbformat 5.1.4). Previous versions of nbformat are fixing this issue transparently, and will stop doing so in the future.\n"}
,{"stream_name":"stderr","time":6.899178938,"data":"  validate(nb)\n"}
,{"stream_name":"stderr","time":7.814598989,"data":"0.00s - Debugger warning: It seems that frozen modules are being used, which may\n"}
,{"stream_name":"stderr","time":7.814631513,"data":"0.00s - make the debugger miss breakpoints. Please pass -Xfrozen_modules=off\n"}
,{"stream_name":"stderr","time":7.814642307,"data":"0.00s - to python to disable frozen modules.\n"}
,{"stream_name":"stderr","time":7.814645575,"data":"0.00s - Note: Debugging will proceed. Set PYDEVD_DISABLE_FILE_VALIDATION=1 to disable this validation.\n"}
,{"stream_name":"stderr","time":8.442694305,"data":"0.00s - Debugger warning: It seems that frozen modules are being used, which may\n"}
,{"stream_name":"stderr","time":8.442741913,"data":"0.00s - make the debugger miss breakpoints. Please pass -Xfrozen_modules=off\n"}
,{"stream_name":"stderr","time":8.442748561,"data":"0.00s - to python to disable frozen modules.\n"}
,{"stream_name":"stderr","time":8.442754493,"data":"0.00s - Note: Debugging will proceed. Set PYDEVD_DISABLE_FILE_VALIDATION=1 to disable this validation.\n"}
,{"stream_name":"stdout","time":14.817830366,"data":"0 Tesla T4 (7, 5) 14.6 GiB\n"}
,{"stream_name":"stdout","time":14.817905858,"data":"1 Tesla T4 (7, 5) 14.6 GiB\n"}
,{"stream_name":"stdout","time":14.817912295,"data":"torch 2.10.0+cu128 | python 3.12.13\n"}
,{"stream_name":"stdout","time":14.835134456,"data":"           patch_len = 6\n"}
,{"stream_name":"stdout","time":14.835159534,"data":"             stem_ch = 96\n"}
,{"stream_name":"stdout","time":14.835165391,"data":"        dense_growth = 32\n"}
,{"stream_name":"stdout","time":14.835170533,"data":"        dense_layers = 3\n"}
,{"stream_name":"stdout","time":14.835175261,"data":"       incep_modules = 2\n"}
,{"stream_name":"stdout","time":14.835179891,"data":"        fire_modules = 3\n"}
,{"stream_name":"stdout","time":14.835184397999999,"data":"             dropout = 0.1\n"}
,{"stream_name":"stdout","time":14.835188853,"data":"         num_classes = 16\n"}
,{"stream_name":"stdout","time":14.835193461,"data":"          n_features = 66\n"}
,{"stream_name":"stdout","time":14.835198143,"data":"                 lam = 1.0\n"}
,{"stream_name":"stdout","time":14.835202779,"data":"       select_metric = accuracy\n"}
,{"stream_name":"stdout","time":14.83520762,"data":"                  lr = 0.001\n"}
,{"stream_name":"stdout","time":14.835212304,"data":"         lr_schedule = cosine\n"}
,{"stream_name":"stdout","time":14.835216671,"data":"              lr_min = 1e-05\n"}
,{"stream_name":"stdout","time":14.835221253,"data":"        weight_decay = 0.0001\n"}
,{"stream_name":"stdout","time":14.835225951,"data":"        local_epochs = 1\n"}
,{"stream_name":"stdout","time":14.835230465,"data":"              rounds = 50\n"}
,{"stream_name":"stdout","time":14.83523523,"data":"                clip = 1.0\n"}
,{"stream_name":"stdout","time":14.835240045,"data":"                seed = 42\n"}
,{"stream_name":"stdout","time":14.835244627,"data":"           n_clients = 50\n"}
,{"stream_name":"stdout","time":14.83524945,"data":"               batch = 512\n"}
,{"stream_name":"stdout","time":14.835254105,"data":"          eval_batch = 16384\n"}
,{"stream_name":"stdout","time":14.835270978,"data":"              device = cuda\n"}
,{"stream_name":"stdout","time":14.835275057,"data":"          world_size = 2\n"}
,{"stream_name":"stdout","time":14.835279016,"data":"             compile = True\n"}
,{"stream_name":"stdout","time":14.83528249,"data":"max_skips_per_client = 16\n"}
,{"stream_name":"stdout","time":14.835285809,"data":"        preds_rounds = [50]\n"}
,{"stream_name":"stdout","time":14.835289319,"data":"finalize_reserve_seconds = 900\n"}
,{"stream_name":"stdout","time":14.835293078,"data":"            run_name = perfedskd_50c\n"}
,{"stream_name":"stdout","time":14.835296826,"data":"               cache = /kaggle/temp/veremi_cache\n"}
,{"stream_name":"stdout","time":14.835300445,"data":"         max_seconds = 39600.0\n"}
,{"stream_name":"stdout","time":14.835303994,"data":"      require_resume = False\n"}
,{"stream_name":"stdout","time":14.854470172,"data":"Writing /kaggle/working/proj/model.py\n"}
,{"stream_name":"stdout","time":14.879791324,"data":"Writing /kaggle/working/proj/ckpt.py\n"}
,{"stream_name":"stdout","time":14.896164091,"data":"Writing /kaggle/working/proj/metrics.py\n"}
,{"stream_name":"stdout","time":14.915268592,"data":"Writing /kaggle/working/proj/data.py\n"}
,{"stream_name":"stdout","time":14.937508275999999,"data":"Writing /kaggle/working/proj/perfedskd.py\n"}
,{"stream_name":"stdout","time":14.955543883,"data":"Writing /kaggle/working/proj/evaluate.py\n"}
,{"stream_name":"stdout","time":14.990290331,"data":"Writing /kaggle/working/proj/driver.py\n"}
,{"stream_name":"stdout","time":15.015238351,"data":"Writing /kaggle/working/proj/verify.py\n"}
,{"stream_name":"stderr","time":16.923495266,"data":"\u001b[34m\u001b[1mwandb\u001b[0m: \u001b[33mWARNING\u001b[0m If you're specifying your api key in code, ensure this code is not shared publicly.\n"}
,{"stream_name":"stderr","time":16.923522819,"data":"\u001b[34m\u001b[1mwandb\u001b[0m: \u001b[33mWARNING\u001b[0m Consider setting the WANDB_API_KEY environment variable, or running `wandb login` from the command line.\n"}
,{"stream_name":"stderr","time":16.923528641,"data":"\n"}
,{"stream_name":"stderr","time":16.923532541,"data":"\u001b[34m\u001b[1mwandb\u001b[0m: \u001b[33mWARNING\u001b[0m If you're specifying your api key in code, ensure this code is not shared publicly.\n"}
,{"stream_name":"stderr","time":16.923537159,"data":"\u001b[34m\u001b[1mwandb\u001b[0m: \u001b[33mWARNING\u001b[0m Consider setting the WANDB_API_KEY environment variable, or running `wandb login` from the command line.\n"}
,{"stream_name":"stderr","time":16.924485594,"data":"\u001b[34m\u001b[1mwandb\u001b[0m: [wandb.login()] Using explicit session credentials for https://api.wandb.ai.\n"}
,{"stream_name":"stderr","time":16.924508035,"data":"\n"}
,{"stream_name":"stderr","time":16.924512647,"data":"\u001b[34m\u001b[1mwandb\u001b[0m: [wandb.login()] Using explicit session credentials for https://api.wandb.ai.\n"}
,{"stream_name":"stderr","time":16.925370724,"data":"\u001b[34m\u001b[1mwandb\u001b[0m: No netrc file found, creating one.\n"}
,{"stream_name":"stderr","time":16.925388538,"data":"\n"}
,{"stream_name":"stderr","time":16.925392741,"data":"\u001b[34m\u001b[1mwandb\u001b[0m: No netrc file found, creating one.\n"}
,{"stream_name":"stderr","time":16.92626013,"data":"\u001b[34m\u001b[1mwandb\u001b[0m: Appending key for api.wandb.ai to your netrc file: /root/.netrc\n"}
,{"stream_name":"stderr","time":16.92627664,"data":"\n"}
,{"stream_name":"stderr","time":16.926280774,"data":"\u001b[34m\u001b[1mwandb\u001b[0m: Appending key for api.wandb.ai to your netrc file: /root/.netrc\n"}
,{"stream_name":"stderr","time":17.260109599,"data":"\u001b[34m\u001b[1mwandb\u001b[0m: Currently logged in as: \u001b[33mminhtriet\u001b[0m (\u001b[33m21522798-uit\u001b[0m) to \u001b[32mhttps://api.wandb.ai\u001b[0m. Use \u001b[1m`wandb login --relogin`\u001b[0m to force relogin\n"}
,{"stream_name":"stderr","time":17.260157051,"data":"\n"}
,{"stream_name":"stderr","time":17.260162229,"data":"\u001b[34m\u001b[1mwandb\u001b[0m: Currently logged in as: \u001b[33mminhtriet\u001b[0m (\u001b[33m21522798-uit\u001b[0m) to \u001b[32mhttps://api.wandb.ai\u001b[0m. Use \u001b[1m`wandb login --relogin`\u001b[0m to force relogin\n"}
,{"stream_name":"stderr","time":19.355802289,"data":"\u001b[34m\u001b[1mwandb\u001b[0m: Tracking run with wandb version 0.26.1\n"}
,{"stream_name":"stderr","time":19.355832768,"data":"\n"}
,{"stream_name":"stderr","time":19.355838443,"data":"\u001b[34m\u001b[1mwandb\u001b[0m: Tracking run with wandb version 0.26.1\n"}
,{"stream_name":"stderr","time":19.357085071,"data":"\u001b[34m\u001b[1mwandb\u001b[0m: Run data is saved locally in \u001b[35m\u001b[1m/kaggle/working/wandb/run-20260921_131756-perfedskd_50c\u001b[0m\n"}
,{"stream_name":"stderr","time":19.357105459,"data":"\u001b[34m\u001b[1mwandb\u001b[0m: Run \u001b[1m`wandb offline`\u001b[0m to turn off syncing.\n"}
,{"stream_name":"stderr","time":19.357110646,"data":"\n"}
,{"stream_name":"stderr","time":19.357114576,"data":"\u001b[34m\u001b[1mwandb\u001b[0m: Run data is saved locally in \u001b[35m\u001b[1m/kaggle/working/wandb/run-20260921_131756-perfedskd_50c\u001b[0m\n"}
,{"stream_name":"stderr","time":19.357119195,"data":"\u001b[34m\u001b[1mwandb\u001b[0m: Run \u001b[1m`wandb offline`\u001b[0m to turn off syncing.\n"}
,{"stream_name":"stderr","time":19.358168548,"data":"\u001b[34m\u001b[1mwandb\u001b[0m: Syncing run \u001b[33mperfedskd_50c\u001b[0m\n"}
,{"stream_name":"stderr","time":19.358188082,"data":"\n"}
,{"stream_name":"stderr","time":19.358193684,"data":"\u001b[34m\u001b[1mwandb\u001b[0m: Syncing run \u001b[33mperfedskd_50c\u001b[0m\n"}
,{"stream_name":"stderr","time":19.359227599,"data":"\u001b[34m\u001b[1mwandb\u001b[0m: ⭐️ View project at \u001b[34m\u001b[4mhttps://wandb.ai/21522798-uit/perfedskd-veremi\u001b[0m\n"}
,{"stream_name":"stderr","time":19.359263316,"data":"\n"}
,{"stream_name":"stderr","time":19.359289564,"data":"\u001b[34m\u001b[1mwandb\u001b[0m: ⭐️ View project at \u001b[34m\u001b[4mhttps://wandb.ai/21522798-uit/perfedskd-veremi\u001b[0m\n"}
,{"stream_name":"stderr","time":19.360091111,"data":"\u001b[34m\u001b[1mwandb\u001b[0m: 🚀 View run at \u001b[34m\u001b[4mhttps://wandb.ai/21522798-uit/perfedskd-veremi/runs/perfedskd_50c\u001b[0m\n"}
,{"stream_name":"stderr","time":19.360108375,"data":"\n"}
,{"stream_name":"stderr","time":19.360113083,"data":"\u001b[34m\u001b[1mwandb\u001b[0m: 🚀 View run at \u001b[34m\u001b[4mhttps://wandb.ai/21522798-uit/perfedskd-veremi/runs/perfedskd_50c\u001b[0m\n"}
,{"stream_name":"stdout","time":20.820289965,"data":"W\u0026B: https://wandb.ai/21522798-uit/perfedskd-veremi/runs/perfedskd_50c\n"}
,{"stream_name":"stdout","time":22.523674973,"data":"FL root    : /kaggle/input/datasets/odixe0502/veremi-fl-50client/50_client\n"}
,{"stream_name":"stdout","time":22.52379321,"data":"test root  : /kaggle/input/datasets/odixe0502/veremi-nextgen2026-centralized/upload/test\n"}
,{"stream_name":"stdout","time":22.523806968,"data":"data_id    : c9b541a243f82282\n"}
,{"stream_name":"stdout","time":22.523823039,"data":"fingerprint: 20ffa11c1e56036c\n"}
,{"stream_name":"stdout","time":22.523829489,"data":"resume from round None\n"}
,{"stream_name":"stdout","time":114.442993451,"data":"train (43045415, 66) max|x|=570.5\n"}
,{"stream_name":"stdout","time":154.53656137,"data":"test  (10761343, 66) max|x|=570.5\n"}
,{"stream_name":"stdout","time":155.322474019,"data":"content_id : fe175b442db619fe\n"}
,{"stream_name":"stdout","time":155.322517386,"data":"prepack 132.9s | 43,045,415 train / 10,761,343 test rows\n"}
,{"stream_name":"stderr","time":179.510778298,"data":"W0921 13:20:38.728000 89 torch/_inductor/utils.py:1679] [0/0] Not enough SMs to use max_autotune_gemm mode\n"}
,{"stream_name":"stderr","time":179.511382303,"data":"W0921 13:20:38.728000 88 torch/_inductor/utils.py:1679] [0/0] Not enough SMs to use max_autotune_gemm mode\n"}
,{"stream_name":"stderr","time":179.713809845,"data":"W0921 13:20:38.728000 89 torch/_inductor/utils.py:1679] [0/0] Not enough SMs to use max_autotune_gemm mode\n"}
,{"stream_name":"stderr","time":179.713874761,"data":"W0921 13:20:38.728000 88 torch/_inductor/utils.py:1679] [0/0] Not enough SMs to use max_autotune_gemm mode\n"}
,{"stream_name":"stderr","time":179.713881278,"data":"\n"}
,{"stream_name":"stderr","time":179.71388572,"data":"W0921 13:20:38.728000 89 torch/_inductor/utils.py:1679] [0/0] Not enough SMs to use max_autotune_gemm mode\n"}
,{"stream_name":"stderr","time":179.713890335,"data":"W0921 13:20:38.728000 88 torch/_inductor/utils.py:1679] [0/0] Not enough SMs to use max_autotune_gemm mode\n"}
,{"stream_name":"stdout","time":279.380070767,"data":"[rank1] compile OK | student max|dlogit|=6.71e-04 rel|dgrad|=3.49e-03 flips 0/512 (0/486 decisive) | teacher max|dlogit|=4.88e-04 rel|dgrad|=0.00e+00 flips 0/512 (0/482 decisive)\n"}
,{"stream_name":"stdout","time":279.38215143,"data":"[rank0] compile OK | student max|dlogit|=8.54e-04 rel|dgrad|=3.82e-03 flips 0/512 (0/474 decisive) | teacher max|dlogit|=4.88e-04 rel|dgrad|=0.00e+00 flips 1/512 (0/492 decisive)\n"}
,{"stream_name":"stdout","time":279.594433488,"data":"[rank1] compile OK | student max|dlogit|=6.71e-04 rel|dgrad|=3.49e-03 flips 0/512 (0/486 decisive) | teacher max|dlogit|=4.88e-04 rel|dgrad|=0.00e+00 flips 0/512 (0/482 decisive)\n"}
,{"stream_name":"stdout","time":279.594460851,"data":"[rank0] compile OK | student max|dlogit|=8.54e-04 rel|dgrad|=3.82e-03 flips 0/512 (0/474 decisive) | teacher max|dlogit|=4.88e-04 rel|dgrad|=0.00e+00 flips 1/512 (0/492 decisive)\n"}
,{"stream_name":"stdout","time":295.128508691,"data":"[rank1] eval compile OK | max|dlogit|=7.32e-04 rel|dgrad|=0.00e+00 flips 12/16384 (0/15176 decisive)\n"}
,{"stream_name":"stdout","time":295.162092482,"data":"[rank0] eval compile OK | max|dlogit|=7.32e-04 rel|dgrad|=0.00e+00 flips 7/16384 (0/15855 decisive)\n"}
,{"stream_name":"stdout","time":295.165526278,"data":"[rank1] eval compile OK | max|dlogit|=7.32e-04 rel|dgrad|=0.00e+00 flips 12/16384 (0/15176 decisive)\n"}
,{"stream_name":"stdout","time":295.165552038,"data":"[rank0] eval compile OK | max|dlogit|=7.32e-04 rel|dgrad|=0.00e+00 flips 7/16384 (0/15855 decisive)\n"}
,{"stream_name":"stdout","time":295.165559013,"data":"[driver] 2 workers ready: train compiled, eval compiled (281s into the session)\n"}
,{"stream_name":"stdout","time":1495.352675958,"data":"[r001] f1_macro mean=0.425554 std=0.0754 min=0.2712 acc=0.512739 | global f1=0.222176 acc=0.471764 | |S|=50-\u003e22 tau=0.512739 | lr=1.00e-03 ce=0.8205 kd=0.4847 skip=0/84098 train=450s eval=748s vram=7.10G 1199.5s | session 0.41h\n"}
,{"stream_name":"stdout","time":2631.819806374,"data":"[r002] f1_macro mean=0.445641 std=0.0656 min=0.2964 acc=0.522151 | global f1=0.585298 acc=0.715007 | |S|=22-\u003e22 tau=0.522151 | lr=9.99e-04 ce=0.3918 kd=0.1645 skip=3/84098 train=392s eval=743s vram=7.17G 1136.4s | session 0.73h\n"}
,{"stream_name":"stdout","time":3736.841447022,"data":"[r003] f1_macro mean=0.453063 std=0.0590 min=0.2994 acc=0.521766 | global f1=0.654140 acc=0.638591 | |S|=22-\u003e21 tau=0.521766 | lr=9.96e-04 ce=0.2163 kd=0.0904 skip=11/84098 train=370s eval=734s vram=7.15G 1105.0s | session 1.03h\n"}
,{"stream_name":"stdout","time":4835.978149841,"data":"[r004] f1_macro mean=0.459861 std=0.0551 min=0.3063 acc=0.523800 | global f1=0.650442 acc=0.588270 | |S|=21-\u003e20 tau=0.523800 | lr=9.91e-04 ce=0.1335 kd=0.0599 skip=9/84098 train=360s eval=737s vram=6.96G 1099.1s | session 1.34h\n"}
,{"stream_name":"stdout","time":5925.104715962,"data":"[r005] f1_macro mean=0.462252 std=0.0528 min=0.3176 acc=0.522759 | global f1=0.638483 acc=0.574369 | |S|=20-\u003e22 tau=0.522759 | lr=9.84e-04 ce=0.0895 kd=0.0434 skip=13/84098 train=350s eval=737s vram=6.96G 1089.1s | session 1.64h\n"}
,{"stream_name":"stdout","time":7013.258877797,"data":"[r006] f1_macro mean=0.466371 std=0.0500 min=0.3248 acc=0.522110 | global f1=0.648556 acc=0.583394 | |S|=22-\u003e19 tau=0.522110 | lr=9.75e-04 ce=0.0678 kd=0.0363 skip=16/84098 train=350s eval=737s vram=6.96G 1088.1s | session 1.94h\n"}
,{"stream_name":"stdout","time":8093.094821672,"data":"[r007] f1_macro mean=0.466052 std=0.0486 min=0.3285 acc=0.517261 | global f1=0.634513 acc=0.562843 | |S|=19-\u003e21 tau=0.517261 | lr=9.64e-04 ce=0.0518 kd=0.0292 skip=14/84098 train=350s eval=729s vram=6.96G 1079.8s | session 2.24h\n"}
,{"stream_name":"stdout","time":9179.766245649,"data":"[r008] f1_macro mean=0.466852 std=0.0493 min=0.3200 acc=0.516697 | global f1=0.638460 acc=0.560520 | |S|=21-\u003e22 tau=0.516697 | lr=9.51e-04 ce=0.0456 kd=0.0276 skip=19/84098 train=354s eval=731s vram=6.96G 1086.6s | session 2.55h\n"}
,{"stream_name":"stdout","time":10280.252631477,"data":"[r009] f1_macro mean=0.465803 std=0.0487 min=0.3418 acc=0.510879 | global f1=0.629819 acc=0.554004 | |S|=22-\u003e19 tau=0.510879 | lr=9.36e-04 ce=0.0414 kd=0.0259 skip=12/84098 train=369s eval=730s vram=6.96G 1100.5s | session 2.85h\n"}
,{"stream_name":"stdout","time":11391.270823758,"data":"[r010] f1_macro mean=0.465988 std=0.0463 min=0.3653 acc=0.511290 | global f1=0.627876 acc=0.548625 | |S|=19-\u003e20 tau=0.511290 | lr=9.20e-04 ce=0.0355 kd=0.0225 skip=17/84098 train=380s eval=729s vram=7.09G 1111.0s | session 3.16h\n"}
,{"stream_name":"stdout","time":12478.855985704,"data":"[r011] f1_macro mean=0.465039 std=0.0442 min=0.3572 acc=0.507803 | global f1=0.619517 acc=0.536299 | |S|=20-\u003e21 tau=0.507803 | lr=9.02e-04 ce=0.0348 kd=0.0230 skip=16/84098 train=359s eval=727s vram=6.96G 1087.6s | session 3.46h\n"}
,{"stream_name":"stdout","time":13584.015245336,"data":"[r012] f1_macro mean=0.470842 std=0.0425 min=0.3716 acc=0.512352 | global f1=0.627204 acc=0.551687 | |S|=21-\u003e18 tau=0.512352 | lr=8.82e-04 ce=0.0345 kd=0.0234 skip=17/84098 train=371s eval=733s vram=6.96G 1105.1s | session 3.77h\n"}
,{"stream_name":"stdout","time":14680.956739673,"data":"[r013] f1_macro mean=0.466857 std=0.0443 min=0.3384 acc=0.508477 | global f1=0.614414 acc=0.526292 | |S|=18-\u003e19 tau=0.508477 | lr=8.61e-04 ce=0.0308 kd=0.0206 skip=19/84098 train=368s eval=728s vram=6.96G 1096.9s | session 4.07h\n"}
,{"stream_name":"stdout","time":15770.562810276,"data":"[r014] f1_macro mean=0.471671 std=0.0464 min=0.3483 acc=0.509686 | global f1=0.618357 acc=0.533481 | |S|=19-\u003e19 tau=0.509686 | lr=8.38e-04 ce=0.0288 kd=0.0194 skip=18/84098 train=362s eval=726s vram=6.96G 1089.6s | session 4.38h\n"}
,{"stream_name":"stdout","time":16864.972103377,"data":"[r015] f1_macro mean=0.474862 std=0.0454 min=0.3427 acc=0.510578 | global f1=0.622181 acc=0.544230 | |S|=19-\u003e23 tau=0.510578 | lr=8.14e-04 ce=0.0269 kd=0.0187 skip=22/84098 train=365s eval=728s vram=6.96G 1094.4s | session 4.68h\n"}
,{"stream_name":"stdout","time":17952.235843045,"data":"[r016] f1_macro mean=0.486181 std=0.0447 min=0.3482 acc=0.517998 | global f1=0.643902 acc=0.575273 | |S|=23-\u003e21 tau=0.517998 | lr=7.88e-04 ce=0.0285 kd=0.0201 skip=22/84098 train=360s eval=726s vram=6.96G 1087.2s | session 4.98h\n"}
,{"stream_name":"stdout","time":19038.886152815,"data":"[r017] f1_macro mean=0.488702 std=0.0475 min=0.3852 acc=0.519186 | global f1=0.635946 acc=0.554998 | |S|=21-\u003e23 tau=0.519186 | lr=7.62e-04 ce=0.0265 kd=0.0180 skip=16/84098 train=355s eval=730s vram=6.96G 1086.6s | session 5.28h\n"}
,{"stream_name":"stdout","time":20120.575244546,"data":"[r018] f1_macro mean=0.501895 std=0.0507 min=0.3766 acc=0.529914 | global f1=0.653353 acc=0.573821 | |S|=23-\u003e19 tau=0.529914 | lr=7.34e-04 ce=0.0277 kd=0.0196 skip=24/84098 train=350s eval=730s vram=6.96G 1081.7s | session 5.59h\n"}
,{"stream_name":"stdout","time":21200.425572355,"data":"[r019] f1_macro mean=0.500567 std=0.0484 min=0.3986 acc=0.527262 | global f1=0.635414 acc=0.545798 | |S|=19-\u003e20 tau=0.527262 | lr=7.05e-04 ce=0.0250 kd=0.0168 skip=11/84098 train=350s eval=728s vram=6.96G 1079.8s | session 5.88h\n"}
,{"stream_name":"stdout","time":22284.045813775,"data":"[r020] f1_macro mean=0.501425 std=0.0508 min=0.3777 acc=0.526426 | global f1=0.639728 acc=0.558880 | |S|=20-\u003e19 tau=0.526426 | lr=6.76e-04 ce=0.0234 kd=0.0158 skip=14/84098 train=355s eval=727s vram=6.96G 1083.6s | session 6.19h\n"}
,{"stream_name":"stdout","time":23375.01451098,"data":"[r021] f1_macro mean=0.504417 std=0.0460 min=0.3654 acc=0.526900 | global f1=0.634920 acc=0.552977 | |S|=19-\u003e18 tau=0.526900 | lr=6.46e-04 ce=0.0218 kd=0.0152 skip=17/84098 train=361s eval=729s vram=6.96G 1090.9s | session 6.49h\n"}
,{"stream_name":"stdout","time":24465.410972369,"data":"[r022] f1_macro mean=0.504291 std=0.0418 min=0.4077 acc=0.527044 | global f1=0.625712 acc=0.538471 | |S|=18-\u003e17 tau=0.527044 | lr=6.15e-04 ce=0.0216 kd=0.0153 skip=14/84098 train=364s eval=725s vram=6.96G 1090.4s | session 6.79h\n"}
,{"stream_name":"stdout","time":25558.521781643,"data":"[r023] f1_macro mean=0.502032 std=0.0450 min=0.4127 acc=0.522803 | global f1=0.625840 acc=0.534523 | |S|=17-\u003e20 tau=0.522803 | lr=5.84e-04 ce=0.0198 kd=0.0132 skip=12/84098 train=368s eval=723s vram=6.96G 1093.1s | session 7.10h\n"}
,{"stream_name":"stdout","time":26648.319029582,"data":"[r024] f1_macro mean=0.508545 std=0.0486 min=0.4052 acc=0.527840 | global f1=0.637391 acc=0.557870 | |S|=20-\u003e20 tau=0.527840 | lr=5.53e-04 ce=0.0204 kd=0.0144 skip=18/84098 train=366s eval=723s vram=6.96G 1089.8s | session 7.40h\n"}
,{"stream_name":"stdout","time":27728.301821229,"data":"[r025] f1_macro mean=0.516160 std=0.0490 min=0.4239 acc=0.532848 | global f1=0.636257 acc=0.553477 | |S|=20-\u003e19 tau=0.532848 | lr=5.21e-04 ce=0.0204 kd=0.0141 skip=12/84098 train=352s eval=726s vram=6.96G 1079.9s | session 7.70h\n"}
,{"stream_name":"stdout","time":28811.474487609,"data":"[r026] f1_macro mean=0.518047 std=0.0518 min=0.4116 acc=0.532016 | global f1=0.632930 acc=0.546051 | |S|=19-\u003e22 tau=0.532016 | lr=4.89e-04 ce=0.0201 kd=0.0136 skip=12/84098 train=357s eval=725s vram=6.96G 1083.1s | session 8.00h\n"}
,{"stream_name":"stdout","time":29895.002019778,"data":"[r027] f1_macro mean=0.523972 std=0.0515 min=0.4169 acc=0.538865 | global f1=0.645226 acc=0.574737 | |S|=22-\u003e20 tau=0.538865 | lr=4.57e-04 ce=0.0212 kd=0.0151 skip=20/84098 train=356s eval=725s vram=6.96G 1083.5s | session 8.30h\n"}
,{"stream_name":"stdout","time":30980.865908055,"data":"[r028] f1_macro mean=0.531429 std=0.0523 min=0.4060 acc=0.540860 | global f1=0.630828 acc=0.550433 | |S|=20-\u003e21 tau=0.540860 | lr=4.26e-04 ce=0.0205 kd=0.0139 skip=14/84098 train=357s eval=727s vram=6.96G 1085.8s | session 8.60h\n"}
,{"stream_name":"stdout","time":32059.481813751,"data":"[r029] f1_macro mean=0.540122 std=0.0495 min=0.4021 acc=0.546286 | global f1=0.651093 acc=0.579594 | |S|=21-\u003e22 tau=0.546286 | lr=3.95e-04 ce=0.0196 kd=0.0129 skip=18/84098 train=351s eval=726s vram=6.96G 1078.6s | session 8.90h\n"}
,{"stream_name":"stdout","time":33141.275446328,"data":"[r030] f1_macro mean=0.552293 std=0.0480 min=0.4142 acc=0.553778 | global f1=0.655359 acc=0.576447 | |S|=22-\u003e23 tau=0.553778 | lr=3.64e-04 ce=0.0215 kd=0.0148 skip=17/84098 train=352s eval=728s vram=6.96G 1081.7s | session 9.20h\n"}
,{"stream_name":"stdout","time":34235.606721316,"data":"[r031] f1_macro mean=0.561810 std=0.0437 min=0.4154 acc=0.559515 | global f1=0.653286 acc=0.585825 | |S|=23-\u003e22 tau=0.559515 | lr=3.34e-04 ce=0.0208 kd=0.0136 skip=20/84098 train=366s eval=726s vram=6.96G 1094.3s | session 9.51h\n"}
,{"stream_name":"stdout","time":35324.614326053,"data":"[r032] f1_macro mean=0.564755 std=0.0446 min=0.4205 acc=0.560361 | global f1=0.634376 acc=0.564464 | |S|=22-\u003e19 tau=0.560361 | lr=3.05e-04 ce=0.0214 kd=0.0140 skip=20/84098 train=360s eval=727s vram=6.96G 1088.9s | session 9.81h\n"}
,{"stream_name":"stdout","time":36400.150431679,"data":"[r033] f1_macro mean=0.562599 std=0.0471 min=0.4190 acc=0.559934 | global f1=0.623427 acc=0.548694 | |S|=19-\u003e20 tau=0.559934 | lr=2.76e-04 ce=0.0198 kd=0.0130 skip=20/84098 train=350s eval=724s vram=6.96G 1075.5s | session 10.11h\n"}
,{"stream_name":"stdout","time":37485.197072594,"data":"[r034] f1_macro mean=0.565531 std=0.0409 min=0.4155 acc=0.561874 | global f1=0.638682 acc=0.562879 | |S|=20-\u003e20 tau=0.561874 | lr=2.48e-04 ce=0.0219 kd=0.0156 skip=24/84098 train=357s eval=726s vram=6.96G 1085.0s | session 10.41h\n"}
,{"stream_name":"stdout","time":37485.198110874,"data":"[driver] stopping after round 34: the next round plus a 15 min finalize reserve would exceed the session budget (11.00 h)\n"}
,{"stream_name":"stdout","time":37489.53669611,"data":"\n"}
,{"stream_name":"stdout","time":37489.536751655,"data":"completed 34 rounds this session\n"}
,{"stream_name":"stdout","time":37642.465172692,"data":"run      : /kaggle/working/runs/perfedskd_50c\n"}
,{"stream_name":"stdout","time":37642.465205289,"data":"complete : rounds 1..34   (mode: full)\n"}
,{"stream_name":"stdout","time":37642.465209855,"data":"artifacts: 0 prediction files, 34 client logs\n"}
,{"stream_name":"stdout","time":37642.465228014,"data":"  all artifact checks passed\n"}
,{"stream_name":"stderr","time":37683.377232409,"data":"\u001b[34m\u001b[1mwandb\u001b[0m: updating run metadata\n"}
,{"stream_name":"stderr","time":37683.377284852,"data":"\n"}
,{"stream_name":"stderr","time":37683.377292429,"data":"\u001b[34m\u001b[1mwandb\u001b[0m: updating run metadata\n"}
,{"stream_name":"stdout","time":37683.454359162,"data":"\n"}
,{"stream_name":"stdout","time":37683.454407451,"data":"rounds verified : 34 / 50\n"}
,{"stream_name":"stdout","time":37683.454414696,"data":"  INCOMPLETE — attach this notebook's output (or a checkpoint dataset of it) to the next push and regenerate with --require-resume to continue at round 35\n"}
,{"stream_name":"stdout","time":37683.454421189,"data":"\n"}
,{"stream_name":"stdout","time":37683.454425929,"data":"result at round 34 (mean over 50 personalized models; std / min / max of f1_macro 0.0409 / 0.4155 / 0.6366):\n"}
,{"stream_name":"stdout","time":37683.454431166,"data":"  accuracy             0.561874   server aggregate 0.562879\n"}
,{"stream_name":"stdout","time":37683.454435575,"data":"  precision_macro      0.631785   server aggregate 0.643234\n"}
,{"stream_name":"stdout","time":37683.454440226,"data":"  precision_micro      0.561874   server aggregate 0.562879\n"}
,{"stream_name":"stdout","time":37683.454444562,"data":"  precision_weighted   0.701112   server aggregate 0.710921\n"}
,{"stream_name":"stdout","time":37683.454448901,"data":"  recall_macro         0.640654   server aggregate 0.728898\n"}
,{"stream_name":"stdout","time":37683.45445316,"data":"  recall_micro         0.561874   server aggregate 0.562879\n"}
,{"stream_name":"stdout","time":37683.454462665,"data":"  recall_weighted      0.561874   server aggregate 0.562879\n"}
,{"stream_name":"stdout","time":37683.45446591,"data":"  f1_macro             0.565531   server aggregate 0.638682\n"}
,{"stream_name":"stdout","time":37683.454483042,"data":"  f1_micro             0.561874   server aggregate 0.562879\n"}
,{"stream_name":"stdout","time":37683.454485517,"data":"  f1_weighted          0.546546   server aggregate 0.546300\n"}
,{"stream_name":"stdout","time":37683.454487857,"data":"\n"}
,{"stream_name":"stdout","time":37683.454489979,"data":"selection: |S| per round min 17 median 20 max 50 of 50; mean downlink+uplink saving 57.5% against broadcasting to every device\n"}
,{"stream_name":"stdout","time":37683.454492415,"data":"\n"}
,{"stream_name":"stdout","time":37683.454494641,"data":"[descriptive only] best mean f1_macro 0.565531 at round 34 — picked on test, not a reported result\n"}
,{"stream_name":"stdout","time":37683.454510423,"data":"\n"}
,{"stream_name":"stdout","time":37683.454514257,"data":"backend  : train compiled | eval compiled\n"}
,{"stream_name":"stdout","time":37683.454518282,"data":"session  : 34 round(s) here | startup+prepack+compile 8.0 min | verify and W\u0026B are outside this figure\n"}
,{"stream_name":"stdout","time":37683.454522691,"data":"timing   : rounds [1089, 1075, 1085]s | steady 1091s/round = train 360s + eval 729s (50 clients + aggregate) + commit\n"}
,{"stream_name":"stdout","time":37683.454527017,"data":"VRAM     : train 7.17 GiB/GPU | eval 7.18 GiB/GPU (of 16)\n"}
,{"stream_name":"stdout","time":37683.454530793,"data":"projected: 50 rounds = 15.28 h (15.15 h of rounds + 0.13 h startup)\n"}
,{"stream_name":"stderr","time":37683.771228291,"data":"\u001b[34m\u001b[1mwandb\u001b[0m: uploading config.yaml; uploading output.log; uploading wandb-summary.json\n"}
,{"stream_name":"stderr","time":37683.771278527,"data":"\n"}
,{"stream_name":"stderr","time":37683.771284384,"data":"\u001b[34m\u001b[1mwandb\u001b[0m: uploading config.yaml; uploading output.log; uploading wandb-summary.json\n"}
,{"stream_name":"stderr","time":37684.214630199,"data":"\u001b[34m\u001b[1mwandb\u001b[0m: \n"}
,{"stream_name":"stderr","time":37684.214660057,"data":"\u001b[34m\u001b[1mwandb\u001b[0m: Run history:\n"}
,{"stream_name":"stderr","time":37684.214665718,"data":"\u001b[34m\u001b[1mwandb\u001b[0m:       accuracy ▂▃▃▃▃▃▂▂▁▁▁▂▁▁▁▂▂▄▄▃▃▃▃▄▄▄▅▅▆▇████\n"}
,{"stream_name":"stderr","time":37684.214670954,"data":"\u001b[34m\u001b[1mwandb\u001b[0m:   accuracy_max █▇▇▇▆▅▄▄▄▃▃▄▃▃▃▃▂▃▂▂▁▅▅▆▆▄▅▆▅▅▄▆▅▄\n"}
,{"stream_name":"stderr","time":37684.214675033,"data":"\u001b[34m\u001b[1mwandb\u001b[0m:   accuracy_min ▁▄▅▅▆▆▆▆▆▆▆▆▆▆▆▆▇▇▇▇▇▇▇▇▇▇▇█████▇█\n"}
,{"stream_name":"stderr","time":37684.214679124,"data":"\u001b[34m\u001b[1mwandb\u001b[0m:   accuracy_std █▆▄▄▃▃▃▂▂▂▂▂▂▁▂▂▂▂▂▁▁▁▁▁▁▁▂▂▂▂▂▃▂▂\n"}
,{"stream_name":"stderr","time":37684.214683229,"data":"\u001b[34m\u001b[1mwandb\u001b[0m: ce_client_mean █▄▃▂▂▁▁▁▁▁▁▁▁▁▁▁▁▁▁▁▁▁▁▁▁▁▁▁▁▁▁▁▁▁\n"}
,{"stream_name":"stderr","time":37684.21468775,"data":"\u001b[34m\u001b[1mwandb\u001b[0m:  comm_down_mib █▂▂▂▂▂▁▂▂▁▂▂▁▁▁▂▂▂▁▂▁▁▁▂▂▁▂▂▂▂▂▂▁▂\n"}
,{"stream_name":"stderr","time":37684.214692346,"data":"\u001b[34m\u001b[1mwandb\u001b[0m:    comm_saving ▁▇▇▇▇▇█▇▇█▇▇███▇▇▇█▇███▇▇█▇▇▇▇▇▇█▇\n"}
,{"stream_name":"stderr","time":37684.214715515,"data":"\u001b[34m\u001b[1mwandb\u001b[0m:    comm_up_mib █▂▂▂▂▂▁▂▂▁▂▂▁▁▁▂▂▂▁▂▁▁▁▂▂▁▂▂▂▂▂▂▁▂\n"}
,{"stream_name":"stderr","time":37684.21472378,"data":"\u001b[34m\u001b[1mwandb\u001b[0m:       eval_sec █▇▄▅▅▅▃▃▃▃▂▄▂▂▃▂▃▃▃▂▃▂▁▁▂▂▂▂▂▂▂▂▁▂\n"}
,{"stream_name":"stderr","time":37684.214743798,"data":"\u001b[34m\u001b[1mwandb\u001b[0m:      evaluated ▁▁▁▁▁▁▁▁▁▁▁▁▁▁▁▁▁▁▁▁▁▁▁▁▁▁▁▁▁▁▁▁▁▁\n"}
,{"stream_name":"stderr","time":37684.214749014,"data":"\u001b[34m\u001b[1mwandb\u001b[0m:            +59 ...\n"}
,{"stream_name":"stderr","time":37684.214753557,"data":"\u001b[34m\u001b[1mwandb\u001b[0m: \n"}
,{"stream_name":"stderr","time":37684.2147577,"data":"\u001b[34m\u001b[1mwandb\u001b[0m: Run summary:\n"}
,{"stream_name":"stderr","time":37684.214761568,"data":"\u001b[34m\u001b[1mwandb\u001b[0m:       accuracy 0.56187\n"}
,{"stream_name":"stderr","time":37684.214777419,"data":"\u001b[34m\u001b[1mwandb\u001b[0m:   accuracy_max 0.6335\n"}
,{"stream_name":"stderr","time":37684.214781317,"data":"\u001b[34m\u001b[1mwandb\u001b[0m:   accuracy_min 0.43577\n"}
,{"stream_name":"stderr","time":37684.214785248,"data":"\u001b[34m\u001b[1mwandb\u001b[0m:   accuracy_std 0.05239\n"}
,{"stream_name":"stderr","time":37684.214789036,"data":"\u001b[34m\u001b[1mwandb\u001b[0m:        backend compiled\n"}
,{"stream_name":"stderr","time":37684.214793153,"data":"\u001b[34m\u001b[1mwandb\u001b[0m:   backend_eval compiled\n"}
,{"stream_name":"stderr","time":37684.214796744,"data":"\u001b[34m\u001b[1mwandb\u001b[0m: ce_client_mean 0.02187\n"}
,{"stream_name":"stderr","time":37684.214800388,"data":"\u001b[34m\u001b[1mwandb\u001b[0m:  comm_down_mib 30.38933\n"}
,{"stream_name":"stderr","time":37684.214803947,"data":"\u001b[34m\u001b[1mwandb\u001b[0m:    comm_saving 0.6\n"}
,{"stream_name":"stderr","time":37684.214808269,"data":"\u001b[34m\u001b[1mwandb\u001b[0m:    comm_up_mib 30.38933\n"}
,{"stream_name":"stderr","time":37684.214811696,"data":"\u001b[34m\u001b[1mwandb\u001b[0m:            +61 ...\n"}
,{"stream_name":"stderr","time":37684.214815986,"data":"\u001b[34m\u001b[1mwandb\u001b[0m: \n"}
,{"stream_name":"stderr","time":37684.214819987,"data":"\n"}
,{"stream_name":"stderr","time":37684.21482348,"data":"\u001b[34m\u001b[1mwandb\u001b[0m: \n"}
,{"stream_name":"stderr","time":37684.214830233,"data":"\u001b[34m\u001b[1mwandb\u001b[0m: Run history:\n"}
,{"stream_name":"stderr","time":37684.214834137,"data":"\u001b[34m\u001b[1mwandb\u001b[0m:       accuracy ▂▃▃▃▃▃▂▂▁▁▁▂▁▁▁▂▂▄▄▃▃▃▃▄▄▄▅▅▆▇████\n"}
,{"stream_name":"stderr","time":37684.214838296,"data":"\u001b[34m\u001b[1mwandb\u001b[0m:   accuracy_max █▇▇▇▆▅▄▄▄▃▃▄▃▃▃▃▂▃▂▂▁▅▅▆▆▄▅▆▅▅▄▆▅▄\n"}
,{"stream_name":"stderr","time":37684.214842844,"data":"\u001b[34m\u001b[1mwandb\u001b[0m:   accuracy_min ▁▄▅▅▆▆▆▆▆▆▆▆▆▆▆▆▇▇▇▇▇▇▇▇▇▇▇█████▇█\n"}
,{"stream_name":"stderr","time":37684.214847374,"data":"\u001b[34m\u001b[1mwandb\u001b[0m:   accuracy_std █▆▄▄▃▃▃▂▂▂▂▂▂▁▂▂▂▂▂▁▁▁▁▁▁▁▂▂▂▂▂▃▂▂\n"}
,{"stream_name":"stderr","time":37684.214851601,"data":"\u001b[34m\u001b[1mwandb\u001b[0m: ce_client_mean █▄▃▂▂▁▁▁▁▁▁▁▁▁▁▁▁▁▁▁▁▁▁▁▁▁▁▁▁▁▁▁▁▁\n"}
,{"stream_name":"stderr","time":37684.214855455,"data":"\u001b[34m\u001b[1mwandb\u001b[0m:  comm_down_mib █▂▂▂▂▂▁▂▂▁▂▂▁▁▁▂▂▂▁▂▁▁▁▂▂▁▂▂▂▂▂▂▁▂\n"}
,{"stream_name":"stderr","time":37684.214859609,"data":"\u001b[34m\u001b[1mwandb\u001b[0m:    comm_saving ▁▇▇▇▇▇█▇▇█▇▇███▇▇▇█▇███▇▇█▇▇▇▇▇▇█▇\n"}
,{"stream_name":"stderr","time":37684.214869935,"data":"\u001b[34m\u001b[1mwandb\u001b[0m:    comm_up_mib █▂▂▂▂▂▁▂▂▁▂▂▁▁▁▂▂▂▁▂▁▁▁▂▂▁▂▂▂▂▂▂▁▂\n"}
,{"stream_name":"stderr","time":37684.214874027,"data":"\u001b[34m\u001b[1mwandb\u001b[0m:       eval_sec █▇▄▅▅▅▃▃▃▃▂▄▂▂▃▂▃▃▃▂▃▂▁▁▂▂▂▂▂▂▂▂▁▂\n"}
,{"stream_name":"stderr","time":37684.214878137,"data":"\u001b[34m\u001b[1mwandb\u001b[0m:      evaluated ▁▁▁▁▁▁▁▁▁▁▁▁▁▁▁▁▁▁▁▁▁▁▁▁▁▁▁▁▁▁▁▁▁▁\n"}
,{"stream_name":"stderr","time":37684.214882179,"data":"\u001b[34m\u001b[1mwandb\u001b[0m:            +59 ...\n"}
,{"stream_name":"stderr","time":37684.214885895,"data":"\u001b[34m\u001b[1mwandb\u001b[0m: \n"}
,{"stream_name":"stderr","time":37684.214890329,"data":"\u001b[34m\u001b[1mwandb\u001b[0m: Run summary:\n"}
,{"stream_name":"stderr","time":37684.214894134,"data":"\u001b[34m\u001b[1mwandb\u001b[0m:       accuracy 0.56187\n"}
,{"stream_name":"stderr","time":37684.214898828,"data":"\u001b[34m\u001b[1mwandb\u001b[0m:   accuracy_max 0.6335\n"}
,{"stream_name":"stderr","time":37684.214902769,"data":"\u001b[34m\u001b[1mwandb\u001b[0m:   accuracy_min 0.43577\n"}
,{"stream_name":"stderr","time":37684.214906599,"data":"\u001b[34m\u001b[1mwandb\u001b[0m:   accuracy_std 0.05239\n"}
,{"stream_name":"stderr","time":37684.214910445,"data":"\u001b[34m\u001b[1mwandb\u001b[0m:        backend compiled\n"}
,{"stream_name":"stderr","time":37684.214914261,"data":"\u001b[34m\u001b[1mwandb\u001b[0m:   backend_eval compiled\n"}
,{"stream_name":"stderr","time":37684.214918181,"data":"\u001b[34m\u001b[1mwandb\u001b[0m: ce_client_mean 0.02187\n"}
,{"stream_name":"stderr","time":37684.214921719,"data":"\u001b[34m\u001b[1mwandb\u001b[0m:  comm_down_mib 30.38933\n"}
,{"stream_name":"stderr","time":37684.214925319,"data":"\u001b[34m\u001b[1mwandb\u001b[0m:    comm_saving 0.6\n"}
,{"stream_name":"stderr","time":37684.214929093,"data":"\u001b[34m\u001b[1mwandb\u001b[0m:    comm_up_mib 30.38933\n"}
,{"stream_name":"stderr","time":37684.214932895,"data":"\u001b[34m\u001b[1mwandb\u001b[0m:            +61 ...\n"}
,{"stream_name":"stderr","time":37684.214936649,"data":"\u001b[34m\u001b[1mwandb\u001b[0m: \n"}
,{"stream_name":"stderr","time":37684.216008598,"data":"\u001b[34m\u001b[1mwandb\u001b[0m: 🚀 View run \u001b[33mperfedskd_50c\u001b[0m at: \u001b[34m\u001b[4mhttps://wandb.ai/21522798-uit/perfedskd-veremi/runs/perfedskd_50c\u001b[0m\n"}
,{"stream_name":"stderr","time":37684.216063601,"data":"\u001b[34m\u001b[1mwandb\u001b[0m: ⭐️ View project at: \u001b[34m\u001b[4mhttps://wandb.ai/21522798-uit/perfedskd-veremi\u001b[0m\n"}
,{"stream_name":"stderr","time":37684.216071381,"data":"\u001b[34m\u001b[1mwandb\u001b[0m: Synced 5 W\u0026B file(s), 0 media file(s), 0 artifact file(s) and 0 other file(s)\n"}
,{"stream_name":"stderr","time":37684.216076014,"data":"\n"}
,{"stream_name":"stderr","time":37684.216080237,"data":"\u001b[34m\u001b[1mwandb\u001b[0m: 🚀 View run \u001b[33mperfedskd_50c\u001b[0m at: \u001b[34m\u001b[4mhttps://wandb.ai/21522798-uit/perfedskd-veremi/runs/perfedskd_50c\u001b[0m\n"}
,{"stream_name":"stderr","time":37684.216085734,"data":"\u001b[34m\u001b[1mwandb\u001b[0m: ⭐️ View project at: \u001b[34m\u001b[4mhttps://wandb.ai/21522798-uit/perfedskd-veremi\u001b[0m\n"}
,{"stream_name":"stderr","time":37684.216175181,"data":"\u001b[34m\u001b[1mwandb\u001b[0m: Synced 5 W\u0026B file(s), 0 media file(s), 0 artifact file(s) and 0 other file(s)\n"}
,{"stream_name":"stderr","time":37684.217072626,"data":"\u001b[34m\u001b[1mwandb\u001b[0m: Find logs at: \u001b[35m\u001b[1m./wandb/run-20260921_131756-perfedskd_50c/logs\u001b[0m\n"}
,{"stream_name":"stderr","time":37684.217128909,"data":"\n"}
,{"stream_name":"stderr","time":37684.217147707,"data":"\u001b[34m\u001b[1mwandb\u001b[0m: Find logs at: \u001b[35m\u001b[1m./wandb/run-20260921_131756-perfedskd_50c/logs\u001b[0m\n"}
,{"stream_name":"stderr","time":37689.828800286,"data":"/usr/local/lib/python3.12/dist-packages/mistune.py:435: SyntaxWarning: invalid escape sequence '\\|'\n"}
,{"stream_name":"stderr","time":37689.828853199,"data":"  cells[i][c] = re.sub('\\\\\\\\\\|', '|', cell)\n"}
,{"stream_name":"stderr","time":37690.024292446,"data":"/usr/local/lib/python3.12/dist-packages/nbconvert/filters/filter_links.py:36: SyntaxWarning: invalid escape sequence '\\_'\n"}
,{"stream_name":"stderr","time":37690.024317509,"data":"  text = re.sub(r'_', '\\_', text) # Escape underscores in display text\n"}
,{"stream_name":"stderr","time":37690.701635604,"data":"[NbConvertApp] Converting notebook __notebook__.ipynb to notebook\n"}
,{"stream_name":"stderr","time":37691.050224942,"data":"[NbConvertApp] Writing 184879 bytes to __notebook__.ipynb\n"}
,{"stream_name":"stderr","time":37693.689149442,"data":"[NbConvertApp] Converting notebook __notebook__.ipynb to html\n"}
,{"stream_name":"stderr","time":37695.025529329,"data":"[NbConvertApp] Writing 921315 bytes to __results__.html\n"}
]