08:02Z lwfednids_20c: KernelWorkerStatus.RUNNING backend=None/None rows=0
08:02Z lwfednids_50c: KernelWorkerStatus.RUNNING backend=None/None rows=0
08:02Z lwfednids_100c: KernelWorkerStatus.RUNNING wandb: Could not find run <Run 21522798-uit/lwfednids-veremi/lwfedn
08:08Z lwfednids_20c: KernelWorkerStatus.RUNNING backend=compiled/compiled rows=0
08:08Z lwfednids_50c: KernelWorkerStatus.RUNNING backend=compiled/compiled rows=0
08:08Z lwfednids_100c: KernelWorkerStatus.RUNNING backend=compiled/compiled rows=0
08:18Z lwfednids_20c: KernelWorkerStatus.RUNNING backend=compiled/compiled rows=1 | r_step=1 f1_macro=0.09693 accuracy=0.2941 loss_client_mean=0.3158 train_sec=362.7 eval_sec=5.867 seconds=368.6 skipped=34 vram_train_gb=6.941
08:18Z lwfednids_50c: KernelWorkerStatus.RUNNING backend=compiled/compiled rows=1 | r_step=1 f1_macro=0.1807 accuracy=0.4897 loss_client_mean=0.3907 train_sec=402.3 eval_sec=5.643 seconds=408 skipped=15 vram_train_gb=6.795
08:24Z lwfednids_20c: KernelWorkerStatus.RUNNING backend=compiled/compiled rows=2 | r_step=1 f1_macro=0.09693 accuracy=0.2941 loss_client_mean=0.3158 train_sec=362.7 eval_sec=5.867 seconds=368.6 skipped=34 vram_train_gb=6.941 | r_step=2 f1_macro=0.6502 accuracy=0.7636 loss_client_mean=0.2399 train_sec=293.1 eval_sec=4.097 seconds=297.3 skipped=34 vram_train_gb=6.941
08:24Z lwfednids_50c: KernelWorkerStatus.RUNNING backend=compiled/compiled rows=2 | r_step=1 f1_macro=0.1807 accuracy=0.4897 loss_client_mean=0.3907 train_sec=402.3 eval_sec=5.643 seconds=408 skipped=15 vram_train_gb=6.795 | r_step=2 f1_macro=0.6037 accuracy=0.6982 loss_client_mean=0.267 train_sec=273.9 eval_sec=4.111 seconds=278.1 skipped=21 vram_train_gb=6.795
08:29Z lwfednids_20c: KernelWorkerStatus.RUNNING backend=compiled/compiled rows=3 | r_step=2 f1_macro=0.6502 accuracy=0.7636 loss_client_mean=0.2399 train_sec=293.1 eval_sec=4.097 seconds=297.3 skipped=34 vram_train_gb=6.941 | r_step=3 f1_macro=0.735 accuracy=0.7568 loss_client_mean=0.1905 train_sec=287.6 eval_sec=4.349 seconds=292 skipped=48 vram_train_gb=6.949
08:29Z lwfednids_50c: KernelWorkerStatus.RUNNING backend=compiled/compiled rows=3 | r_step=2 f1_macro=0.6037 accuracy=0.6982 loss_client_mean=0.267 train_sec=273.9 eval_sec=4.111 seconds=278.1 skipped=21 vram_train_gb=6.795 | r_step=3 f1_macro=0.6806 accuracy=0.6956 loss_client_mean=0.2145 train_sec=235.5 eval_sec=4.02 seconds=239.6 skipped=50 vram_train_gb=6.803
08:34Z lwfednids_20c: KernelWorkerStatus.RUNNING backend=compiled/compiled rows=4 | r_step=3 f1_macro=0.735 accuracy=0.7568 loss_client_mean=0.1905 train_sec=287.6 eval_sec=4.349 seconds=292 skipped=48 vram_train_gb=6.949 | r_step=4 f1_macro=0.7524 accuracy=0.7483 loss_client_mean=0.162 train_sec=293.4 eval_sec=4.195 seconds=297.7 skipped=54 vram_train_gb=6.949
08:34Z lwfednids_50c: KernelWorkerStatus.RUNNING backend=compiled/compiled rows=5 | r_step=4 f1_macro=0.7098 accuracy=0.7091 loss_client_mean=0.1847 train_sec=234.4 eval_sec=3.986 seconds=238.4 skipped=44 vram_train_gb=6.803 | r_step=5 f1_macro=0.7207 accuracy=0.7136 loss_client_mean=0.1626 train_sec=234.7 eval_sec=3.977 seconds=238.7 skipped=55 vram_train_gb=6.803
08:35Z lwfednids_100c: KernelWorkerStatus.RUNNING backend=compiled/compiled rows=1 | r_step=1 f1_macro=0.1933 accuracy=0.5314 loss_client_mean=0.3629 train_sec=809.2 eval_sec=6.069 seconds=815.3 skipped=40 vram_train_gb=6.736
08:40Z lwfednids_20c: KernelWorkerStatus.RUNNING backend=compiled/compiled rows=5 | r_step=4 f1_macro=0.7524 accuracy=0.7483 loss_client_mean=0.162 train_sec=293.4 eval_sec=4.195 seconds=297.7 skipped=54 vram_train_gb=6.949 | r_step=5 f1_macro=0.7604 accuracy=0.7611 loss_client_mean=0.1454 train_sec=295.1 eval_sec=4.192 seconds=299.3 skipped=52 vram_train_gb=6.949
08:40Z lwfednids_50c: KernelWorkerStatus.RUNNING backend=compiled/compiled rows=6 | r_step=5 f1_macro=0.7207 accuracy=0.7136 loss_client_mean=0.1626 train_sec=234.7 eval_sec=3.977 seconds=238.7 skipped=55 vram_train_gb=6.803 | r_step=6 f1_macro=0.7264 accuracy=0.7087 loss_client_mean=0.1468 train_sec=233.5 eval_sec=3.975 seconds=237.5 skipped=74 vram_train_gb=6.803
08:45Z lwfednids_20c: KernelWorkerStatus.RUNNING backend=compiled/compiled rows=6 | r_step=5 f1_macro=0.7604 accuracy=0.7611 loss_client_mean=0.1454 train_sec=295.1 eval_sec=4.192 seconds=299.3 skipped=52 vram_train_gb=6.949 | r_step=6 f1_macro=0.7735 accuracy=0.7629 loss_client_mean=0.135 train_sec=283.3 eval_sec=4.24 seconds=287.6 skipped=50 vram_train_gb=6.949
08:45Z lwfednids_50c: KernelWorkerStatus.RUNNING backend=compiled/compiled rows=7 | r_step=6 f1_macro=0.7264 accuracy=0.7087 loss_client_mean=0.1468 train_sec=233.5 eval_sec=3.975 seconds=237.5 skipped=74 vram_train_gb=6.803 | r_step=7 f1_macro=0.7308 accuracy=0.7107 loss_client_mean=0.1364 train_sec=232.1 eval_sec=3.991 seconds=236.1 skipped=79 vram_train_gb=6.803
08:45Z lwfednids_100c: KernelWorkerStatus.RUNNING backend=compiled/compiled rows=2 | r_step=1 f1_macro=0.1933 accuracy=0.5314 loss_client_mean=0.3629 train_sec=809.2 eval_sec=6.069 seconds=815.3 skipped=40 vram_train_gb=6.736 | r_step=2 f1_macro=0.5714 accuracy=0.6622 loss_client_mean=0.2358 train_sec=646 eval_sec=4.677 seconds=650.7 skipped=38 vram_train_gb=6.737
