[{"stream_name":"stderr","time":10.069080238,"data":"/usr/local/lib/python3.12/dist-packages/nbformat/__init__.py:96: MissingIDFieldWarning: Cell is missing an id field, this will become a hard error in future nbformat versions. You may want to use `normalize()` on your notebooks before validations (available since nbformat 5.1.4). Previous versions of nbformat are fixing this issue transparently, and will stop doing so in the future.\n"}
,{"stream_name":"stderr","time":10.069130821,"data":"  validate(nb)\n"}
,{"stream_name":"stderr","time":11.475293553,"data":"0.00s - Debugger warning: It seems that frozen modules are being used, which may\n"}
,{"stream_name":"stderr","time":11.475327714,"data":"0.00s - make the debugger miss breakpoints. Please pass -Xfrozen_modules=off\n"}
,{"stream_name":"stderr","time":11.475332185,"data":"0.00s - to python to disable frozen modules.\n"}
,{"stream_name":"stderr","time":11.475334843,"data":"0.00s - Note: Debugging will proceed. Set PYDEVD_DISABLE_FILE_VALIDATION=1 to disable this validation.\n"}
,{"stream_name":"stderr","time":12.233176937,"data":"0.00s - Debugger warning: It seems that frozen modules are being used, which may\n"}
,{"stream_name":"stderr","time":12.233211863,"data":"0.00s - make the debugger miss breakpoints. Please pass -Xfrozen_modules=off\n"}
,{"stream_name":"stderr","time":12.233219736,"data":"0.00s - to python to disable frozen modules.\n"}
,{"stream_name":"stderr","time":12.233222523,"data":"0.00s - Note: Debugging will proceed. Set PYDEVD_DISABLE_FILE_VALIDATION=1 to disable this validation.\n"}
,{"stream_name":"stdout","time":21.597551406,"data":"0 Tesla T4 (7, 5) 14.6 GiB\n"}
,{"stream_name":"stdout","time":21.597609311,"data":"1 Tesla T4 (7, 5) 14.6 GiB\n"}
,{"stream_name":"stdout","time":21.597616999,"data":"torch 2.10.0+cu128 | python 3.12.13\n"}
,{"stream_name":"stdout","time":21.61466337,"data":"           patch_len = 6\n"}
,{"stream_name":"stdout","time":21.61468987,"data":"             stem_ch = 96\n"}
,{"stream_name":"stdout","time":21.614696396,"data":"        dense_growth = 32\n"}
,{"stream_name":"stdout","time":21.614701791999998,"data":"        dense_layers = 3\n"}
,{"stream_name":"stdout","time":21.614706707,"data":"       incep_modules = 2\n"}
,{"stream_name":"stdout","time":21.61471134,"data":"        fire_modules = 3\n"}
,{"stream_name":"stdout","time":21.614715728,"data":"             dropout = 0.1\n"}
,{"stream_name":"stdout","time":21.614720569,"data":"         num_classes = 16\n"}
,{"stream_name":"stdout","time":21.61472565,"data":"          n_features = 66\n"}
,{"stream_name":"stdout","time":21.614730258,"data":"                 lam = 1.0\n"}
,{"stream_name":"stdout","time":21.614735386,"data":"       select_metric = accuracy\n"}
,{"stream_name":"stdout","time":21.614740769,"data":"                  lr = 0.001\n"}
,{"stream_name":"stdout","time":21.614745556,"data":"         lr_schedule = cosine\n"}
,{"stream_name":"stdout","time":21.614750416,"data":"              lr_min = 1e-05\n"}
,{"stream_name":"stdout","time":21.614755082,"data":"        weight_decay = 0.0001\n"}
,{"stream_name":"stdout","time":21.614759538,"data":"        local_epochs = 1\n"}
,{"stream_name":"stdout","time":21.614764154,"data":"              rounds = 50\n"}
,{"stream_name":"stdout","time":21.614769133,"data":"                clip = 1.0\n"}
,{"stream_name":"stdout","time":21.614774396,"data":"                seed = 42\n"}
,{"stream_name":"stdout","time":21.614779361,"data":"           n_clients = 20\n"}
,{"stream_name":"stdout","time":21.614784194,"data":"               batch = 512\n"}
,{"stream_name":"stdout","time":21.614789619,"data":"          eval_batch = 16384\n"}
,{"stream_name":"stdout","time":21.614805834,"data":"              device = cuda\n"}
,{"stream_name":"stdout","time":21.614810482,"data":"          world_size = 2\n"}
,{"stream_name":"stdout","time":21.61481498,"data":"             compile = True\n"}
,{"stream_name":"stdout","time":21.614818494,"data":"max_skips_per_client = 16\n"}
,{"stream_name":"stdout","time":21.61482195,"data":"        preds_rounds = [50]\n"}
,{"stream_name":"stdout","time":21.614827106,"data":"finalize_reserve_seconds = 900\n"}
,{"stream_name":"stdout","time":21.614835792,"data":"            run_name = perfedskd_20c\n"}
,{"stream_name":"stdout","time":21.614838702,"data":"               cache = /kaggle/temp/veremi_cache\n"}
,{"stream_name":"stdout","time":21.614841112,"data":"         max_seconds = 39600.0\n"}
,{"stream_name":"stdout","time":21.614843636,"data":"      require_resume = False\n"}
,{"stream_name":"stdout","time":21.633825174000002,"data":"Writing /kaggle/working/proj/model.py\n"}
,{"stream_name":"stdout","time":21.660772137,"data":"Writing /kaggle/working/proj/ckpt.py\n"}
,{"stream_name":"stdout","time":21.67833019,"data":"Writing /kaggle/working/proj/metrics.py\n"}
,{"stream_name":"stdout","time":21.695836692,"data":"Writing /kaggle/working/proj/data.py\n"}
,{"stream_name":"stdout","time":21.718528165,"data":"Writing /kaggle/working/proj/perfedskd.py\n"}
,{"stream_name":"stdout","time":21.736011393,"data":"Writing /kaggle/working/proj/evaluate.py\n"}
,{"stream_name":"stdout","time":21.767034572,"data":"Writing /kaggle/working/proj/driver.py\n"}
,{"stream_name":"stdout","time":21.790357536,"data":"Writing /kaggle/working/proj/verify.py\n"}
,{"stream_name":"stderr","time":24.221415267,"data":"\u001b[34m\u001b[1mwandb\u001b[0m: \u001b[33mWARNING\u001b[0m If you're specifying your api key in code, ensure this code is not shared publicly.\n"}
,{"stream_name":"stderr","time":24.221443707,"data":"\u001b[34m\u001b[1mwandb\u001b[0m: \u001b[33mWARNING\u001b[0m Consider setting the WANDB_API_KEY environment variable, or running `wandb login` from the command line.\n"}
,{"stream_name":"stderr","time":24.221449625,"data":"\n"}
,{"stream_name":"stderr","time":24.221453422,"data":"\u001b[34m\u001b[1mwandb\u001b[0m: \u001b[33mWARNING\u001b[0m If you're specifying your api key in code, ensure this code is not shared publicly.\n"}
,{"stream_name":"stderr","time":24.221457549,"data":"\u001b[34m\u001b[1mwandb\u001b[0m: \u001b[33mWARNING\u001b[0m Consider setting the WANDB_API_KEY environment variable, or running `wandb login` from the command line.\n"}
,{"stream_name":"stderr","time":24.222503489,"data":"\u001b[34m\u001b[1mwandb\u001b[0m: [wandb.login()] Using explicit session credentials for https://api.wandb.ai.\n"}
,{"stream_name":"stderr","time":24.222525175,"data":"\n"}
,{"stream_name":"stderr","time":24.222530263,"data":"\u001b[34m\u001b[1mwandb\u001b[0m: [wandb.login()] Using explicit session credentials for https://api.wandb.ai.\n"}
,{"stream_name":"stderr","time":24.223357556,"data":"\u001b[34m\u001b[1mwandb\u001b[0m: No netrc file found, creating one.\n"}
,{"stream_name":"stderr","time":24.22337692,"data":"\n"}
,{"stream_name":"stderr","time":24.223381352,"data":"\u001b[34m\u001b[1mwandb\u001b[0m: No netrc file found, creating one.\n"}
,{"stream_name":"stderr","time":24.224134652,"data":"\u001b[34m\u001b[1mwandb\u001b[0m: Appending key for api.wandb.ai to your netrc file: /root/.netrc\n"}
,{"stream_name":"stderr","time":24.224153213,"data":"\n"}
,{"stream_name":"stderr","time":24.224157576,"data":"\u001b[34m\u001b[1mwandb\u001b[0m: Appending key for api.wandb.ai to your netrc file: /root/.netrc\n"}
,{"stream_name":"stderr","time":24.314886683,"data":"\u001b[34m\u001b[1mwandb\u001b[0m: Currently logged in as: \u001b[33mminhtriet\u001b[0m (\u001b[33m21522798-uit\u001b[0m) to \u001b[32mhttps://api.wandb.ai\u001b[0m. Use \u001b[1m`wandb login --relogin`\u001b[0m to force relogin\n"}
,{"stream_name":"stderr","time":24.314919984,"data":"\n"}
,{"stream_name":"stderr","time":24.314928866,"data":"\u001b[34m\u001b[1mwandb\u001b[0m: Currently logged in as: \u001b[33mminhtriet\u001b[0m (\u001b[33m21522798-uit\u001b[0m) to \u001b[32mhttps://api.wandb.ai\u001b[0m. Use \u001b[1m`wandb login --relogin`\u001b[0m to force relogin\n"}
,{"stream_name":"stderr","time":27.014766229,"data":"\u001b[34m\u001b[1mwandb\u001b[0m: setting up run perfedskd_20c\n"}
,{"stream_name":"stderr","time":27.014813809,"data":"\n"}
,{"stream_name":"stderr","time":27.014819012,"data":"\u001b[34m\u001b[1mwandb\u001b[0m: setting up run perfedskd_20c\n"}
,{"stream_name":"stderr","time":27.143014347,"data":"\u001b[34m\u001b[1mwandb\u001b[0m: Tracking run with wandb version 0.26.1\n"}
,{"stream_name":"stderr","time":27.143042005,"data":"\n"}
,{"stream_name":"stderr","time":27.143047584,"data":"\u001b[34m\u001b[1mwandb\u001b[0m: Tracking run with wandb version 0.26.1\n"}
,{"stream_name":"stderr","time":27.144375655,"data":"\u001b[34m\u001b[1mwandb\u001b[0m: Run data is saved locally in \u001b[35m\u001b[1m/kaggle/working/wandb/run-20260921_131647-perfedskd_20c\u001b[0m\n"}
,{"stream_name":"stderr","time":27.144397713,"data":"\u001b[34m\u001b[1mwandb\u001b[0m: Run \u001b[1m`wandb offline`\u001b[0m to turn off syncing.\n"}
,{"stream_name":"stderr","time":27.144447522,"data":"\n"}
,{"stream_name":"stderr","time":27.144452779,"data":"\u001b[34m\u001b[1mwandb\u001b[0m: Run data is saved locally in \u001b[35m\u001b[1m/kaggle/working/wandb/run-20260921_131647-perfedskd_20c\u001b[0m\n"}
,{"stream_name":"stderr","time":27.144458155,"data":"\u001b[34m\u001b[1mwandb\u001b[0m: Run \u001b[1m`wandb offline`\u001b[0m to turn off syncing.\n"}
,{"stream_name":"stderr","time":27.145528299,"data":"\u001b[34m\u001b[1mwandb\u001b[0m: Syncing run \u001b[33mperfedskd_20c\u001b[0m\n"}
,{"stream_name":"stderr","time":27.145548318,"data":"\n"}
,{"stream_name":"stderr","time":27.145558704,"data":"\u001b[34m\u001b[1mwandb\u001b[0m: Syncing run \u001b[33mperfedskd_20c\u001b[0m\n"}
,{"stream_name":"stderr","time":27.146510363,"data":"\u001b[34m\u001b[1mwandb\u001b[0m: ⭐️ View project at \u001b[34m\u001b[4mhttps://wandb.ai/21522798-uit/perfedskd-veremi\u001b[0m\n"}
,{"stream_name":"stderr","time":27.146537181,"data":"\n"}
,{"stream_name":"stderr","time":27.146543544,"data":"\u001b[34m\u001b[1mwandb\u001b[0m: ⭐️ View project at \u001b[34m\u001b[4mhttps://wandb.ai/21522798-uit/perfedskd-veremi\u001b[0m\n"}
,{"stream_name":"stderr","time":27.147465673,"data":"\u001b[34m\u001b[1mwandb\u001b[0m: 🚀 View run at \u001b[34m\u001b[4mhttps://wandb.ai/21522798-uit/perfedskd-veremi/runs/perfedskd_20c\u001b[0m\n"}
,{"stream_name":"stderr","time":27.147489836,"data":"\n"}
,{"stream_name":"stderr","time":27.147495895,"data":"\u001b[34m\u001b[1mwandb\u001b[0m: 🚀 View run at \u001b[34m\u001b[4mhttps://wandb.ai/21522798-uit/perfedskd-veremi/runs/perfedskd_20c\u001b[0m\n"}
,{"stream_name":"stdout","time":29.433534521,"data":"W\u0026B: https://wandb.ai/21522798-uit/perfedskd-veremi/runs/perfedskd_20c\n"}
,{"stream_name":"stdout","time":32.101349012,"data":"FL root    : /kaggle/input/datasets/odixe0502/veremi-fl-20client/20_client\n"}
,{"stream_name":"stdout","time":32.101380272,"data":"test root  : /kaggle/input/datasets/odixe0502/veremi-nextgen2026-centralized/upload/test\n"}
,{"stream_name":"stdout","time":32.101386734,"data":"data_id    : 29f492a531052d2b\n"}
,{"stream_name":"stdout","time":32.101404469,"data":"fingerprint: 90566629a718b902\n"}
,{"stream_name":"stdout","time":32.101410017,"data":"resume from round None\n"}
,{"stream_name":"stdout","time":132.286695837,"data":"train (43045415, 66) max|x|=570.5\n"}
,{"stream_name":"stdout","time":173.404040241,"data":"test  (10761343, 66) max|x|=570.5\n"}
,{"stream_name":"stdout","time":174.220078021,"data":"content_id : 3aa70a5c51aacd51\n"}
,{"stream_name":"stdout","time":174.220117096,"data":"prepack 142.2s | 43,045,415 train / 10,761,343 test rows\n"}
,{"stream_name":"stderr","time":203.759498091,"data":"W0921 13:19:47.127000 88 torch/_inductor/utils.py:1679] [0/0] Not enough SMs to use max_autotune_gemm mode\n"}
,{"stream_name":"stderr","time":203.760328948,"data":"W0921 13:19:47.127000 89 torch/_inductor/utils.py:1679] [0/0] Not enough SMs to use max_autotune_gemm mode\n"}
,{"stream_name":"stderr","time":203.962202782,"data":"W0921 13:19:47.127000 88 torch/_inductor/utils.py:1679] [0/0] Not enough SMs to use max_autotune_gemm mode\n"}
,{"stream_name":"stderr","time":203.962237222,"data":"W0921 13:19:47.127000 89 torch/_inductor/utils.py:1679] [0/0] Not enough SMs to use max_autotune_gemm mode\n"}
,{"stream_name":"stderr","time":203.962243568,"data":"\n"}
,{"stream_name":"stderr","time":203.962248566,"data":"W0921 13:19:47.127000 88 torch/_inductor/utils.py:1679] [0/0] Not enough SMs to use max_autotune_gemm mode\n"}
,{"stream_name":"stderr","time":203.962254247,"data":"W0921 13:19:47.127000 89 torch/_inductor/utils.py:1679] [0/0] Not enough SMs to use max_autotune_gemm mode\n"}
,{"stream_name":"stdout","time":306.274719665,"data":"[rank1] compile OK | student max|dlogit|=7.32e-04 rel|dgrad|=3.75e-03 flips 1/512 (0/490 decisive) | teacher max|dlogit|=4.88e-04 rel|dgrad|=0.00e+00 flips 0/512 (0/485 decisive)\n"}
,{"stream_name":"stdout","time":306.275097641,"data":"[rank0] compile OK | student max|dlogit|=5.68e-04 rel|dgrad|=3.35e-03 flips 0/512 (0/496 decisive) | teacher max|dlogit|=4.88e-04 rel|dgrad|=0.00e+00 flips 0/512 (0/496 decisive)\n"}
,{"stream_name":"stdout","time":306.488544195,"data":"[rank1] compile OK | student max|dlogit|=7.32e-04 rel|dgrad|=3.75e-03 flips 1/512 (0/490 decisive) | teacher max|dlogit|=4.88e-04 rel|dgrad|=0.00e+00 flips 0/512 (0/485 decisive)\n"}
,{"stream_name":"stdout","time":306.488573452,"data":"[rank0] compile OK | student max|dlogit|=5.68e-04 rel|dgrad|=3.35e-03 flips 0/512 (0/496 decisive) | teacher max|dlogit|=4.88e-04 rel|dgrad|=0.00e+00 flips 0/512 (0/496 decisive)\n"}
,{"stream_name":"stdout","time":322.441337373,"data":"[rank0] eval compile OK | max|dlogit|=7.32e-04 rel|dgrad|=0.00e+00 flips 7/16384 (0/15855 decisive)\n"}
,{"stream_name":"stdout","time":322.544469009,"data":"[rank1] eval compile OK | max|dlogit|=7.32e-04 rel|dgrad|=0.00e+00 flips 12/16384 (0/15176 decisive)\n"}
,{"stream_name":"stdout","time":322.548513197,"data":"[rank0] eval compile OK | max|dlogit|=7.32e-04 rel|dgrad|=0.00e+00 flips 7/16384 (0/15855 decisive)\n"}
,{"stream_name":"stdout","time":322.549048852,"data":"[rank1] eval compile OK | max|dlogit|=7.32e-04 rel|dgrad|=0.00e+00 flips 12/16384 (0/15176 decisive)\n"}
,{"stream_name":"stdout","time":322.549055978,"data":"[driver] 2 workers ready: train compiled, eval compiled (301s into the session)\n"}
,{"stream_name":"stdout","time":962.440886612,"data":"[r001] f1_macro mean=0.515258 std=0.1100 min=0.2903 acc=0.579013 | global f1=0.203907 acc=0.376143 | |S|=20-\u003e9 tau=0.579013 | lr=1.00e-03 ce=0.8016 kd=0.4850 skip=4/84083 train=389s eval=250s vram=7.08G 639.4s | session 0.26h\n"}
,{"stream_name":"stdout","time":1569.408079789,"data":"[r002] f1_macro mean=0.530862 std=0.1023 min=0.3145 acc=0.582281 | global f1=0.549093 acc=0.558418 | |S|=9-\u003e8 tau=0.582281 | lr=9.99e-04 ce=0.3813 kd=0.1561 skip=10/84083 train=359s eval=247s vram=7.06G 606.9s | session 0.43h\n"}
,{"stream_name":"stdout","time":2162.917119203,"data":"[r003] f1_macro mean=0.535220 std=0.0989 min=0.3320 acc=0.582637 | global f1=0.610746 acc=0.549169 | |S|=8-\u003e8 tau=0.582637 | lr=9.96e-04 ce=0.2113 kd=0.0817 skip=13/84083 train=347s eval=246s vram=7.02G 593.5s | session 0.59h\n"}
,{"stream_name":"stdout","time":2756.20608196,"data":"[r004] f1_macro mean=0.544135 std=0.0925 min=0.3856 acc=0.581244 | global f1=0.635669 acc=0.553465 | |S|=8-\u003e8 tau=0.581244 | lr=9.91e-04 ce=0.1319 kd=0.0522 skip=17/84083 train=347s eval=246s vram=7.02G 593.3s | session 0.76h\n"}
,{"stream_name":"stdout","time":3349.374625419,"data":"[r005] f1_macro mean=0.559333 std=0.0779 min=0.4235 acc=0.585461 | global f1=0.625328 acc=0.531032 | |S|=8-\u003e8 tau=0.585461 | lr=9.84e-04 ce=0.0912 kd=0.0377 skip=18/84083 train=347s eval=246s vram=7.02G 593.2s | session 0.92h\n"}
,{"stream_name":"stdout","time":3942.742008236,"data":"[r006] f1_macro mean=0.561320 std=0.0763 min=0.4216 acc=0.584271 | global f1=0.637480 acc=0.545129 | |S|=8-\u003e7 tau=0.584271 | lr=9.75e-04 ce=0.0678 kd=0.0286 skip=22/84083 train=347s eval=246s vram=7.02G 593.3s | session 1.09h\n"}
,{"stream_name":"stdout","time":4535.759383303,"data":"[r007] f1_macro mean=0.566017 std=0.0750 min=0.4179 acc=0.581961 | global f1=0.628583 acc=0.529554 | |S|=7-\u003e8 tau=0.581961 | lr=9.64e-04 ce=0.0531 kd=0.0230 skip=24/84083 train=347s eval=246s vram=7.02G 593.0s | session 1.25h\n"}
,{"stream_name":"stdout","time":5128.566277433,"data":"[r008] f1_macro mean=0.568130 std=0.0728 min=0.4266 acc=0.581520 | global f1=0.626130 acc=0.529193 | |S|=8-\u003e8 tau=0.581520 | lr=9.51e-04 ce=0.0458 kd=0.0208 skip=29/84083 train=347s eval=246s vram=7.02G 592.8s | session 1.42h\n"}
,{"stream_name":"stdout","time":5721.263730755,"data":"[r009] f1_macro mean=0.565375 std=0.0665 min=0.4416 acc=0.580875 | global f1=0.636285 acc=0.539024 | |S|=8-\u003e7 tau=0.580875 | lr=9.36e-04 ce=0.0401 kd=0.0186 skip=24/84083 train=347s eval=246s vram=7.02G 592.7s | session 1.58h\n"}
,{"stream_name":"stdout","time":6314.366046879,"data":"[r010] f1_macro mean=0.567053 std=0.0661 min=0.4417 acc=0.578398 | global f1=0.627066 acc=0.526445 | |S|=7-\u003e7 tau=0.578398 | lr=9.20e-04 ce=0.0358 kd=0.0168 skip=23/84083 train=347s eval=246s vram=7.02G 593.1s | session 1.75h\n"}
,{"stream_name":"stdout","time":6910.848875206,"data":"[r011] f1_macro mean=0.563236 std=0.0628 min=0.4393 acc=0.571190 | global f1=0.628814 acc=0.522414 | |S|=7-\u003e8 tau=0.571190 | lr=9.02e-04 ce=0.0326 kd=0.0157 skip=25/84083 train=349s eval=247s vram=7.02G 596.5s | session 1.91h\n"}
,{"stream_name":"stdout","time":7538.289341603,"data":"[r012] f1_macro mean=0.567482 std=0.0570 min=0.4458 acc=0.573296 | global f1=0.632520 acc=0.534322 | |S|=8-\u003e8 tau=0.573296 | lr=8.82e-04 ce=0.0410 kd=0.0244 skip=28/84083 train=379s eval=248s vram=7.02G 627.4s | session 2.09h\n"}
,{"stream_name":"stdout","time":8185.948027843,"data":"[r013] f1_macro mean=0.571303 std=0.0563 min=0.4669 acc=0.575921 | global f1=0.648910 acc=0.567641 | |S|=8-\u003e7 tau=0.575921 | lr=8.61e-04 ce=0.0357 kd=0.0184 skip=24/84083 train=399s eval=248s vram=7.02G 647.6s | session 2.27h\n"}
,{"stream_name":"stdout","time":8839.915872575,"data":"[r014] f1_macro mean=0.573190 std=0.0577 min=0.4613 acc=0.576188 | global f1=0.640871 acc=0.530257 | |S|=7-\u003e7 tau=0.576188 | lr=8.38e-04 ce=0.0313 kd=0.0160 skip=25/84083 train=406s eval=248s vram=7.02G 653.9s | session 2.45h\n"}
,{"stream_name":"stdout","time":9443.539172711,"data":"[r015] f1_macro mean=0.575596 std=0.0571 min=0.4704 acc=0.578020 | global f1=0.632398 acc=0.529867 | |S|=7-\u003e7 tau=0.578020 | lr=8.14e-04 ce=0.0286 kd=0.0145 skip=23/84083 train=357s eval=246s vram=7.02G 603.6s | session 2.62h\n"}
,{"stream_name":"stdout","time":10038.299833858,"data":"[r016] f1_macro mean=0.575011 std=0.0537 min=0.4744 acc=0.576742 | global f1=0.634102 acc=0.531859 | |S|=7-\u003e8 tau=0.576742 | lr=7.88e-04 ce=0.0257 kd=0.0129 skip=28/84083 train=348s eval=246s vram=7.02G 594.7s | session 2.78h\n"}
,{"stream_name":"stdout","time":10638.153492557,"data":"[r017] f1_macro mean=0.579105 std=0.0656 min=0.4579 acc=0.582073 | global f1=0.656408 acc=0.548131 | |S|=8-\u003e8 tau=0.582073 | lr=7.62e-04 ce=0.0262 kd=0.0141 skip=24/84083 train=353s eval=246s vram=7.02G 599.8s | session 2.95h\n"}
,{"stream_name":"stdout","time":11233.015862277,"data":"[r018] f1_macro mean=0.582262 std=0.0572 min=0.4462 acc=0.580917 | global f1=0.640593 acc=0.545491 | |S|=8-\u003e8 tau=0.580917 | lr=7.34e-04 ce=0.0261 kd=0.0142 skip=25/84083 train=348s eval=246s vram=7.02G 594.8s | session 3.11h\n"}
,{"stream_name":"stdout","time":11825.890477729,"data":"[r019] f1_macro mean=0.579765 std=0.0660 min=0.4234 acc=0.578682 | global f1=0.649302 acc=0.551949 | |S|=8-\u003e7 tau=0.578682 | lr=7.05e-04 ce=0.0248 kd=0.0127 skip=24/84083 train=347s eval=245s vram=7.02G 592.9s | session 3.28h\n"}
,{"stream_name":"stdout","time":12419.437604297,"data":"[r020] f1_macro mean=0.584453 std=0.0551 min=0.4806 acc=0.582936 | global f1=0.629786 acc=0.542315 | |S|=7-\u003e8 tau=0.582936 | lr=6.76e-04 ce=0.0248 kd=0.0139 skip=26/84083 train=347s eval=246s vram=7.02G 593.5s | session 3.44h\n"}
,{"stream_name":"stdout","time":13015.601731656,"data":"[r021] f1_macro mean=0.585481 std=0.0612 min=0.4362 acc=0.579689 | global f1=0.652301 acc=0.551908 | |S|=8-\u003e9 tau=0.579689 | lr=6.46e-04 ce=0.0234 kd=0.0122 skip=24/84083 train=349s eval=246s vram=7.02G 596.1s | session 3.61h\n"}
,{"stream_name":"stdout","time":13610.738295756,"data":"[r022] f1_macro mean=0.595624 std=0.0619 min=0.4749 acc=0.587503 | global f1=0.661982 acc=0.571471 | |S|=9-\u003e7 tau=0.587503 | lr=6.15e-04 ce=0.0289 kd=0.0182 skip=23/84083 train=349s eval=246s vram=7.02G 595.1s | session 3.77h\n"}
,{"stream_name":"stdout","time":14206.961114738,"data":"[r023] f1_macro mean=0.595779 std=0.0603 min=0.4740 acc=0.589106 | global f1=0.636097 acc=0.532922 | |S|=7-\u003e8 tau=0.589106 | lr=5.84e-04 ce=0.0229 kd=0.0111 skip=25/84083 train=349s eval=247s vram=7.02G 596.2s | session 3.94h\n"}
,{"stream_name":"stdout","time":14801.813635349,"data":"[r024] f1_macro mean=0.603493 std=0.0660 min=0.4727 acc=0.595082 | global f1=0.661403 acc=0.560080 | |S|=8-\u003e8 tau=0.595082 | lr=5.53e-04 ce=0.0243 kd=0.0133 skip=22/84083 train=347s eval=247s vram=7.02G 594.8s | session 4.11h\n"}
,{"stream_name":"stdout","time":15402.093403046,"data":"[r025] f1_macro mean=0.603815 std=0.0579 min=0.4874 acc=0.591888 | global f1=0.639684 acc=0.537994 | |S|=8-\u003e8 tau=0.591888 | lr=5.21e-04 ce=0.0231 kd=0.0120 skip=21/84083 train=354s eval=245s vram=7.02G 600.3s | session 4.27h\n"}
,{"stream_name":"stdout","time":15999.405754603,"data":"[r026] f1_macro mean=0.606098 std=0.0540 min=0.4952 acc=0.593366 | global f1=0.649130 acc=0.553733 | |S|=8-\u003e8 tau=0.593366 | lr=4.89e-04 ce=0.0216 kd=0.0107 skip=27/84083 train=351s eval=245s vram=7.02G 597.3s | session 4.44h\n"}
,{"stream_name":"stdout","time":16592.433111349,"data":"[r027] f1_macro mean=0.605368 std=0.0565 min=0.4875 acc=0.594382 | global f1=0.646680 acc=0.549773 | |S|=8-\u003e8 tau=0.594382 | lr=4.57e-04 ce=0.0199 kd=0.0096 skip=27/84083 train=347s eval=245s vram=7.02G 593.0s | session 4.60h\n"}
,{"stream_name":"stdout","time":17185.334728996,"data":"[r028] f1_macro mean=0.600460 std=0.0577 min=0.4966 acc=0.587760 | global f1=0.643958 acc=0.548599 | |S|=8-\u003e7 tau=0.587760 | lr=4.26e-04 ce=0.0185 kd=0.0089 skip=22/84083 train=347s eval=245s vram=7.02G 592.9s | session 4.77h\n"}
,{"stream_name":"stdout","time":17777.484912762,"data":"[r029] f1_macro mean=0.611874 std=0.0520 min=0.4939 acc=0.594844 | global f1=0.651850 acc=0.547162 | |S|=7-\u003e7 tau=0.594844 | lr=3.95e-04 ce=0.0214 kd=0.0143 skip=22/84083 train=347s eval=245s vram=7.02G 592.1s | session 4.93h\n"}
,{"stream_name":"stdout","time":18369.403461825,"data":"[r030] f1_macro mean=0.610257 std=0.0505 min=0.5029 acc=0.593529 | global f1=0.638194 acc=0.536811 | |S|=7-\u003e8 tau=0.593529 | lr=3.64e-04 ce=0.0179 kd=0.0084 skip=25/84083 train=347s eval=245s vram=7.02G 591.9s | session 5.10h\n"}
,{"stream_name":"stdout","time":18961.630920945,"data":"[r031] f1_macro mean=0.610860 std=0.0464 min=0.5092 acc=0.594249 | global f1=0.640555 acc=0.542138 | |S|=8-\u003e7 tau=0.594249 | lr=3.34e-04 ce=0.0191 kd=0.0099 skip=23/84083 train=347s eval=245s vram=7.02G 592.2s | session 5.26h\n"}
,{"stream_name":"stdout","time":19553.845899557,"data":"[r032] f1_macro mean=0.613468 std=0.0489 min=0.5136 acc=0.596316 | global f1=0.639688 acc=0.539611 | |S|=7-\u003e7 tau=0.596316 | lr=3.05e-04 ce=0.0176 kd=0.0086 skip=27/84083 train=347s eval=245s vram=7.02G 592.2s | session 5.43h\n"}
,{"stream_name":"stdout","time":20145.930609902,"data":"[r033] f1_macro mean=0.611374 std=0.0503 min=0.5128 acc=0.594452 | global f1=0.639120 acc=0.531321 | |S|=7-\u003e7 tau=0.594452 | lr=2.76e-04 ce=0.0164 kd=0.0075 skip=23/84083 train=347s eval=245s vram=7.02G 592.1s | session 5.59h\n"}
,{"stream_name":"stdout","time":20738.05303863,"data":"[r034] f1_macro mean=0.612743 std=0.0471 min=0.5188 acc=0.594653 | global f1=0.637632 acc=0.535663 | |S|=7-\u003e7 tau=0.594653 | lr=2.48e-04 ce=0.0154 kd=0.0070 skip=22/84083 train=347s eval=245s vram=7.02G 592.1s | session 5.75h\n"}
,{"stream_name":"stdout","time":21330.419304791,"data":"[r035] f1_macro mean=0.609200 std=0.0454 min=0.5135 acc=0.591229 | global f1=0.635424 acc=0.538870 | |S|=7-\u003e8 tau=0.591229 | lr=2.22e-04 ce=0.0143 kd=0.0063 skip=24/84083 train=347s eval=245s vram=7.02G 592.3s | session 5.92h\n"}
,{"stream_name":"stdout","time":21922.166504762,"data":"[r036] f1_macro mean=0.611566 std=0.0450 min=0.5157 acc=0.592472 | global f1=0.645346 acc=0.552778 | |S|=8-\u003e7 tau=0.592472 | lr=1.96e-04 ce=0.0168 kd=0.0087 skip=20/84083 train=347s eval=245s vram=7.02G 591.7s | session 6.08h\n"}
,{"stream_name":"stdout","time":22514.668584158,"data":"[r037] f1_macro mean=0.613763 std=0.0434 min=0.5320 acc=0.593896 | global f1=0.641704 acc=0.543349 | |S|=7-\u003e7 tau=0.593896 | lr=1.72e-04 ce=0.0162 kd=0.0075 skip=27/84083 train=346s eval=245s vram=7.02G 592.5s | session 6.25h\n"}
,{"stream_name":"stdout","time":23107.615723152,"data":"[r038] f1_macro mean=0.612976 std=0.0441 min=0.5355 acc=0.593739 | global f1=0.642908 acc=0.544310 | |S|=7-\u003e6 tau=0.593739 | lr=1.49e-04 ce=0.0144 kd=0.0062 skip=26/84083 train=347s eval=246s vram=7.02G 592.9s | session 6.41h\n"}
,{"stream_name":"stdout","time":23700.400406093,"data":"[r039] f1_macro mean=0.616056 std=0.0444 min=0.5354 acc=0.594990 | global f1=0.637490 acc=0.526574 | |S|=6-\u003e9 tau=0.594990 | lr=1.28e-04 ce=0.0130 kd=0.0053 skip=24/84083 train=347s eval=245s vram=7.02G 592.8s | session 6.58h\n"}
,{"stream_name":"stdout","time":24293.40826234,"data":"[r040] f1_macro mean=0.623272 std=0.0464 min=0.5207 acc=0.599552 | global f1=0.659643 acc=0.570438 | |S|=9-\u003e8 tau=0.599552 | lr=1.08e-04 ce=0.0179 kd=0.0101 skip=25/84083 train=347s eval=245s vram=7.02G 593.0s | session 6.74h\n"}
,{"stream_name":"stdout","time":24885.87407087,"data":"[r041] f1_macro mean=0.634963 std=0.0393 min=0.5469 acc=0.606968 | global f1=0.662213 acc=0.573717 | |S|=8-\u003e7 tau=0.606968 | lr=9.01e-05 ce=0.0197 kd=0.0111 skip=27/84083 train=347s eval=245s vram=7.02G 592.4s | session 6.91h\n"}
,{"stream_name":"stdout","time":25478.25690762,"data":"[r042] f1_macro mean=0.636128 std=0.0373 min=0.5531 acc=0.607128 | global f1=0.647957 acc=0.551490 | |S|=7-\u003e6 tau=0.607128 | lr=7.37e-05 ce=0.0169 kd=0.0067 skip=29/84083 train=346s eval=245s vram=7.02G 592.4s | session 7.07h\n"}
,{"stream_name":"stdout","time":26070.967440645,"data":"[r043] f1_macro mean=0.634666 std=0.0364 min=0.5499 acc=0.607136 | global f1=0.642327 acc=0.535882 | |S|=6-\u003e7 tau=0.607136 | lr=5.90e-05 ce=0.0158 kd=0.0065 skip=28/84083 train=347s eval=245s vram=7.02G 592.7s | session 7.24h\n"}
,{"stream_name":"stdout","time":26665.376473908,"data":"[r044] f1_macro mean=0.625657 std=0.0495 min=0.4749 acc=0.600978 | global f1=0.650957 acc=0.549857 | |S|=7-\u003e6 tau=0.600978 | lr=4.62e-05 ce=0.0185 kd=0.0090 skip=30/84083 train=348s eval=246s vram=7.02G 594.4s | session 7.40h\n"}
,{"stream_name":"stdout","time":27258.874903973,"data":"[r045] f1_macro mean=0.630829 std=0.0390 min=0.5532 acc=0.606757 | global f1=0.634834 acc=0.540709 | |S|=6-\u003e7 tau=0.606757 | lr=3.52e-05 ce=0.0258 kd=0.0170 skip=25/84083 train=347s eval=246s vram=7.02G 593.5s | session 7.57h\n"}
,{"stream_name":"stdout","time":27851.991153588,"data":"[r046] f1_macro mean=0.639072 std=0.0440 min=0.5576 acc=0.613301 | global f1=0.660473 acc=0.557742 | |S|=7-\u003e6 tau=0.613301 | lr=2.62e-05 ce=0.0311 kd=0.0200 skip=25/84083 train=347s eval=246s vram=7.02G 593.1s | session 7.73h\n"}
,{"stream_name":"stdout","time":28444.547701979,"data":"[r047] f1_macro mean=0.633726 std=0.0544 min=0.5180 acc=0.611621 | global f1=0.622072 acc=0.527189 | |S|=6-\u003e6 tau=0.611621 | lr=1.91e-05 ce=0.0263 kd=0.0125 skip=23/84083 train=346s eval=246s vram=7.02G 592.5s | session 7.90h\n"}
,{"stream_name":"stdout","time":29037.590322524,"data":"[r048] f1_macro mean=0.640420 std=0.0432 min=0.5670 acc=0.615222 | global f1=0.630904 acc=0.535178 | |S|=6-\u003e6 tau=0.615222 | lr=1.41e-05 ce=0.0392 kd=0.0277 skip=27/84083 train=347s eval=246s vram=7.02G 593.0s | session 8.06h\n"}
,{"stream_name":"stdout","time":29630.116439292,"data":"[r049] f1_macro mean=0.644564 std=0.0392 min=0.5702 acc=0.618887 | global f1=0.646752 acc=0.549300 | |S|=6-\u003e6 tau=0.618887 | lr=1.10e-05 ce=0.0334 kd=0.0166 skip=32/84083 train=346s eval=246s vram=7.02G 592.5s | session 8.22h\n"}
,{"stream_name":"stdout","time":30227.001163589,"data":"[r050] f1_macro mean=0.650413 std=0.0485 min=0.5578 acc=0.622931 | global f1=0.661597 acc=0.553945 | |S|=6-\u003e6 tau=0.622931 | lr=1.00e-05 ce=0.0389 kd=0.0225 skip=31/84083 train=349s eval=246s vram=7.02G 596.8s | session 8.39h\n"}
,{"stream_name":"stdout","time":30232.869919841,"data":"\n"}
,{"stream_name":"stdout","time":30232.870006762,"data":"completed 50 rounds this session\n"}
,{"stream_name":"stdout","time":30322.065000055,"data":"run      : /kaggle/working/runs/perfedskd_20c\n"}
,{"stream_name":"stdout","time":30322.065035287,"data":"complete : rounds 1..50   (mode: full)\n"}
,{"stream_name":"stdout","time":30322.065042564,"data":"artifacts: 1 prediction files, 50 client logs\n"}
,{"stream_name":"stdout","time":30322.065051336,"data":"  all artifact checks passed\n"}
,{"stream_name":"stderr","time":30345.288915156,"data":"\u001b[34m\u001b[1mwandb\u001b[0m: updating run metadata\n"}
,{"stream_name":"stderr","time":30345.28898959,"data":"\n"}
,{"stream_name":"stderr","time":30345.288998189,"data":"\u001b[34m\u001b[1mwandb\u001b[0m: updating run metadata\n"}
,{"stream_name":"stdout","time":30345.377473854,"data":"\n"}
,{"stream_name":"stdout","time":30345.377512992,"data":"rounds verified : 50 / 50\n"}
,{"stream_name":"stdout","time":30345.377517778,"data":"\n"}
,{"stream_name":"stdout","time":30345.377521174,"data":"result at round 50 (mean over 20 personalized models; std / min / max of f1_macro 0.0485 / 0.5578 / 0.7689):\n"}
,{"stream_name":"stdout","time":30345.377525107,"data":"  accuracy             0.622931   server aggregate 0.553945\n"}
,{"stream_name":"stdout","time":30345.377528523,"data":"  precision_macro      0.702161   server aggregate 0.688700\n"}
,{"stream_name":"stdout","time":30345.377531842,"data":"  precision_micro      0.622931   server aggregate 0.553945\n"}
,{"stream_name":"stdout","time":30345.37753497,"data":"  precision_weighted   0.744563   server aggregate 0.726840\n"}
,{"stream_name":"stdout","time":30345.377553692,"data":"  recall_macro         0.711387   server aggregate 0.753372\n"}
,{"stream_name":"stdout","time":30345.377556324,"data":"  recall_micro         0.622931   server aggregate 0.553945\n"}
,{"stream_name":"stdout","time":30345.377558726,"data":"  recall_weighted      0.622931   server aggregate 0.553945\n"}
,{"stream_name":"stdout","time":30345.377561084,"data":"  f1_macro             0.650413   server aggregate 0.661597\n"}
,{"stream_name":"stdout","time":30345.377563647,"data":"  f1_micro             0.622931   server aggregate 0.553945\n"}
,{"stream_name":"stdout","time":30345.377566034,"data":"  f1_weighted          0.607742   server aggregate 0.534300\n"}
,{"stream_name":"stdout","time":30345.377568419,"data":"\n"}
,{"stream_name":"stdout","time":30345.377570708,"data":"selection: |S| per round min 6 median 7 max 20 of 20; mean downlink+uplink saving 61.8% against broadcasting to every device\n"}
,{"stream_name":"stdout","time":30345.377573328,"data":"\n"}
,{"stream_name":"stdout","time":30345.377575565,"data":"[descriptive only] best mean f1_macro 0.650413 at round 50 — picked on test, not a reported result\n"}
,{"stream_name":"stdout","time":30345.377578618,"data":"\n"}
,{"stream_name":"stdout","time":30345.377580889,"data":"backend  : train compiled | eval compiled\n"}
,{"stream_name":"stdout","time":30345.37758339,"data":"session  : 50 round(s) here | startup+prepack+compile 7.0 min | verify and W\u0026B are outside this figure\n"}
,{"stream_name":"stdout","time":30345.377586262,"data":"timing   : rounds [593, 592, 597]s | steady 597s/round = train 351s + eval 246s (20 clients + aggregate) + commit\n"}
,{"stream_name":"stdout","time":30345.377588783,"data":"VRAM     : train 7.08 GiB/GPU | eval 7.09 GiB/GPU (of 16)\n"}
,{"stream_name":"stdout","time":30345.37759124,"data":"projected: 50 rounds = 8.41 h (8.29 h of rounds + 0.12 h startup)\n"}
,{"stream_name":"stderr","time":30345.690598901,"data":"\u001b[34m\u001b[1mwandb\u001b[0m: uploading history steps 49-49, summary, console lines 73-96\n"}
,{"stream_name":"stderr","time":30345.690636879,"data":"\n"}
,{"stream_name":"stderr","time":30345.69064081,"data":"\u001b[34m\u001b[1mwandb\u001b[0m: uploading history steps 49-49, summary, console lines 73-96\n"}
,{"stream_name":"stderr","time":30345.752715329,"data":"\u001b[34m\u001b[1mwandb\u001b[0m: \n"}
,{"stream_name":"stderr","time":30345.752746378,"data":"\u001b[34m\u001b[1mwandb\u001b[0m: Run history:\n"}
,{"stream_name":"stderr","time":30345.752752996,"data":"\u001b[34m\u001b[1mwandb\u001b[0m:       accuracy ▂▃▂▃▂▂▂▁▁▂▂▂▂▂▂▂▃▃▄▄▄▃▄▄▄▄▄▄▄▄▄▅▆▆▆▆▇▆▇█\n"}
,{"stream_name":"stderr","time":30345.752758855,"data":"\u001b[34m\u001b[1mwandb\u001b[0m:   accuracy_max █▆▇▅▅▄▄▃▃▄▃▃▃▃▃▃▂▃▂▃▃▂▁▂▁▂▂▂▂▁▂▁▁▁▂▁▁▁▂▂\n"}
,{"stream_name":"stderr","time":30345.752763892,"data":"\u001b[34m\u001b[1mwandb\u001b[0m:   accuracy_min ▁▁▂▂▃▃▃▃▃▃▄▄▄▄▄▅▄▄▄▄▅▅▅▅▅▅▆▆▆▆▆▆▇▇▇▇▇▅▇█\n"}
,{"stream_name":"stderr","time":30345.752768773,"data":"\u001b[34m\u001b[1mwandb\u001b[0m:   accuracy_std █▇▆▆▅▅▄▄▄▃▃▃▃▃▃▃▂▃▃▃▃▃▂▂▂▂▂▂▁▁▁▁▁▁▁▁▁▂▁▁\n"}
,{"stream_name":"stderr","time":30345.752774295,"data":"\u001b[34m\u001b[1mwandb\u001b[0m: ce_client_mean █▄▃▂▂▁▁▁▁▁▁▁▁▁▁▁▁▁▁▁▁▁▁▁▁▁▁▁▁▁▁▁▁▁▁▁▁▁▁▁\n"}
,{"stream_name":"stderr","time":30345.752779289,"data":"\u001b[34m\u001b[1mwandb\u001b[0m:  comm_down_mib █▃▂▂▂▁▂▂▁▁▂▁▁▁▂▂▁▂▃▁▂▂▂▁▁▁▁▁▁▂▁▁▃▂▁▁▁▁▁▁\n"}
,{"stream_name":"stderr","time":30345.75280161,"data":"\u001b[34m\u001b[1mwandb\u001b[0m:    comm_saving ▁▇▇▇▇▇▇▇▇▇▇▇▇▇▇▇▇▇▇▇▇▇▇▇▇▇▇▇▇▇▇█▇▇▇▇▇███\n"}
,{"stream_name":"stderr","time":30345.752807458,"data":"\u001b[34m\u001b[1mwandb\u001b[0m:    comm_up_mib █▃▂▂▂▁▂▂▁▁▁▁▁▂▂▁▂▃▁▂▂▂▂▁▁▁▁▁▁▂▁▃▂▁▁▁▁▁▁▁\n"}
,{"stream_name":"stderr","time":30345.752811989,"data":"\u001b[34m\u001b[1mwandb\u001b[0m:       eval_sec █▄▃▃▃▂▂▂▃▄▅▅▃▃▃▁▃▃▄▄▂▂▂▁▁▁▁▂▂▁▂▂▂▂▂▃▂▂▃▂\n"}
,{"stream_name":"stderr","time":30345.752816683,"data":"\u001b[34m\u001b[1mwandb\u001b[0m:      evaluated ▁▁▁▁▁▁▁▁▁▁▁▁▁▁▁▁▁▁▁▁▁▁▁▁▁▁▁▁▁▁▁▁▁▁▁▁▁▁▁▁\n"}
,{"stream_name":"stderr","time":30345.752821343,"data":"\u001b[34m\u001b[1mwandb\u001b[0m:            +59 ...\n"}
,{"stream_name":"stderr","time":30345.752825578,"data":"\u001b[34m\u001b[1mwandb\u001b[0m: \n"}
,{"stream_name":"stderr","time":30345.752831438,"data":"\u001b[34m\u001b[1mwandb\u001b[0m: Run summary:\n"}
,{"stream_name":"stderr","time":30345.752835941,"data":"\u001b[34m\u001b[1mwandb\u001b[0m:       accuracy 0.62293\n"}
,{"stream_name":"stderr","time":30345.75284002,"data":"\u001b[34m\u001b[1mwandb\u001b[0m:   accuracy_max 0.72087\n"}
,{"stream_name":"stderr","time":30345.752844232,"data":"\u001b[34m\u001b[1mwandb\u001b[0m:   accuracy_min 0.48001\n"}
,{"stream_name":"stderr","time":30345.752849032,"data":"\u001b[34m\u001b[1mwandb\u001b[0m:   accuracy_std 0.0714\n"}
,{"stream_name":"stderr","time":30345.752853375,"data":"\u001b[34m\u001b[1mwandb\u001b[0m:        backend compiled\n"}
,{"stream_name":"stderr","time":30345.752857619,"data":"\u001b[34m\u001b[1mwandb\u001b[0m:   backend_eval compiled\n"}
,{"stream_name":"stderr","time":30345.752862002,"data":"\u001b[34m\u001b[1mwandb\u001b[0m: ce_client_mean 0.03888\n"}
,{"stream_name":"stderr","time":30345.752868899,"data":"\u001b[34m\u001b[1mwandb\u001b[0m:  comm_down_mib 9.1168\n"}
,{"stream_name":"stderr","time":30345.752873237,"data":"\u001b[34m\u001b[1mwandb\u001b[0m:    comm_saving 0.7\n"}
,{"stream_name":"stderr","time":30345.752877226,"data":"\u001b[34m\u001b[1mwandb\u001b[0m:    comm_up_mib 9.1168\n"}
,{"stream_name":"stderr","time":30345.752881492,"data":"\u001b[34m\u001b[1mwandb\u001b[0m:            +61 ...\n"}
,{"stream_name":"stderr","time":30345.752885838,"data":"\u001b[34m\u001b[1mwandb\u001b[0m: \n"}
,{"stream_name":"stderr","time":30345.752890372,"data":"\n"}
,{"stream_name":"stderr","time":30345.752894084,"data":"\u001b[34m\u001b[1mwandb\u001b[0m: \n"}
,{"stream_name":"stderr","time":30345.752898012,"data":"\u001b[34m\u001b[1mwandb\u001b[0m: Run history:\n"}
,{"stream_name":"stderr","time":30345.752902369,"data":"\u001b[34m\u001b[1mwandb\u001b[0m:       accuracy ▂▃▂▃▂▂▂▁▁▂▂▂▂▂▂▂▃▃▄▄▄▃▄▄▄▄▄▄▄▄▄▅▆▆▆▆▇▆▇█\n"}
,{"stream_name":"stderr","time":30345.752907961,"data":"\u001b[34m\u001b[1mwandb\u001b[0m:   accuracy_max █▆▇▅▅▄▄▃▃▄▃▃▃▃▃▃▂▃▂▃▃▂▁▂▁▂▂▂▂▁▂▁▁▁▂▁▁▁▂▂\n"}
,{"stream_name":"stderr","time":30345.752912295,"data":"\u001b[34m\u001b[1mwandb\u001b[0m:   accuracy_min ▁▁▂▂▃▃▃▃▃▃▄▄▄▄▄▅▄▄▄▄▅▅▅▅▅▅▆▆▆▆▆▆▇▇▇▇▇▅▇█\n"}
,{"stream_name":"stderr","time":30345.75291723,"data":"\u001b[34m\u001b[1mwandb\u001b[0m:   accuracy_std █▇▆▆▅▅▄▄▄▃▃▃▃▃▃▃▂▃▃▃▃▃▂▂▂▂▂▂▁▁▁▁▁▁▁▁▁▂▁▁\n"}
,{"stream_name":"stderr","time":30345.752928624,"data":"\u001b[34m\u001b[1mwandb\u001b[0m: ce_client_mean █▄▃▂▂▁▁▁▁▁▁▁▁▁▁▁▁▁▁▁▁▁▁▁▁▁▁▁▁▁▁▁▁▁▁▁▁▁▁▁\n"}
,{"stream_name":"stderr","time":30345.752933838,"data":"\u001b[34m\u001b[1mwandb\u001b[0m:  comm_down_mib █▃▂▂▂▁▂▂▁▁▂▁▁▁▂▂▁▂▃▁▂▂▂▁▁▁▁▁▁▂▁▁▃▂▁▁▁▁▁▁\n"}
,{"stream_name":"stderr","time":30345.752938895,"data":"\u001b[34m\u001b[1mwandb\u001b[0m:    comm_saving ▁▇▇▇▇▇▇▇▇▇▇▇▇▇▇▇▇▇▇▇▇▇▇▇▇▇▇▇▇▇▇█▇▇▇▇▇███\n"}
,{"stream_name":"stderr","time":30345.752943819,"data":"\u001b[34m\u001b[1mwandb\u001b[0m:    comm_up_mib █▃▂▂▂▁▂▂▁▁▁▁▁▂▂▁▂▃▁▂▂▂▂▁▁▁▁▁▁▂▁▃▂▁▁▁▁▁▁▁\n"}
,{"stream_name":"stderr","time":30345.752949146,"data":"\u001b[34m\u001b[1mwandb\u001b[0m:       eval_sec █▄▃▃▃▂▂▂▃▄▅▅▃▃▃▁▃▃▄▄▂▂▂▁▁▁▁▂▂▁▂▂▂▂▂▃▂▂▃▂\n"}
,{"stream_name":"stderr","time":30345.752977913,"data":"\u001b[34m\u001b[1mwandb\u001b[0m:      evaluated ▁▁▁▁▁▁▁▁▁▁▁▁▁▁▁▁▁▁▁▁▁▁▁▁▁▁▁▁▁▁▁▁▁▁▁▁▁▁▁▁\n"}
,{"stream_name":"stderr","time":30345.752982736,"data":"\u001b[34m\u001b[1mwandb\u001b[0m:            +59 ...\n"}
,{"stream_name":"stderr","time":30345.752986955,"data":"\u001b[34m\u001b[1mwandb\u001b[0m: \n"}
,{"stream_name":"stderr","time":30345.752991044,"data":"\u001b[34m\u001b[1mwandb\u001b[0m: Run summary:\n"}
,{"stream_name":"stderr","time":30345.752995167,"data":"\u001b[34m\u001b[1mwandb\u001b[0m:       accuracy 0.62293\n"}
,{"stream_name":"stderr","time":30345.752999265,"data":"\u001b[34m\u001b[1mwandb\u001b[0m:   accuracy_max 0.72087\n"}
,{"stream_name":"stderr","time":30345.753004089,"data":"\u001b[34m\u001b[1mwandb\u001b[0m:   accuracy_min 0.48001\n"}
,{"stream_name":"stderr","time":30345.753008665,"data":"\u001b[34m\u001b[1mwandb\u001b[0m:   accuracy_std 0.0714\n"}
,{"stream_name":"stderr","time":30345.753014147,"data":"\u001b[34m\u001b[1mwandb\u001b[0m:        backend compiled\n"}
,{"stream_name":"stderr","time":30345.753018652,"data":"\u001b[34m\u001b[1mwandb\u001b[0m:   backend_eval compiled\n"}
,{"stream_name":"stderr","time":30345.753022753,"data":"\u001b[34m\u001b[1mwandb\u001b[0m: ce_client_mean 0.03888\n"}
,{"stream_name":"stderr","time":30345.753027061,"data":"\u001b[34m\u001b[1mwandb\u001b[0m:  comm_down_mib 9.1168\n"}
,{"stream_name":"stderr","time":30345.75303121,"data":"\u001b[34m\u001b[1mwandb\u001b[0m:    comm_saving 0.7\n"}
,{"stream_name":"stderr","time":30345.753035316,"data":"\u001b[34m\u001b[1mwandb\u001b[0m:    comm_up_mib 9.1168\n"}
,{"stream_name":"stderr","time":30345.75303956,"data":"\u001b[34m\u001b[1mwandb\u001b[0m:            +61 ...\n"}
,{"stream_name":"stderr","time":30345.75304443,"data":"\u001b[34m\u001b[1mwandb\u001b[0m: \n"}
,{"stream_name":"stderr","time":30345.75400492,"data":"\u001b[34m\u001b[1mwandb\u001b[0m: 🚀 View run \u001b[33mperfedskd_20c\u001b[0m at: \u001b[34m\u001b[4mhttps://wandb.ai/21522798-uit/perfedskd-veremi/runs/perfedskd_20c\u001b[0m\n"}
,{"stream_name":"stderr","time":30345.754025435,"data":"\u001b[34m\u001b[1mwandb\u001b[0m: ⭐️ View project at: \u001b[34m\u001b[4mhttps://wandb.ai/21522798-uit/perfedskd-veremi\u001b[0m\n"}
,{"stream_name":"stderr","time":30345.754030316,"data":"\u001b[34m\u001b[1mwandb\u001b[0m: Synced 5 W\u0026B file(s), 0 media file(s), 0 artifact file(s) and 0 other file(s)\n"}
,{"stream_name":"stderr","time":30345.754034625,"data":"\n"}
,{"stream_name":"stderr","time":30345.754038208,"data":"\u001b[34m\u001b[1mwandb\u001b[0m: 🚀 View run \u001b[33mperfedskd_20c\u001b[0m at: \u001b[34m\u001b[4mhttps://wandb.ai/21522798-uit/perfedskd-veremi/runs/perfedskd_20c\u001b[0m\n"}
,{"stream_name":"stderr","time":30345.754053208,"data":"\u001b[34m\u001b[1mwandb\u001b[0m: ⭐️ View project at: \u001b[34m\u001b[4mhttps://wandb.ai/21522798-uit/perfedskd-veremi\u001b[0m\n"}
,{"stream_name":"stderr","time":30345.754057882,"data":"\u001b[34m\u001b[1mwandb\u001b[0m: Synced 5 W\u0026B file(s), 0 media file(s), 0 artifact file(s) and 0 other file(s)\n"}
,{"stream_name":"stderr","time":30345.755284271,"data":"\u001b[34m\u001b[1mwandb\u001b[0m: Find logs at: \u001b[35m\u001b[1m./wandb/run-20260921_131647-perfedskd_20c/logs\u001b[0m\n"}
,{"stream_name":"stderr","time":30345.755305122,"data":"\n"}
,{"stream_name":"stderr","time":30345.755310856,"data":"\u001b[34m\u001b[1mwandb\u001b[0m: Find logs at: \u001b[35m\u001b[1m./wandb/run-20260921_131647-perfedskd_20c/logs\u001b[0m\n"}
,{"stream_name":"stderr","time":30351.657923875,"data":"/usr/local/lib/python3.12/dist-packages/mistune.py:435: SyntaxWarning: invalid escape sequence '\\|'\n"}
,{"stream_name":"stderr","time":30351.657992842,"data":"  cells[i][c] = re.sub('\\\\\\\\\\|', '|', cell)\n"}
,{"stream_name":"stderr","time":30351.930150027,"data":"/usr/local/lib/python3.12/dist-packages/nbconvert/filters/filter_links.py:36: SyntaxWarning: invalid escape sequence '\\_'\n"}
,{"stream_name":"stderr","time":30351.930183865,"data":"  text = re.sub(r'_', '\\_', text) # Escape underscores in display text\n"}
,{"stream_name":"stderr","time":30352.669005272,"data":"[NbConvertApp] Converting notebook __notebook__.ipynb to notebook\n"}
,{"stream_name":"stderr","time":30353.004433231,"data":"[NbConvertApp] Writing 188379 bytes to __notebook__.ipynb\n"}
,{"stream_name":"stderr","time":30355.651123256,"data":"[NbConvertApp] Converting notebook __notebook__.ipynb to html\n"}
,{"stream_name":"stderr","time":30356.972946983,"data":"[NbConvertApp] Writing 924719 bytes to __results__.html\n"}
]