[{"stream_name":"stderr","time":5.396858849,"data":"/usr/local/lib/python3.12/dist-packages/nbformat/__init__.py:96: MissingIDFieldWarning: Cell is missing an id field, this will become a hard error in future nbformat versions. You may want to use `normalize()` on your notebooks before validations (available since nbformat 5.1.4). Previous versions of nbformat are fixing this issue transparently, and will stop doing so in the future.\n"}
,{"stream_name":"stderr","time":5.396930354,"data":"  validate(nb)\n"}
,{"stream_name":"stderr","time":6.122261547,"data":"0.00s - Debugger warning: It seems that frozen modules are being used, which may\n"}
,{"stream_name":"stderr","time":6.122294134,"data":"0.00s - make the debugger miss breakpoints. Please pass -Xfrozen_modules=off\n"}
,{"stream_name":"stderr","time":6.122303837,"data":"0.00s - to python to disable frozen modules.\n"}
,{"stream_name":"stderr","time":6.122306785,"data":"0.00s - Note: Debugging will proceed. Set PYDEVD_DISABLE_FILE_VALIDATION=1 to disable this validation.\n"}
,{"stream_name":"stderr","time":6.6920425869999995,"data":"0.00s - Debugger warning: It seems that frozen modules are being used, which may\n"}
,{"stream_name":"stderr","time":6.692085077,"data":"0.00s - make the debugger miss breakpoints. Please pass -Xfrozen_modules=off\n"}
,{"stream_name":"stderr","time":6.692092206,"data":"0.00s - to python to disable frozen modules.\n"}
,{"stream_name":"stderr","time":6.692097331,"data":"0.00s - Note: Debugging will proceed. Set PYDEVD_DISABLE_FILE_VALIDATION=1 to disable this validation.\n"}
,{"stream_name":"stdout","time":12.231276837,"data":"0 Tesla T4 (7, 5) 14.6 GiB\n"}
,{"stream_name":"stdout","time":12.231326368,"data":"1 Tesla T4 (7, 5) 14.6 GiB\n"}
,{"stream_name":"stdout","time":12.231330296,"data":"torch 2.10.0+cu128 | python 3.12.13\n"}
,{"stream_name":"stdout","time":24.772809243,"data":"torch-pruning 1.6.0 | torch still 2.10.0+cu128\n"}
,{"stream_name":"stdout","time":24.793502517,"data":"           patch_len = 6\n"}
,{"stream_name":"stdout","time":24.793532607,"data":"             stem_ch = 96\n"}
,{"stream_name":"stdout","time":24.793539131,"data":"        dense_growth = 32\n"}
,{"stream_name":"stdout","time":24.793544279,"data":"        dense_layers = 3\n"}
,{"stream_name":"stdout","time":24.793549319,"data":"       incep_modules = 2\n"}
,{"stream_name":"stdout","time":24.793554386,"data":"        fire_modules = 3\n"}
,{"stream_name":"stdout","time":24.793559517,"data":"             dropout = 0.1\n"}
,{"stream_name":"stdout","time":24.793564707,"data":"         num_classes = 16\n"}
,{"stream_name":"stdout","time":24.793569915,"data":"          n_features = 66\n"}
,{"stream_name":"stdout","time":24.793574673,"data":"            sparsity = 0.7\n"}
,{"stream_name":"stdout","time":24.793579823,"data":"    prune_importance = group_l1\n"}
,{"stream_name":"stdout","time":24.79358491,"data":"                  lr = 0.001\n"}
,{"stream_name":"stdout","time":24.793590352,"data":"         lr_schedule = cosine\n"}
,{"stream_name":"stdout","time":24.793595575,"data":"              lr_min = 1e-05\n"}
,{"stream_name":"stdout","time":24.793600681,"data":"        weight_decay = 0.0001\n"}
,{"stream_name":"stdout","time":24.793605827,"data":"        local_epochs = 1\n"}
,{"stream_name":"stdout","time":24.793611028,"data":"              rounds = 50\n"}
,{"stream_name":"stdout","time":24.793616273,"data":"                clip = 1.0\n"}
,{"stream_name":"stdout","time":24.793621508,"data":"                seed = 42\n"}
,{"stream_name":"stdout","time":24.793626627,"data":"           n_clients = 20\n"}
,{"stream_name":"stdout","time":24.793631934,"data":"               batch = 512\n"}
,{"stream_name":"stdout","time":24.79364888,"data":"          eval_batch = 16384\n"}
,{"stream_name":"stdout","time":24.79365326,"data":"              device = cuda\n"}
,{"stream_name":"stdout","time":24.793657196,"data":"          world_size = 2\n"}
,{"stream_name":"stdout","time":24.793661058,"data":"             compile = True\n"}
,{"stream_name":"stdout","time":24.79366467,"data":"max_skips_per_client = 16\n"}
,{"stream_name":"stdout","time":24.793668723,"data":"        preds_rounds = [50]\n"}
,{"stream_name":"stdout","time":24.793672982,"data":"finalize_reserve_seconds = 900\n"}
,{"stream_name":"stdout","time":24.793676794,"data":"            run_name = lwfednids_20c\n"}
,{"stream_name":"stdout","time":24.793680912,"data":"               cache = /kaggle/temp/veremi_cache\n"}
,{"stream_name":"stdout","time":24.79368487,"data":"         max_seconds = 42300.0\n"}
,{"stream_name":"stdout","time":24.793688638,"data":"      require_resume = False\n"}
,{"stream_name":"stdout","time":24.814324682,"data":"Writing /kaggle/working/proj/model.py\n"}
,{"stream_name":"stdout","time":24.839227332,"data":"Writing /kaggle/working/proj/prune.py\n"}
,{"stream_name":"stdout","time":24.866039903,"data":"Writing /kaggle/working/proj/ckpt.py\n"}
,{"stream_name":"stdout","time":24.884749585,"data":"Writing /kaggle/working/proj/metrics.py\n"}
,{"stream_name":"stdout","time":24.905685472000002,"data":"Writing /kaggle/working/proj/data.py\n"}
,{"stream_name":"stdout","time":24.928940611,"data":"Writing /kaggle/working/proj/lwfednids.py\n"}
,{"stream_name":"stdout","time":24.949826138,"data":"Writing /kaggle/working/proj/evaluate.py\n"}
,{"stream_name":"stdout","time":24.982429159,"data":"Writing /kaggle/working/proj/driver.py\n"}
,{"stream_name":"stdout","time":25.00847605,"data":"Writing /kaggle/working/proj/verify.py\n"}
,{"stream_name":"stdout","time":25.775048526,"data":"[prune] sparsity 0.7: 395,024 -\u003e 35,891 params (9.086%), MACs 2,276,808.0 -\u003e 208,035.0 (9.137%), plan 524e7ab78439698c\n"}
,{"stream_name":"stdout","time":25.775083009,"data":"layer                      type                out         in\n"}
,{"stream_name":"stdout","time":25.77508738,"data":"stems.0.0                  Conv1d         96-\u003e28      6-\u003e6   \n"}
,{"stream_name":"stdout","time":25.775091492,"data":"stems.0.1                  BatchNorm1d    96-\u003e28   \n"}
,{"stream_name":"stdout","time":25.775095271,"data":"stems.1.0                  Conv1d         96-\u003e28      6-\u003e6   \n"}
,{"stream_name":"stdout","time":25.775099013,"data":"stems.1.1                  BatchNorm1d    96-\u003e28   \n"}
,{"stream_name":"stdout","time":25.775102893,"data":"stems.2.0                  Conv1d         96-\u003e28      6-\u003e6   \n"}
,{"stream_name":"stdout","time":25.77510635,"data":"stems.2.1                  BatchNorm1d    96-\u003e28   \n"}
,{"stream_name":"stdout","time":25.775109859,"data":"stems.3.0                  Conv1d         96-\u003e28      6-\u003e6   \n"}
,{"stream_name":"stdout","time":25.775113379,"data":"stems.3.1                  BatchNorm1d    96-\u003e28   \n"}
,{"stream_name":"stdout","time":25.775116846,"data":"dense.blocks.0.0           Conv1d         32-\u003e9      96-\u003e28  \n"}
,{"stream_name":"stdout","time":25.775120315,"data":"dense.blocks.0.1           BatchNorm1d    32-\u003e9    \n"}
,{"stream_name":"stdout","time":25.775123818,"data":"dense.blocks.1.0           Conv1d         32-\u003e9     128-\u003e37  \n"}
,{"stream_name":"stdout","time":25.775127333,"data":"dense.blocks.1.1           BatchNorm1d    32-\u003e9    \n"}
,{"stream_name":"stdout","time":25.775184605,"data":"dense.blocks.2.0           Conv1d         32-\u003e9     160-\u003e46  \n"}
,{"stream_name":"stdout","time":25.775191709,"data":"dense.blocks.2.1           BatchNorm1d    32-\u003e9    \n"}
,{"stream_name":"stdout","time":25.775195217,"data":"google.net.0.b1.0          Conv1d         32-\u003e9      96-\u003e28  \n"}
,{"stream_name":"stdout","time":25.775198645,"data":"google.net.0.b1.1          BatchNorm1d    32-\u003e9    \n"}
,{"stream_name":"stdout","time":25.775201932999998,"data":"google.net.0.b3.0.0        Conv1d         32-\u003e9      96-\u003e28  \n"}
,{"stream_name":"stdout","time":25.775205275,"data":"google.net.0.b3.0.1        BatchNorm1d    32-\u003e9    \n"}
,{"stream_name":"stdout","time":25.77520861,"data":"google.net.0.b3.1.0        Conv1d         32-\u003e9      32-\u003e9   \n"}
,{"stream_name":"stdout","time":25.77521203,"data":"google.net.0.b3.1.1        BatchNorm1d    32-\u003e9    \n"}
,{"stream_name":"stdout","time":25.77521539,"data":"google.net.0.b5.0.0        Conv1d         32-\u003e9      96-\u003e28  \n"}
,{"stream_name":"stdout","time":25.77521871,"data":"google.net.0.b5.0.1        BatchNorm1d    32-\u003e9    \n"}
,{"stream_name":"stdout","time":25.775221975,"data":"google.net.0.b5.1.0        Conv1d         32-\u003e9      32-\u003e9   \n"}
,{"stream_name":"stdout","time":25.775225351,"data":"google.net.0.b5.1.1        BatchNorm1d    32-\u003e9    \n"}
,{"stream_name":"stdout","time":25.775228644,"data":"google.net.0.bp.1.0        Conv1d         32-\u003e9      96-\u003e28  \n"}
,{"stream_name":"stdout","time":25.775231863,"data":"google.net.0.bp.1.1        BatchNorm1d    32-\u003e9    \n"}
,{"stream_name":"stdout","time":25.775235166999998,"data":"google.net.1.b1.0          Conv1d         32-\u003e9     128-\u003e36  \n"}
,{"stream_name":"stdout","time":25.775238578,"data":"google.net.1.b1.1          BatchNorm1d    32-\u003e9    \n"}
,{"stream_name":"stdout","time":25.775241943,"data":"google.net.1.b3.0.0        Conv1d         32-\u003e9     128-\u003e36  \n"}
,{"stream_name":"stdout","time":25.77524528,"data":"google.net.1.b3.0.1        BatchNorm1d    32-\u003e9    \n"}
,{"stream_name":"stdout","time":25.775248565,"data":"google.net.1.b3.1.0        Conv1d         32-\u003e9      32-\u003e9   \n"}
,{"stream_name":"stdout","time":25.7752519,"data":"google.net.1.b3.1.1        BatchNorm1d    32-\u003e9    \n"}
,{"stream_name":"stdout","time":25.775256469,"data":"google.net.1.b5.0.0        Conv1d         32-\u003e9     128-\u003e36  \n"}
,{"stream_name":"stdout","time":25.775259865,"data":"google.net.1.b5.0.1        BatchNorm1d    32-\u003e9    \n"}
,{"stream_name":"stdout","time":25.775263306,"data":"google.net.1.b5.1.0        Conv1d         32-\u003e9      32-\u003e9   \n"}
,{"stream_name":"stdout","time":25.77526673,"data":"google.net.1.b5.1.1        BatchNorm1d    32-\u003e9    \n"}
,{"stream_name":"stdout","time":25.775270036,"data":"google.net.1.bp.1.0        Conv1d         32-\u003e9     128-\u003e36  \n"}
,{"stream_name":"stdout","time":25.775273374,"data":"google.net.1.bp.1.1        BatchNorm1d    32-\u003e9    \n"}
,{"stream_name":"stdout","time":25.775276618,"data":"alex.net.0.0               Conv1d        128-\u003e38     96-\u003e28  \n"}
,{"stream_name":"stdout","time":25.775279959,"data":"alex.net.0.1               BatchNorm1d   128-\u003e38   \n"}
,{"stream_name":"stdout","time":25.775283256,"data":"alex.net.2.0               Conv1d        128-\u003e38    128-\u003e38  \n"}
,{"stream_name":"stdout","time":25.77528654,"data":"alex.net.2.1               BatchNorm1d   128-\u003e38   \n"}
,{"stream_name":"stdout","time":25.77528993,"data":"alex.net.4.0               Conv1d        128-\u003e38    128-\u003e38  \n"}
,{"stream_name":"stdout","time":25.775296945,"data":"alex.net.4.1               BatchNorm1d   128-\u003e38   \n"}
,{"stream_name":"stdout","time":25.775300262000002,"data":"squeeze.net.0.squeeze.0    Conv1d         32-\u003e9      96-\u003e28  \n"}
,{"stream_name":"stdout","time":25.77530364,"data":"squeeze.net.0.squeeze.1    BatchNorm1d    32-\u003e9    \n"}
,{"stream_name":"stdout","time":25.775306998,"data":"squeeze.net.0.e1.0         Conv1d         48-\u003e14     32-\u003e9   \n"}
,{"stream_name":"stdout","time":25.775310336,"data":"squeeze.net.0.e1.1         BatchNorm1d    48-\u003e14   \n"}
,{"stream_name":"stdout","time":25.775313618,"data":"squeeze.net.0.e3.0         Conv1d         48-\u003e14     32-\u003e9   \n"}
,{"stream_name":"stdout","time":25.775316952,"data":"squeeze.net.0.e3.1         BatchNorm1d    48-\u003e14   \n"}
,{"stream_name":"stdout","time":25.77532019,"data":"squeeze.net.1.squeeze.0    Conv1d         32-\u003e9      96-\u003e28  \n"}
,{"stream_name":"stdout","time":25.775323473,"data":"squeeze.net.1.squeeze.1    BatchNorm1d    32-\u003e9    \n"}
,{"stream_name":"stdout","time":25.775326763,"data":"squeeze.net.1.e1.0         Conv1d         48-\u003e14     32-\u003e9   \n"}
,{"stream_name":"stdout","time":25.775330095,"data":"squeeze.net.1.e1.1         BatchNorm1d    48-\u003e14   \n"}
,{"stream_name":"stdout","time":25.775333385,"data":"squeeze.net.1.e3.0         Conv1d         48-\u003e14     32-\u003e9   \n"}
,{"stream_name":"stdout","time":25.775336729,"data":"squeeze.net.1.e3.1         BatchNorm1d    48-\u003e14   \n"}
,{"stream_name":"stdout","time":25.775339965,"data":"squeeze.net.2.squeeze.0    Conv1d         32-\u003e9      96-\u003e28  \n"}
,{"stream_name":"stdout","time":25.775343305,"data":"squeeze.net.2.squeeze.1    BatchNorm1d    32-\u003e9    \n"}
,{"stream_name":"stdout","time":25.77534659,"data":"squeeze.net.2.e1.0         Conv1d         48-\u003e14     32-\u003e9   \n"}
,{"stream_name":"stdout","time":25.775350398,"data":"squeeze.net.2.e1.1         BatchNorm1d    48-\u003e14   \n"}
,{"stream_name":"stdout","time":25.77535369,"data":"squeeze.net.2.e3.0         Conv1d         48-\u003e14     32-\u003e9   \n"}
,{"stream_name":"stdout","time":25.775357028,"data":"squeeze.net.2.e3.1         BatchNorm1d    48-\u003e14   \n"}
,{"stream_name":"stdout","time":25.775360309,"data":"head.0                     LayerNorm     544-\u003e157  \n"}
,{"stream_name":"stdout","time":25.775363603,"data":"head.2                     Linear        256-\u003e76    544-\u003e157 \n"}
,{"stream_name":"stdout","time":25.775366945000002,"data":"head.5                     Linear         16-\u003e16    256-\u003e76  \n"}
,{"stream_name":"stdout","time":25.775370353,"data":"pruned model: 35,891 of 395,024 params (9.09%), MACs 208,035 of 2,276,808 (9.14%), plan 524e7ab78439698c\n"}
,{"stream_name":"stderr","time":25.803388104,"data":"\u001b[34m\u001b[1mwandb\u001b[0m: \u001b[33mWARNING\u001b[0m If you're specifying your api key in code, ensure this code is not shared publicly.\n"}
,{"stream_name":"stderr","time":25.803419271,"data":"\u001b[34m\u001b[1mwandb\u001b[0m: \u001b[33mWARNING\u001b[0m Consider setting the WANDB_API_KEY environment variable, or running `wandb login` from the command line.\n"}
,{"stream_name":"stderr","time":25.803425461,"data":"\n"}
,{"stream_name":"stderr","time":25.803429512,"data":"\u001b[34m\u001b[1mwandb\u001b[0m: \u001b[33mWARNING\u001b[0m If you're specifying your api key in code, ensure this code is not shared publicly.\n"}
,{"stream_name":"stderr","time":25.803434169,"data":"\u001b[34m\u001b[1mwandb\u001b[0m: \u001b[33mWARNING\u001b[0m Consider setting the WANDB_API_KEY environment variable, or running `wandb login` from the command line.\n"}
,{"stream_name":"stderr","time":25.804462152,"data":"\u001b[34m\u001b[1mwandb\u001b[0m: [wandb.login()] Using explicit session credentials for https://api.wandb.ai.\n"}
,{"stream_name":"stderr","time":25.804484887,"data":"\n"}
,{"stream_name":"stderr","time":25.80448972,"data":"\u001b[34m\u001b[1mwandb\u001b[0m: [wandb.login()] Using explicit session credentials for https://api.wandb.ai.\n"}
,{"stream_name":"stderr","time":25.805487285,"data":"\u001b[34m\u001b[1mwandb\u001b[0m: No netrc file found, creating one.\n"}
,{"stream_name":"stderr","time":25.805502152,"data":"\n"}
,{"stream_name":"stderr","time":25.805505582,"data":"\u001b[34m\u001b[1mwandb\u001b[0m: No netrc file found, creating one.\n"}
,{"stream_name":"stderr","time":25.806519582,"data":"\u001b[34m\u001b[1mwandb\u001b[0m: Appending key for api.wandb.ai to your netrc file: /root/.netrc\n"}
,{"stream_name":"stderr","time":25.806536868,"data":"\n"}
,{"stream_name":"stderr","time":25.806541501,"data":"\u001b[34m\u001b[1mwandb\u001b[0m: Appending key for api.wandb.ai to your netrc file: /root/.netrc\n"}
,{"stream_name":"stderr","time":25.870687235,"data":"\u001b[34m\u001b[1mwandb\u001b[0m: Currently logged in as: \u001b[33mminhtriet\u001b[0m (\u001b[33m21522798-uit\u001b[0m) to \u001b[32mhttps://api.wandb.ai\u001b[0m. Use \u001b[1m`wandb login --relogin`\u001b[0m to force relogin\n"}
,{"stream_name":"stderr","time":25.870729718,"data":"\n"}
,{"stream_name":"stderr","time":25.870734052,"data":"\u001b[34m\u001b[1mwandb\u001b[0m: Currently logged in as: \u001b[33mminhtriet\u001b[0m (\u001b[33m21522798-uit\u001b[0m) to \u001b[32mhttps://api.wandb.ai\u001b[0m. Use \u001b[1m`wandb login --relogin`\u001b[0m to force relogin\n"}
,{"stream_name":"stderr","time":27.465800705,"data":"\u001b[34m\u001b[1mwandb\u001b[0m: setting up run lwfednids_20c\n"}
,{"stream_name":"stderr","time":27.465846507,"data":"\n"}
,{"stream_name":"stderr","time":27.465850456,"data":"\u001b[34m\u001b[1mwandb\u001b[0m: setting up run lwfednids_20c\n"}
,{"stream_name":"stderr","time":27.547922608,"data":"\u001b[34m\u001b[1mwandb\u001b[0m: Tracking run with wandb version 0.26.1\n"}
,{"stream_name":"stderr","time":27.547954087,"data":"\n"}
,{"stream_name":"stderr","time":27.547960975,"data":"\u001b[34m\u001b[1mwandb\u001b[0m: Tracking run with wandb version 0.26.1\n"}
,{"stream_name":"stderr","time":27.548968645,"data":"\u001b[34m\u001b[1mwandb\u001b[0m: Run data is saved locally in \u001b[35m\u001b[1m/kaggle/working/wandb/run-20260922_080235-lwfednids_20c\u001b[0m\n"}
,{"stream_name":"stderr","time":27.548992758,"data":"\u001b[34m\u001b[1mwandb\u001b[0m: Run \u001b[1m`wandb offline`\u001b[0m to turn off syncing.\n"}
,{"stream_name":"stderr","time":27.548999244,"data":"\n"}
,{"stream_name":"stderr","time":27.549003321,"data":"\u001b[34m\u001b[1mwandb\u001b[0m: Run data is saved locally in \u001b[35m\u001b[1m/kaggle/working/wandb/run-20260922_080235-lwfednids_20c\u001b[0m\n"}
,{"stream_name":"stderr","time":27.549007983,"data":"\u001b[34m\u001b[1mwandb\u001b[0m: Run \u001b[1m`wandb offline`\u001b[0m to turn off syncing.\n"}
,{"stream_name":"stderr","time":27.550275442,"data":"\u001b[34m\u001b[1mwandb\u001b[0m: Syncing run \u001b[33mlwfednids_20c\u001b[0m\n"}
,{"stream_name":"stderr","time":27.550723245,"data":"\n"}
,{"stream_name":"stderr","time":27.550730394,"data":"\u001b[34m\u001b[1mwandb\u001b[0m: Syncing run \u001b[33mlwfednids_20c\u001b[0m\n"}
,{"stream_name":"stderr","time":27.551626693,"data":"\u001b[34m\u001b[1mwandb\u001b[0m: ⭐️ View project at \u001b[34m\u001b[4mhttps://wandb.ai/21522798-uit/lwfednids-veremi\u001b[0m\n"}
,{"stream_name":"stderr","time":27.551647587,"data":"\n"}
,{"stream_name":"stderr","time":27.551666251,"data":"\u001b[34m\u001b[1mwandb\u001b[0m: ⭐️ View project at \u001b[34m\u001b[4mhttps://wandb.ai/21522798-uit/lwfednids-veremi\u001b[0m\n"}
,{"stream_name":"stderr","time":27.552887366,"data":"\u001b[34m\u001b[1mwandb\u001b[0m: 🚀 View run at \u001b[34m\u001b[4mhttps://wandb.ai/21522798-uit/lwfednids-veremi/runs/lwfednids_20c\u001b[0m\n"}
,{"stream_name":"stderr","time":27.552906273,"data":"\n"}
,{"stream_name":"stderr","time":27.552911612,"data":"\u001b[34m\u001b[1mwandb\u001b[0m: 🚀 View run at \u001b[34m\u001b[4mhttps://wandb.ai/21522798-uit/lwfednids-veremi/runs/lwfednids_20c\u001b[0m\n"}
,{"stream_name":"stdout","time":28.343199657,"data":"W\u0026B: https://wandb.ai/21522798-uit/lwfednids-veremi/runs/lwfednids_20c\n"}
,{"stream_name":"stdout","time":29.67782981,"data":"FL root    : /kaggle/input/datasets/odixe0502/veremi-fl-20client/20_client\n"}
,{"stream_name":"stdout","time":29.677872421,"data":"test root  : /kaggle/input/datasets/odixe0502/veremi-nextgen2026-centralized/upload/test\n"}
,{"stream_name":"stdout","time":29.677876511,"data":"data_id    : 29f492a531052d2b\n"}
,{"stream_name":"stdout","time":29.677879713,"data":"fingerprint: c99b903c1ff5acd3\n"}
,{"stream_name":"stdout","time":29.677882636,"data":"resume from round None\n"}
,{"stream_name":"stdout","time":121.057856599,"data":"train (43045415, 66) max|x|=570.5\n"}
,{"stream_name":"stdout","time":164.453234182,"data":"test  (10761343, 66) max|x|=570.5\n"}
,{"stream_name":"stdout","time":165.326180459,"data":"content_id : 3aa70a5c51aacd51\n"}
,{"stream_name":"stdout","time":165.326237019,"data":"prepack 135.8s | 43,045,415 train / 10,761,343 test rows\n"}
,{"stream_name":"stderr","time":191.561088115,"data":"W0922 08:05:21.178000 94 torch/_inductor/utils.py:1679] [0/0] Not enough SMs to use max_autotune_gemm mode\n"}
,{"stream_name":"stderr","time":191.562601376,"data":"W0922 08:05:21.179000 95 torch/_inductor/utils.py:1679] [0/0] Not enough SMs to use max_autotune_gemm mode\n"}
,{"stream_name":"stderr","time":191.764636184,"data":"W0922 08:05:21.178000 94 torch/_inductor/utils.py:1679] [0/0] Not enough SMs to use max_autotune_gemm mode\n"}
,{"stream_name":"stderr","time":191.764688075,"data":"W0922 08:05:21.179000 95 torch/_inductor/utils.py:1679] [0/0] Not enough SMs to use max_autotune_gemm mode\n"}
,{"stream_name":"stderr","time":191.764696474,"data":"\n"}
,{"stream_name":"stderr","time":191.764804909,"data":"W0922 08:05:21.178000 94 torch/_inductor/utils.py:1679] [0/0] Not enough SMs to use max_autotune_gemm mode\n"}
,{"stream_name":"stderr","time":191.764815331,"data":"W0922 08:05:21.179000 95 torch/_inductor/utils.py:1679] [0/0] Not enough SMs to use max_autotune_gemm mode\n"}
,{"stream_name":"stdout","time":286.548663945,"data":"[rank0] compile OK | max|dlogit|=2.44e-04 rel|dgrad|=2.57e-03 flips 0/512 (0/483 decisive)\n"}
,{"stream_name":"stdout","time":286.603080545,"data":"[rank1] compile OK | max|dlogit|=1.83e-04 rel|dgrad|=2.58e-03 flips 0/512 (0/488 decisive)\n"}
,{"stream_name":"stdout","time":286.766190281,"data":"[rank0] compile OK | max|dlogit|=2.44e-04 rel|dgrad|=2.57e-03 flips 0/512 (0/483 decisive)\n"}
,{"stream_name":"stdout","time":286.766223624,"data":"[rank1] compile OK | max|dlogit|=1.83e-04 rel|dgrad|=2.58e-03 flips 0/512 (0/488 decisive)\n"}
,{"stream_name":"stdout","time":305.011765554,"data":"[rank0] eval compile OK | max|dlogit|=2.44e-04 rel|dgrad|=0.00e+00 flips 9/16384 (0/15038 decisive)\n"}
,{"stream_name":"stdout","time":305.145021912,"data":"[rank1] eval compile OK | max|dlogit|=2.44e-04 rel|dgrad|=0.00e+00 flips 8/16384 (0/15615 decisive)\n"}
,{"stream_name":"stdout","time":305.149530694,"data":"[rank0] eval compile OK | max|dlogit|=2.44e-04 rel|dgrad|=0.00e+00 flips 9/16384 (0/15038 decisive)\n"}
,{"stream_name":"stdout","time":305.149581931,"data":"[rank1] eval compile OK | max|dlogit|=2.44e-04 rel|dgrad|=0.00e+00 flips 8/16384 (0/15615 decisive)\n"}
,{"stream_name":"stdout","time":305.149589297,"data":"[driver] 2 workers ready: train compiled, eval compiled (293s into the session)\n"}
,{"stream_name":"stdout","time":673.86439392,"data":"[r001] f1_macro=0.096935 acc=0.294072 f1_w=0.265760 | lr=1.00e-03 loss=0.3158±0.1120 gnorm=1.313 skip=34/84083 | train=363s eval=6s vram=6.94G 368.6s | session 0.18h\n"}
,{"stream_name":"stdout","time":971.14056149,"data":"[r002] f1_macro=0.650194 acc=0.763649 f1_w=0.741904 | lr=9.99e-04 loss=0.2399±0.0822 gnorm=1.236 skip=34/84083 | train=293s eval=4s vram=6.94G 297.3s | session 0.27h\n"}
,{"stream_name":"stdout","time":1263.099005325,"data":"[r003] f1_macro=0.734965 acc=0.756839 f1_w=0.761420 | lr=9.96e-04 loss=0.1905±0.0624 gnorm=1.262 skip=48/84083 | train=288s eval=4s vram=6.95G 292.0s | session 0.35h\n"}
,{"stream_name":"stdout","time":1560.781624777,"data":"[r004] f1_macro=0.752422 acc=0.748342 f1_w=0.750341 | lr=9.91e-04 loss=0.1620±0.0532 gnorm=1.209 skip=54/84083 | train=293s eval=4s vram=6.95G 297.7s | session 0.43h\n"}
,{"stream_name":"stdout","time":1860.064523346,"data":"[r005] f1_macro=0.760365 acc=0.761075 f1_w=0.762478 | lr=9.84e-04 loss=0.1454±0.0473 gnorm=1.111 skip=52/84083 | train=295s eval=4s vram=6.95G 299.3s | session 0.51h\n"}
,{"stream_name":"stdout","time":2147.64898608,"data":"[r006] f1_macro=0.773480 acc=0.762890 f1_w=0.767902 | lr=9.75e-04 loss=0.1350±0.0436 gnorm=1.042 skip=50/84083 | train=283s eval=4s vram=6.95G 287.6s | session 0.59h\n"}
,{"stream_name":"stdout","time":2402.97526582,"data":"[r007] f1_macro=0.771103 acc=0.753693 f1_w=0.757580 | lr=9.64e-04 loss=0.1275±0.0411 gnorm=0.991 skip=50/84083 | train=251s eval=4s vram=6.95G 255.3s | session 0.66h\n"}
,{"stream_name":"stdout","time":2651.243771388,"data":"[r008] f1_macro=0.768414 acc=0.746986 f1_w=0.748583 | lr=9.51e-04 loss=0.1217±0.0388 gnorm=0.960 skip=49/84083 | train=244s eval=4s vram=6.95G 248.2s | session 0.73h\n"}
,{"stream_name":"stdout","time":2911.630781819,"data":"[r009] f1_macro=0.762652 acc=0.745968 f1_w=0.744856 | lr=9.36e-04 loss=0.1173±0.0375 gnorm=0.934 skip=51/84083 | train=256s eval=4s vram=6.95G 260.4s | session 0.81h\n"}
,{"stream_name":"stdout","time":3183.690351433,"data":"[r010] f1_macro=0.759185 acc=0.739431 f1_w=0.737778 | lr=9.20e-04 loss=0.1137±0.0364 gnorm=0.909 skip=48/84083 | train=268s eval=4s vram=6.95G 272.0s | session 0.88h\n"}
,{"stream_name":"stdout","time":3465.053991207,"data":"[r011] f1_macro=0.761180 acc=0.746775 f1_w=0.746283 | lr=9.02e-04 loss=0.1105±0.0351 gnorm=0.884 skip=45/84083 | train=277s eval=4s vram=6.95G 281.3s | session 0.96h\n"}
,{"stream_name":"stdout","time":3731.350298961,"data":"[r012] f1_macro=0.757522 acc=0.739055 f1_w=0.737216 | lr=8.82e-04 loss=0.1079±0.0342 gnorm=0.869 skip=46/84083 | train=262s eval=4s vram=6.95G 266.3s | session 1.03h\n"}
,{"stream_name":"stdout","time":3979.171266617,"data":"[r013] f1_macro=0.760645 acc=0.745193 f1_w=0.744896 | lr=8.61e-04 loss=0.1056±0.0334 gnorm=0.857 skip=45/84083 | train=244s eval=4s vram=6.95G 247.8s | session 1.10h\n"}
,{"stream_name":"stdout","time":4222.66807897,"data":"[r014] f1_macro=0.759514 acc=0.741213 f1_w=0.740739 | lr=8.38e-04 loss=0.1037±0.0328 gnorm=0.850 skip=46/84083 | train=239s eval=4s vram=6.95G 243.5s | session 1.17h\n"}
,{"stream_name":"stdout","time":4465.825794666,"data":"[r015] f1_macro=0.760798 acc=0.746325 f1_w=0.745983 | lr=8.14e-04 loss=0.1020±0.0322 gnorm=0.840 skip=51/84083 | train=239s eval=4s vram=6.95G 243.1s | session 1.24h\n"}
,{"stream_name":"stdout","time":4707.917302945,"data":"[r016] f1_macro=0.764158 acc=0.748164 f1_w=0.748277 | lr=7.88e-04 loss=0.1005±0.0319 gnorm=0.832 skip=46/84083 | train=238s eval=4s vram=6.95G 242.1s | session 1.30h\n"}
,{"stream_name":"stdout","time":4948.072732417,"data":"[r017] f1_macro=0.758862 acc=0.744165 f1_w=0.743383 | lr=7.62e-04 loss=0.0992±0.0314 gnorm=0.830 skip=46/84083 | train=236s eval=4s vram=6.95G 240.1s | session 1.37h\n"}
,{"stream_name":"stdout","time":5191.339268207,"data":"[r018] f1_macro=0.764108 acc=0.747364 f1_w=0.746313 | lr=7.34e-04 loss=0.0980±0.0313 gnorm=0.830 skip=47/84083 | train=239s eval=4s vram=6.95G 243.3s | session 1.44h\n"}
,{"stream_name":"stdout","time":5433.521947362,"data":"[r019] f1_macro=0.751837 acc=0.739793 f1_w=0.739809 | lr=7.05e-04 loss=0.0970±0.0311 gnorm=0.829 skip=49/84083 | train=238s eval=4s vram=6.95G 242.2s | session 1.51h\n"}
,{"stream_name":"stdout","time":5676.344817186,"data":"[r020] f1_macro=0.767510 acc=0.745952 f1_w=0.745706 | lr=6.76e-04 loss=0.0963±0.0309 gnorm=0.832 skip=51/84083 | train=239s eval=4s vram=6.95G 242.8s | session 1.57h\n"}
,{"stream_name":"stdout","time":5916.596146281,"data":"[r021] f1_macro=0.754218 acc=0.732846 f1_w=0.734519 | lr=6.46e-04 loss=0.0956±0.0309 gnorm=0.834 skip=49/84083 | train=236s eval=4s vram=6.95G 240.2s | session 1.64h\n"}
,{"stream_name":"stdout","time":6156.365771758,"data":"[r022] f1_macro=0.764849 acc=0.745657 f1_w=0.745756 | lr=6.15e-04 loss=0.0947±0.0305 gnorm=0.841 skip=49/84083 | train=236s eval=4s vram=6.95G 239.7s | session 1.71h\n"}
,{"stream_name":"stdout","time":6394.716247351,"data":"[r023] f1_macro=0.767212 acc=0.745505 f1_w=0.745561 | lr=5.84e-04 loss=0.0940±0.0303 gnorm=0.848 skip=51/84083 | train=234s eval=4s vram=6.95G 238.3s | session 1.77h\n"}
,{"stream_name":"stdout","time":6645.854284232,"data":"[r024] f1_macro=0.762548 acc=0.742498 f1_w=0.744524 | lr=5.53e-04 loss=0.0937±0.0304 gnorm=0.856 skip=48/84083 | train=247s eval=4s vram=6.95G 251.1s | session 1.84h\n"}
,{"stream_name":"stdout","time":6901.413277072,"data":"[r025] f1_macro=0.769115 acc=0.750895 f1_w=0.751482 | lr=5.21e-04 loss=0.0930±0.0302 gnorm=0.865 skip=51/84083 | train=251s eval=4s vram=6.95G 255.5s | session 1.91h\n"}
,{"stream_name":"stdout","time":7169.384322501,"data":"[r026] f1_macro=0.765745 acc=0.744408 f1_w=0.744468 | lr=4.89e-04 loss=0.0928±0.0302 gnorm=0.872 skip=51/84083 | train=264s eval=4s vram=6.95G 268.0s | session 1.99h\n"}
,{"stream_name":"stdout","time":7426.466022225,"data":"[r027] f1_macro=0.772526 acc=0.754074 f1_w=0.755838 | lr=4.57e-04 loss=0.0925±0.0301 gnorm=0.886 skip=50/84083 | train=253s eval=4s vram=6.95G 257.1s | session 2.06h\n"}
,{"stream_name":"stdout","time":7674.214277871,"data":"[r028] f1_macro=0.761383 acc=0.746155 f1_w=0.748962 | lr=4.26e-04 loss=0.0923±0.0302 gnorm=0.899 skip=50/84083 | train=244s eval=4s vram=6.95G 247.7s | session 2.13h\n"}
,{"stream_name":"stdout","time":7919.466950043,"data":"[r029] f1_macro=0.771828 acc=0.754914 f1_w=0.755896 | lr=3.95e-04 loss=0.0925±0.0303 gnorm=0.914 skip=58/84083 | train=241s eval=4s vram=6.95G 245.2s | session 2.20h\n"}
,{"stream_name":"stdout","time":8163.049247293,"data":"[r030] f1_macro=0.768546 acc=0.751374 f1_w=0.752026 | lr=3.64e-04 loss=0.0925±0.0304 gnorm=0.929 skip=52/84083 | train=239s eval=4s vram=6.95G 243.6s | session 2.26h\n"}
,{"stream_name":"stdout","time":8410.012004844,"data":"[r031] f1_macro=0.767563 acc=0.749564 f1_w=0.751037 | lr=3.34e-04 loss=0.0927±0.0304 gnorm=0.944 skip=52/84083 | train=243s eval=4s vram=6.95G 246.9s | session 2.33h\n"}
,{"stream_name":"stdout","time":8674.058041468,"data":"[r032] f1_macro=0.771689 acc=0.752894 f1_w=0.754323 | lr=3.05e-04 loss=0.0930±0.0306 gnorm=0.961 skip=52/84083 | train=260s eval=4s vram=6.95G 264.0s | session 2.41h\n"}
,{"stream_name":"stdout","time":8945.596054665,"data":"[r033] f1_macro=0.773717 acc=0.752475 f1_w=0.753613 | lr=2.76e-04 loss=0.0936±0.0310 gnorm=0.981 skip=58/84083 | train=267s eval=4s vram=6.95G 271.5s | session 2.48h\n"}
,{"stream_name":"stdout","time":9222.528968361,"data":"[r034] f1_macro=0.776333 acc=0.753112 f1_w=0.753767 | lr=2.48e-04 loss=0.0943±0.0313 gnorm=1.002 skip=58/84083 | train=273s eval=4s vram=6.95G 276.9s | session 2.56h\n"}
,{"stream_name":"stdout","time":9503.184191846,"data":"[r035] f1_macro=0.772583 acc=0.753247 f1_w=0.754837 | lr=2.22e-04 loss=0.0952±0.0316 gnorm=1.026 skip=55/84083 | train=276s eval=4s vram=6.95G 280.6s | session 2.64h\n"}
,{"stream_name":"stdout","time":9785.465550608,"data":"[r036] f1_macro=0.777278 acc=0.755243 f1_w=0.756627 | lr=1.96e-04 loss=0.0964±0.0321 gnorm=1.051 skip=58/84083 | train=278s eval=4s vram=6.95G 282.3s | session 2.71h\n"}
,{"stream_name":"stdout","time":10068.484871297,"data":"[r037] f1_macro=0.779881 acc=0.755512 f1_w=0.756435 | lr=1.72e-04 loss=0.0979±0.0328 gnorm=1.080 skip=62/84083 | train=279s eval=4s vram=6.95G 283.0s | session 2.79h\n"}
,{"stream_name":"stdout","time":10341.433319679,"data":"[r038] f1_macro=0.776227 acc=0.754377 f1_w=0.756085 | lr=1.49e-04 loss=0.0998±0.0336 gnorm=1.111 skip=57/84083 | train=269s eval=4s vram=6.95G 272.9s | session 2.87h\n"}
,{"stream_name":"stdout","time":10608.189061083,"data":"[r039] f1_macro=0.777469 acc=0.757498 f1_w=0.759222 | lr=1.28e-04 loss=0.1018±0.0343 gnorm=1.146 skip=61/84083 | train=263s eval=4s vram=6.95G 266.7s | session 2.94h\n"}
,{"stream_name":"stdout","time":10865.887437532,"data":"[r040] f1_macro=0.779756 acc=0.759181 f1_w=0.761376 | lr=1.08e-04 loss=0.1047±0.0356 gnorm=1.182 skip=61/84083 | train=254s eval=4s vram=6.95G 257.7s | session 3.02h\n"}
,{"stream_name":"stdout","time":11130.382335806,"data":"[r041] f1_macro=0.777716 acc=0.756964 f1_w=0.759196 | lr=9.01e-05 loss=0.1078±0.0367 gnorm=1.221 skip=59/84083 | train=260s eval=4s vram=6.95G 264.5s | session 3.09h\n"}
,{"stream_name":"stdout","time":11386.68305129,"data":"[r042] f1_macro=0.777569 acc=0.757822 f1_w=0.760990 | lr=7.37e-05 loss=0.1119±0.0385 gnorm=1.269 skip=57/84083 | train=252s eval=4s vram=6.95G 256.3s | session 3.16h\n"}
,{"stream_name":"stdout","time":11639.032705226,"data":"[r043] f1_macro=0.780050 acc=0.761663 f1_w=0.764757 | lr=5.90e-05 loss=0.1169±0.0407 gnorm=1.325 skip=63/84083 | train=248s eval=4s vram=6.95G 252.3s | session 3.23h\n"}
,{"stream_name":"stdout","time":11887.702250016,"data":"[r044] f1_macro=0.773561 acc=0.758856 f1_w=0.761204 | lr=4.62e-05 loss=0.1231±0.0430 gnorm=1.391 skip=59/84083 | train=245s eval=4s vram=6.95G 248.6s | session 3.30h\n"}
,{"stream_name":"stdout","time":12135.276426237,"data":"[r045] f1_macro=0.783834 acc=0.765839 f1_w=0.770099 | lr=3.52e-05 loss=0.1304±0.0461 gnorm=1.471 skip=62/84083 | train=243s eval=4s vram=6.95G 247.6s | session 3.37h\n"}
,{"stream_name":"stdout","time":12379.023835582,"data":"[r046] f1_macro=0.784606 acc=0.768350 f1_w=0.773194 | lr=2.62e-05 loss=0.1398±0.0502 gnorm=1.566 skip=63/84083 | train=240s eval=4s vram=6.95G 243.7s | session 3.44h\n"}
,{"stream_name":"stdout","time":12619.870709704,"data":"[r047] f1_macro=0.781787 acc=0.768109 f1_w=0.773406 | lr=1.91e-05 loss=0.1507±0.0551 gnorm=1.680 skip=62/84083 | train=237s eval=4s vram=6.95G 240.8s | session 3.50h\n"}
,{"stream_name":"stdout","time":12858.67477709,"data":"[r048] f1_macro=0.788916 acc=0.773952 f1_w=0.779950 | lr=1.41e-05 loss=0.1630±0.0607 gnorm=1.806 skip=64/84083 | train=235s eval=4s vram=6.95G 238.8s | session 3.57h\n"}
,{"stream_name":"stdout","time":13098.34598945,"data":"[r049] f1_macro=0.791362 acc=0.778844 f1_w=0.784906 | lr=1.10e-05 loss=0.1727±0.0652 gnorm=1.905 skip=64/84083 | train=236s eval=4s vram=6.95G 239.6s | session 3.64h\n"}
,{"stream_name":"stdout","time":13338.897629178,"data":"[r050] f1_macro=0.791712 acc=0.779099 f1_w=0.785349 | lr=1.00e-05 loss=0.1757±0.0667 gnorm=1.921 skip=62/84083 | train=236s eval=4s vram=6.95G 240.5s | session 3.70h\n"}
,{"stream_name":"stdout","time":13342.041592767,"data":"\n"}
,{"stream_name":"stdout","time":13342.041671996,"data":"completed 50 rounds this session\n"}
,{"stream_name":"stdout","time":13347.701246071,"data":"run      : /kaggle/working/runs/lwfednids_20c\n"}
,{"stream_name":"stdout","time":13347.701285328,"data":"complete : rounds 1..50   (mode: full)\n"}
,{"stream_name":"stdout","time":13347.701289767,"data":"artifacts: 1 prediction files, 50 client logs\n"}
,{"stream_name":"stdout","time":13347.701293456,"data":"  all artifact checks passed\n"}
,{"stream_name":"stderr","time":13348.742052048,"data":"\u001b[34m\u001b[1mwandb\u001b[0m: updating run metadata\n"}
,{"stream_name":"stderr","time":13348.742086839,"data":"\n"}
,{"stream_name":"stderr","time":13348.742092887,"data":"\u001b[34m\u001b[1mwandb\u001b[0m: updating run metadata\n"}
,{"stream_name":"stdout","time":13348.830636314,"data":"\n"}
,{"stream_name":"stdout","time":13348.830655799,"data":"rounds verified : 50 / 50\n"}
,{"stream_name":"stdout","time":13348.83065968,"data":"\n"}
,{"stream_name":"stdout","time":13348.830662804,"data":"result at round 50 (global model, sparsity 0.7, 35,891 params, 0.141 MiB on the wire):\n"}
,{"stream_name":"stdout","time":13348.830666069,"data":"  accuracy             0.779099\n"}
,{"stream_name":"stdout","time":13348.830669094,"data":"  precision_macro      0.807969\n"}
,{"stream_name":"stdout","time":13348.830672174,"data":"  precision_micro      0.779099\n"}
,{"stream_name":"stdout","time":13348.830675103,"data":"  precision_weighted   0.808533\n"}
,{"stream_name":"stdout","time":13348.830693719,"data":"  recall_macro         0.795028\n"}
,{"stream_name":"stdout","time":13348.830698965,"data":"  recall_micro         0.779099\n"}
,{"stream_name":"stdout","time":13348.830703826,"data":"  recall_weighted      0.779099\n"}
,{"stream_name":"stdout","time":13348.8307086,"data":"  f1_macro             0.791712\n"}
,{"stream_name":"stdout","time":13348.830713368,"data":"  f1_micro             0.779099\n"}
,{"stream_name":"stdout","time":13348.830717579,"data":"  f1_weighted          0.785349\n"}
,{"stream_name":"stdout","time":13348.830721929,"data":"  loss over clients    mean 0.1757 std 0.0667 min 0.0580 max 0.3116\n"}
,{"stream_name":"stdout","time":13348.830728099,"data":"\n"}
,{"stream_name":"stdout","time":13348.830734957,"data":"[descriptive only] best f1_macro 0.791712 at round 50 — picked on test, not a reported result\n"}
,{"stream_name":"stdout","time":13348.830738669,"data":"\n"}
,{"stream_name":"stdout","time":13348.830741551,"data":"backend  : train compiled | eval compiled\n"}
,{"stream_name":"stdout","time":13348.830744516,"data":"session  : 50 round(s) here | startup+prepack+compile 5.1 min | verify and W\u0026B are outside this figure\n"}
,{"stream_name":"stdout","time":13348.830747851,"data":"timing   : rounds [239, 240, 241]s | steady 258s/round = train 254s + eval 4s + commit\n"}
,{"stream_name":"stdout","time":13348.830750794,"data":"VRAM     : train 6.95 GiB/GPU | eval 6.97 GiB/GPU (of 16)\n"}
,{"stream_name":"stdout","time":13348.830753769,"data":"projected: 50 rounds = 3.67 h (3.59 h of rounds + 0.08 h startup)\n"}
,{"stream_name":"stderr","time":13349.144556743,"data":"\u001b[34m\u001b[1mwandb\u001b[0m: uploading history steps 49-49, summary, console lines 73-95\n"}
,{"stream_name":"stderr","time":13349.144616512,"data":"\n"}
,{"stream_name":"stderr","time":13349.144622491,"data":"\u001b[34m\u001b[1mwandb\u001b[0m: uploading history steps 49-49, summary, console lines 73-95\n"}
,{"stream_name":"stderr","time":13349.236366581,"data":"\u001b[34m\u001b[1mwandb\u001b[0m: \n"}
,{"stream_name":"stderr","time":13349.236389712,"data":"\u001b[34m\u001b[1mwandb\u001b[0m: Run history:\n"}
,{"stream_name":"stderr","time":13349.236408571,"data":"\u001b[34m\u001b[1mwandb\u001b[0m:          accuracy ▁██████▇█▇▇██▇██▇██▇▇███████████████████\n"}
,{"stream_name":"stderr","time":13349.236413788,"data":"\u001b[34m\u001b[1mwandb\u001b[0m:           applied ██▅▃▄▄▅▄▅▅▅▅▄▅▅▅▄▅▅▄▄▄▄▄▂▄▄▂▃▂▃▂▂▂▃▂▁▁▁▁\n"}
,{"stream_name":"stderr","time":13349.236418207,"data":"\u001b[34m\u001b[1mwandb\u001b[0m:          comm_mib ▁▁▁▁▁▁▁▁▁▁▁▁▁▁▁▁▁▁▁▁▁▁▁▁▁▁▁▁▁▁▁▁▁▁▁▁▁▁▁▁\n"}
,{"stream_name":"stderr","time":13349.236422183,"data":"\u001b[34m\u001b[1mwandb\u001b[0m:          eval_sec █▁▂▂▁▁▂▁▂▁▁▁▁▁▁▁▁▁▁▂▁▂▁▁▁▁▁▂▂▁▂▁▂▂▁▁▂▁▁▁\n"}
,{"stream_name":"stderr","time":13349.236426119,"data":"\u001b[34m\u001b[1mwandb\u001b[0m:          f1_macro ▁▅▆▆▇▇▇▆▆▆▆▆▇▆▇▇▆▇▇▇▇▇▆▇▇▇▇▇▇▇▇▇▇▇▇█████\n"}
,{"stream_name":"stderr","time":13349.236429884,"data":"\u001b[34m\u001b[1mwandb\u001b[0m:          f1_micro ▁██████▇█▇▇██▇██▇██▇▇███████████████████\n"}
,{"stream_name":"stderr","time":13349.236433894,"data":"\u001b[34m\u001b[1mwandb\u001b[0m:       f1_weighted ▁▇█████▇▇▇▇▇▇█▇▇▇▇▇█████████████████████\n"}
,{"stream_name":"stderr","time":13349.236437748,"data":"\u001b[34m\u001b[1mwandb\u001b[0m:  gnorm_client_max ▄▄▅▄▄▃▂▂▂▂▁▁▁▁▁▁▁▁▁▁▁▁▁▁▁▂▂▂▂▂▃▃▃▄▄▅▆▆▇█\n"}
,{"stream_name":"stderr","time":13349.236441529,"data":"\u001b[34m\u001b[1mwandb\u001b[0m: gnorm_client_mean ▄▄▄▃▃▂▂▂▁▁▁▁▁▁▁▁▁▁▁▁▁▁▂▂▂▂▂▂▂▃▃▃▄▄▄▅▆▆▇█\n"}
,{"stream_name":"stderr","time":13349.236445549,"data":"\u001b[34m\u001b[1mwandb\u001b[0m:  gnorm_client_min ▄▅▅▄▃▂▂▂▁▁▁▁▁▁▁▁▁▁▁▁▁▂▂▂▂▂▂▂▃▃▃▃▄▄▅▆▆▇▇█\n"}
,{"stream_name":"stderr","time":13349.236450197,"data":"\u001b[34m\u001b[1mwandb\u001b[0m:               +22 ...\n"}
,{"stream_name":"stderr","time":13349.236454341,"data":"\u001b[34m\u001b[1mwandb\u001b[0m: \n"}
,{"stream_name":"stderr","time":13349.236457662,"data":"\u001b[34m\u001b[1mwandb\u001b[0m: Run summary:\n"}
,{"stream_name":"stderr","time":13349.236461468,"data":"\u001b[34m\u001b[1mwandb\u001b[0m:         accuracy 0.7791\n"}
,{"stream_name":"stderr","time":13349.236465617,"data":"\u001b[34m\u001b[1mwandb\u001b[0m:          applied 84021\n"}
,{"stream_name":"stderr","time":13349.236468997,"data":"\u001b[34m\u001b[1mwandb\u001b[0m:          backend compiled\n"}
,{"stream_name":"stderr","time":13349.236472514,"data":"\u001b[34m\u001b[1mwandb\u001b[0m:     backend_eval compiled\n"}
,{"stream_name":"stderr","time":13349.236475965,"data":"\u001b[34m\u001b[1mwandb\u001b[0m:         comm_mib 5.62531\n"}
,{"stream_name":"stderr","time":13349.236479425,"data":"\u001b[34m\u001b[1mwandb\u001b[0m:         eval_sec 4.05443\n"}
,{"stream_name":"stderr","time":13349.23648506,"data":"\u001b[34m\u001b[1mwandb\u001b[0m:         f1_macro 0.79171\n"}
,{"stream_name":"stderr","time":13349.236488883,"data":"\u001b[34m\u001b[1mwandb\u001b[0m:         f1_micro 0.7791\n"}
,{"stream_name":"stderr","time":13349.236492438,"data":"\u001b[34m\u001b[1mwandb\u001b[0m:      f1_weighted 0.78535\n"}
,{"stream_name":"stderr","time":13349.236496012,"data":"\u001b[34m\u001b[1mwandb\u001b[0m: gnorm_client_max 3.06149\n"}
,{"stream_name":"stderr","time":13349.236511802,"data":"\u001b[34m\u001b[1mwandb\u001b[0m:              +24 ...\n"}
,{"stream_name":"stderr","time":13349.236515726,"data":"\u001b[34m\u001b[1mwandb\u001b[0m: \n"}
,{"stream_name":"stderr","time":13349.236519777,"data":"\n"}
,{"stream_name":"stderr","time":13349.236523439,"data":"\u001b[34m\u001b[1mwandb\u001b[0m: \n"}
,{"stream_name":"stderr","time":13349.236527869,"data":"\u001b[34m\u001b[1mwandb\u001b[0m: Run history:\n"}
,{"stream_name":"stderr","time":13349.236531809,"data":"\u001b[34m\u001b[1mwandb\u001b[0m:          accuracy ▁██████▇█▇▇██▇██▇██▇▇███████████████████\n"}
,{"stream_name":"stderr","time":13349.236535858,"data":"\u001b[34m\u001b[1mwandb\u001b[0m:           applied ██▅▃▄▄▅▄▅▅▅▅▄▅▅▅▄▅▅▄▄▄▄▄▂▄▄▂▃▂▃▂▂▂▃▂▁▁▁▁\n"}
,{"stream_name":"stderr","time":13349.236539928,"data":"\u001b[34m\u001b[1mwandb\u001b[0m:          comm_mib ▁▁▁▁▁▁▁▁▁▁▁▁▁▁▁▁▁▁▁▁▁▁▁▁▁▁▁▁▁▁▁▁▁▁▁▁▁▁▁▁\n"}
,{"stream_name":"stderr","time":13349.236543907,"data":"\u001b[34m\u001b[1mwandb\u001b[0m:          eval_sec █▁▂▂▁▁▂▁▂▁▁▁▁▁▁▁▁▁▁▂▁▂▁▁▁▁▁▂▂▁▂▁▂▂▁▁▂▁▁▁\n"}
,{"stream_name":"stderr","time":13349.236547869,"data":"\u001b[34m\u001b[1mwandb\u001b[0m:          f1_macro ▁▅▆▆▇▇▇▆▆▆▆▆▇▆▇▇▆▇▇▇▇▇▆▇▇▇▇▇▇▇▇▇▇▇▇█████\n"}
,{"stream_name":"stderr","time":13349.236551726,"data":"\u001b[34m\u001b[1mwandb\u001b[0m:          f1_micro ▁██████▇█▇▇██▇██▇██▇▇███████████████████\n"}
,{"stream_name":"stderr","time":13349.236557121,"data":"\u001b[34m\u001b[1mwandb\u001b[0m:       f1_weighted ▁▇█████▇▇▇▇▇▇█▇▇▇▇▇█████████████████████\n"}
,{"stream_name":"stderr","time":13349.236560868,"data":"\u001b[34m\u001b[1mwandb\u001b[0m:  gnorm_client_max ▄▄▅▄▄▃▂▂▂▂▁▁▁▁▁▁▁▁▁▁▁▁▁▁▁▂▂▂▂▂▃▃▃▄▄▅▆▆▇█\n"}
,{"stream_name":"stderr","time":13349.236565,"data":"\u001b[34m\u001b[1mwandb\u001b[0m: gnorm_client_mean ▄▄▄▃▃▂▂▂▁▁▁▁▁▁▁▁▁▁▁▁▁▁▂▂▂▂▂▂▂▃▃▃▄▄▄▅▆▆▇█\n"}
,{"stream_name":"stderr","time":13349.236570408,"data":"\u001b[34m\u001b[1mwandb\u001b[0m:  gnorm_client_min ▄▅▅▄▃▂▂▂▁▁▁▁▁▁▁▁▁▁▁▁▁▂▂▂▂▂▂▂▃▃▃▃▄▄▅▆▆▇▇█\n"}
,{"stream_name":"stderr","time":13349.236574778,"data":"\u001b[34m\u001b[1mwandb\u001b[0m:               +22 ...\n"}
,{"stream_name":"stderr","time":13349.236578768,"data":"\u001b[34m\u001b[1mwandb\u001b[0m: \n"}
,{"stream_name":"stderr","time":13349.236582495,"data":"\u001b[34m\u001b[1mwandb\u001b[0m: Run summary:\n"}
,{"stream_name":"stderr","time":13349.236585828,"data":"\u001b[34m\u001b[1mwandb\u001b[0m:         accuracy 0.7791\n"}
,{"stream_name":"stderr","time":13349.236589723,"data":"\u001b[34m\u001b[1mwandb\u001b[0m:          applied 84021\n"}
,{"stream_name":"stderr","time":13349.236594681,"data":"\u001b[34m\u001b[1mwandb\u001b[0m:          backend compiled\n"}
,{"stream_name":"stderr","time":13349.236598885,"data":"\u001b[34m\u001b[1mwandb\u001b[0m:     backend_eval compiled\n"}
,{"stream_name":"stderr","time":13349.23660238,"data":"\u001b[34m\u001b[1mwandb\u001b[0m:         comm_mib 5.62531\n"}
,{"stream_name":"stderr","time":13349.236605942,"data":"\u001b[34m\u001b[1mwandb\u001b[0m:         eval_sec 4.05443\n"}
,{"stream_name":"stderr","time":13349.236613514,"data":"\u001b[34m\u001b[1mwandb\u001b[0m:         f1_macro 0.79171\n"}
,{"stream_name":"stderr","time":13349.236617148,"data":"\u001b[34m\u001b[1mwandb\u001b[0m:         f1_micro 0.7791\n"}
,{"stream_name":"stderr","time":13349.236620521,"data":"\u001b[34m\u001b[1mwandb\u001b[0m:      f1_weighted 0.78535\n"}
,{"stream_name":"stderr","time":13349.236623955,"data":"\u001b[34m\u001b[1mwandb\u001b[0m: gnorm_client_max 3.06149\n"}
,{"stream_name":"stderr","time":13349.236627334,"data":"\u001b[34m\u001b[1mwandb\u001b[0m:              +24 ...\n"}
,{"stream_name":"stderr","time":13349.236630792,"data":"\u001b[34m\u001b[1mwandb\u001b[0m: \n"}
,{"stream_name":"stderr","time":13349.237792959,"data":"\u001b[34m\u001b[1mwandb\u001b[0m: 🚀 View run \u001b[33mlwfednids_20c\u001b[0m at: \u001b[34m\u001b[4mhttps://wandb.ai/21522798-uit/lwfednids-veremi/runs/lwfednids_20c\u001b[0m\n"}
,{"stream_name":"stderr","time":13349.237813508,"data":"\u001b[34m\u001b[1mwandb\u001b[0m: ⭐️ View project at: \u001b[34m\u001b[4mhttps://wandb.ai/21522798-uit/lwfednids-veremi\u001b[0m\n"}
,{"stream_name":"stderr","time":13349.237819847,"data":"\u001b[34m\u001b[1mwandb\u001b[0m: Synced 5 W\u0026B file(s), 0 media file(s), 0 artifact file(s) and 0 other file(s)\n"}
,{"stream_name":"stderr","time":13349.237824732,"data":"\n"}
,{"stream_name":"stderr","time":13349.237828604,"data":"\u001b[34m\u001b[1mwandb\u001b[0m: 🚀 View run \u001b[33mlwfednids_20c\u001b[0m at: \u001b[34m\u001b[4mhttps://wandb.ai/21522798-uit/lwfednids-veremi/runs/lwfednids_20c\u001b[0m\n"}
,{"stream_name":"stderr","time":13349.237833459,"data":"\u001b[34m\u001b[1mwandb\u001b[0m: ⭐️ View project at: \u001b[34m\u001b[4mhttps://wandb.ai/21522798-uit/lwfednids-veremi\u001b[0m\n"}
,{"stream_name":"stderr","time":13349.237838456,"data":"\u001b[34m\u001b[1mwandb\u001b[0m: Synced 5 W\u0026B file(s), 0 media file(s), 0 artifact file(s) and 0 other file(s)\n"}
,{"stream_name":"stderr","time":13349.239282004,"data":"\u001b[34m\u001b[1mwandb\u001b[0m: Find logs at: \u001b[35m\u001b[1m./wandb/run-20260922_080235-lwfednids_20c/logs\u001b[0m\n"}
,{"stream_name":"stderr","time":13349.23929674,"data":"\n"}
,{"stream_name":"stderr","time":13349.239301193,"data":"\u001b[34m\u001b[1mwandb\u001b[0m: Find logs at: \u001b[35m\u001b[1m./wandb/run-20260922_080235-lwfednids_20c/logs\u001b[0m\n"}
,{"stream_name":"stderr","time":13354.337622285,"data":"/usr/local/lib/python3.12/dist-packages/mistune.py:435: SyntaxWarning: invalid escape sequence '\\|'\n"}
,{"stream_name":"stderr","time":13354.33765081,"data":"  cells[i][c] = re.sub('\\\\\\\\\\|', '|', cell)\n"}
,{"stream_name":"stderr","time":13354.49310634,"data":"/usr/local/lib/python3.12/dist-packages/nbconvert/filters/filter_links.py:36: SyntaxWarning: invalid escape sequence '\\_'\n"}
,{"stream_name":"stderr","time":13354.493130238,"data":"  text = re.sub(r'_', '\\_', text) # Escape underscores in display text\n"}
,{"stream_name":"stderr","time":13355.073573315,"data":"[NbConvertApp] Converting notebook __notebook__.ipynb to notebook\n"}
,{"stream_name":"stderr","time":13355.383132106,"data":"[NbConvertApp] Writing 184065 bytes to __notebook__.ipynb\n"}
,{"stream_name":"stderr","time":13357.69733273,"data":"[NbConvertApp] Converting notebook __notebook__.ipynb to html\n"}
,{"stream_name":"stderr","time":13358.894783613,"data":"[NbConvertApp] Writing 908443 bytes to __results__.html\n"}
]